src/components/auth/LoginForm.tsx(98,13): error TS1005: '}' expected.
src/components/ui/Badge/__tests__/BlockchainProofIndicator.test.tsx(302,14): error TS1005: ',' expected.
src/components/ui/Badge/__tests__/BlockchainProofIndicator.test.tsx(321,14): error TS1005: ',' expected.
src/components/ui/Badge/__tests__/VerificationBadge.test.tsx(280,6): error TS1128: Declaration or statement expected.
src/components/ui/Badge/__tests__/VerificationBadge.test.tsx(311,8): error TS1128: Declaration or statement expected.
src/components/ui/Badge/__tests__/VerificationBadge.test.tsx(315,1): error TS1128: Declaration or statement expected.
src/components/ui/BrowserCompatibility/BrowserCompatibility.tsx(15,14): error TS1005: ';' expected.
src/components/ui/BrowserCompatibility/BrowserCompatibility.tsx(55,43): error TS1005: '}' expected.
src/components/ui/BrowserCompatibility/BrowserCompatibility.tsx(55,45): error TS1005: '...' expected.
src/components/ui/BrowserCompatibility/BrowserCompatibility.tsx(55,55): error TS1003: Identifier expected.
src/components/ui/BrowserCompatibility/BrowserCompatibility.tsx(55,56): error TS1109: Expression expected.
src/components/ui/BrowserCompatibility/BrowserCompatibility.tsx(57,12): error TS1005: ';' expected.
src/components/ui/BrowserCompatibility/BrowserCompatibility.tsx(57,24): error TS1005: ',' expected.
src/components/ui/BrowserCompatibility/BrowserCompatibility.tsx(57,27): error TS1005: ';' expected.
src/components/ui/BrowserCompatibility/BrowserCompatibility.tsx(57,38): error TS1005: ';' expected.
src/components/ui/BrowserCompatibility/BrowserCompatibility.tsx(57,45): error TS1434: Unexpected keyword or identifier.
src/components/ui/BrowserCompatibility/BrowserCompatibility.tsx(57,87): error TS1005: ';' expected.
src/components/ui/BrowserCompatibility/BrowserCompatibility.tsx(68,39): error TS1005: '}' expected.
src/components/ui/BrowserCompatibility/BrowserCompatibility.tsx(68,41): error TS1005: '...' expected.
src/components/ui/BrowserCompatibility/BrowserCompatibility.tsx(68,75): error TS1003: Identifier expected.
src/components/ui/BrowserCompatibility/BrowserCompatibility.tsx(68,76): error TS1382: Unexpected token. Did you mean `{'>'}` or `&gt;`?
src/components/ui/BrowserCompatibility/BrowserCompatibility.tsx(83,9): error TS1128: Declaration or statement expected.
src/components/ui/BrowserCompatibility/BrowserCompatibility.tsx(86,14): error TS1005: ';' expected.
src/components/ui/BrowserCompatibility/BrowserCompatibility.tsx(88,13): error TS1003: Identifier expected.
src/components/ui/BrowserCompatibility/BrowserCompatibility.tsx(88,18): error TS1005: ',' expected.
src/components/ui/BrowserCompatibility/BrowserCompatibility.tsx(92,15): error TS1005: ',' expected.
src/components/ui/BrowserCompatibility/BrowserCompatibility.tsx(92,20): error TS1005: ',' expected.
src/components/ui/BrowserCompatibility/BrowserCompatibility.tsx(92,28): error TS1005: ',' expected.
src/components/ui/BrowserCompatibility/BrowserCompatibility.tsx(92,31): error TS1005: ',' expected.
src/components/ui/BrowserCompatibility/BrowserCompatibility.tsx(92,37): error TS1005: ',' expected.
src/components/ui/BrowserCompatibility/BrowserCompatibility.tsx(92,48): error TS1005: ',' expected.
src/components/ui/BrowserCompatibility/BrowserCompatibility.tsx(92,53): error TS1005: ':' expected.
src/components/ui/BrowserCompatibility/BrowserCompatibility.tsx(93,13): error TS1005: ',' expected.
src/components/ui/BrowserCompatibility/BrowserCompatibility.tsx(93,18): error TS1005: ',' expected.
src/components/ui/BrowserCompatibility/BrowserCompatibility.tsx(94,11): error TS1109: Expression expected.
src/components/ui/BrowserCompatibility/BrowserCompatibility.tsx(94,13): error TS1128: Declaration or statement expected.
src/components/ui/BrowserCompatibility/BrowserCompatibility.tsx(101,12): error TS1128: Declaration or statement expected.
src/components/ui/BrowserCompatibility/BrowserCompatibility.tsx(102,9): error TS1128: Declaration or statement expected.
src/components/ui/BrowserCompatibility/BrowserCompatibility.tsx(103,7): error TS1109: Expression expected.
src/components/ui/BrowserCompatibility/BrowserCompatibility.tsx(107,9): error TS2657: JSX expressions must have one parent element.
src/components/ui/BrowserCompatibility/BrowserCompatibility.tsx(110,13): error TS2657: JSX expressions must have one parent element.
src/components/ui/BrowserCompatibility/BrowserCompatibility.tsx(125,41): error TS1005: '}' expected.
src/components/ui/BrowserCompatibility/BrowserCompatibility.tsx(125,43): error TS1005: '...' expected.
src/components/ui/BrowserCompatibility/BrowserCompatibility.tsx(125,114): error TS1003: Identifier expected.
src/components/ui/BrowserCompatibility/BrowserCompatibility.tsx(125,115): error TS1382: Unexpected token. Did you mean `{'>'}` or `&gt;`?
src/components/ui/BrowserCompatibility/BrowserCompatibility.tsx(127,21): error TS17002: Expected corresponding JSX closing tag for 'div'.
src/components/ui/BrowserCompatibility/BrowserCompatibility.tsx(131,41): error TS1005: '}' expected.
src/components/ui/BrowserCompatibility/BrowserCompatibility.tsx(131,43): error TS1005: '...' expected.
src/components/ui/BrowserCompatibility/BrowserCompatibility.tsx(131,105): error TS1003: Identifier expected.
src/components/ui/BrowserCompatibility/BrowserCompatibility.tsx(131,106): error TS1382: Unexpected token. Did you mean `{'>'}` or `&gt;`?
src/components/ui/BrowserCompatibility/BrowserCompatibility.tsx(133,21): error TS17002: Expected corresponding JSX closing tag for 'div'.
src/components/ui/BrowserCompatibility/BrowserCompatibility.tsx(137,41): error TS1005: '}' expected.
src/components/ui/BrowserCompatibility/BrowserCompatibility.tsx(137,43): error TS1005: '...' expected.
src/components/ui/BrowserCompatibility/BrowserCompatibility.tsx(137,109): error TS1003: Identifier expected.
src/components/ui/BrowserCompatibility/BrowserCompatibility.tsx(137,110): error TS1382: Unexpected token. Did you mean `{'>'}` or `&gt;`?
src/components/ui/BrowserCompatibility/BrowserCompatibility.tsx(139,21): error TS17002: Expected corresponding JSX closing tag for 'div'.
src/components/ui/BrowserCompatibility/BrowserCompatibility.tsx(140,17): error TS1005: ')' expected.
src/components/ui/BrowserCompatibility/BrowserCompatibility.tsx(143,41): error TS1005: '}' expected.
src/components/ui/BrowserCompatibility/BrowserCompatibility.tsx(143,43): error TS1005: '...' expected.
src/components/ui/BrowserCompatibility/BrowserCompatibility.tsx(143,113): error TS1003: Identifier expected.
src/components/ui/BrowserCompatibility/BrowserCompatibility.tsx(143,114): error TS1382: Unexpected token. Did you mean `{'>'}` or `&gt;`?
src/components/ui/BrowserCompatibility/BrowserCompatibility.tsx(145,21): error TS17002: Expected corresponding JSX closing tag for 'div'.
src/components/ui/BrowserCompatibility/BrowserCompatibility.tsx(146,17): error TS1005: ')' expected.
src/components/ui/BrowserCompatibility/BrowserCompatibility.tsx(147,15): error TS1109: Expression expected.
src/components/ui/BrowserCompatibility/BrowserCompatibility.tsx(148,13): error TS1109: Expression expected.
src/components/ui/BrowserCompatibility/BrowserCompatibility.tsx(149,11): error TS1109: Expression expected.
src/components/ui/BrowserCompatibility/BrowserCompatibility.tsx(177,38): error TS1005: '}' expected.
src/components/ui/BrowserCompatibility/BrowserCompatibility.tsx(177,39): error TS1005: '...' expected.
src/components/ui/BrowserCompatibility/BrowserCompatibility.tsx(177,50): error TS1003: Identifier expected.
src/components/ui/BrowserCompatibility/BrowserCompatibility.tsx(178,25): error TS2657: JSX expressions must have one parent element.
src/components/ui/BrowserCompatibility/BrowserCompatibility.tsx(182,23): error TS1128: Declaration or statement expected.
src/components/ui/BrowserCompatibility/BrowserCompatibility.tsx(193,17): error TS1381: Unexpected token. Did you mean `{'}'}` or `&rbrace;`?
src/components/ui/BrowserCompatibility/BrowserCompatibility.tsx(193,19): error TS1381: Unexpected token. Did you mean `{'}'}` or `&rbrace;`?
src/components/ui/BrowserCompatibility/BrowserCompatibility.tsx(195,13): error TS1005: ')' expected.
src/components/ui/BrowserCompatibility/BrowserCompatibility.tsx(196,11): error TS1109: Expression expected.
src/components/ui/BrowserCompatibility/BrowserCompatibility.tsx(197,9): error TS1128: Declaration or statement expected.
src/components/ui/BrowserCompatibility/BrowserCompatibility.tsx(198,7): error TS1109: Expression expected.
src/components/ui/BrowserCompatibility/BrowserCompatibility.tsx(198,8): error TS1128: Declaration or statement expected.
src/components/ui/BrowserCompatibility/BrowserCompatibility.tsx(199,5): error TS1128: Declaration or statement expected.
src/components/ui/BrowserCompatibility/BrowserCompatibility.tsx(200,3): error TS1109: Expression expected.
src/components/ui/BrowserCompatibility/BrowserCompatibility.tsx(201,1): error TS1128: Declaration or statement expected.
src/components/ui/BrowserCompatibility/BrowserCompatibility.tsx(204,1): error TS1128: Declaration or statement expected.
src/components/ui/BrowserCompatibility/BrowserCompatibility.tsx(205,1): error TS1128: Declaration or statement expected.
src/components/ui/Button/Button.tsx(4,85): error TS1131: Property or signature expected.
src/components/ui/Button/Button.tsx(6,1): error TS1128: Declaration or statement expected.
src/components/ui/Button/Button.tsx(7,1): error TS1128: Declaration or statement expected.
src/components/ui/Button/Button.tsx(8,1): error TS1128: Declaration or statement expected.
src/components/ui/Button/Button.tsx(9,1): error TS1128: Declaration or statement expected.
src/components/ui/Button/Button.tsx(10,11): error TS1109: Expression expected.
src/components/ui/Button/Button.tsx(11,8): error TS1109: Expression expected.
src/components/ui/Button/Button.tsx(12,11): error TS1109: Expression expected.
src/components/ui/Button/Button.tsx(52,1): error TS1128: Declaration or statement expected.
src/components/ui/Button/Button.tsx(57,1): error TS1128: Declaration or statement expected.
src/components/ui/CacheManager.tsx(6,14): error TS1003: Identifier expected.
src/components/ui/CacheManager.tsx(7,9): error TS1003: Identifier expected.
src/components/ui/CacheManager.tsx(8,12): error TS1003: Identifier expected.
src/components/ui/CacheManager.tsx(9,12): error TS1003: Identifier expected.
src/components/ui/CacheManager.tsx(10,14): error TS1003: Identifier expected.
src/components/ui/CacheManager.tsx(11,10): error TS1005: ',' expected.
src/components/ui/CacheManager.tsx(18,14): error TS1005: ';' expected.
src/components/ui/CacheManager.tsx(50,30): error TS1005: '}' expected.
src/components/ui/CacheManager.tsx(50,80): error TS1005: '...' expected.
src/components/ui/CacheManager.tsx(50,90): error TS1003: Identifier expected.
src/components/ui/CacheManager.tsx(50,91): error TS1005: ',' expected.
src/components/ui/CacheManager.tsx(51,7): error TS2657: JSX expressions must have one parent element.
src/components/ui/CacheManager.tsx(86,17): error TS1005: '}' expected.
src/components/ui/CacheManager.tsx(116,37): error TS1005: '}' expected.
src/components/ui/CacheManager.tsx(117,19): error TS1005: '...' expected.
src/components/ui/CacheManager.tsx(118,18): error TS1003: Identifier expected.
src/components/ui/CacheManager.tsx(118,21): error TS1382: Unexpected token. Did you mean `{'>'}` or `&gt;`?
src/components/ui/CacheManager.tsx(141,15): error TS1005: '}' expected.
src/components/ui/CacheManager.tsx(142,15): error TS1005: '}' expected.
src/components/ui/CacheManager.tsx(204,13): error TS1005: '}' expected.
src/components/ui/CacheManager.tsx(205,13): error TS1005: '}' expected.
src/components/ui/CacheManager.tsx(212,5): error TS1128: Declaration or statement expected.
src/components/ui/CacheManager.tsx(213,3): error TS1109: Expression expected.
src/components/ui/CacheManager.tsx(216,8): error TS1005: ';' expected.
src/components/ui/CacheManager.tsx(216,16): error TS1005: ';' expected.
src/components/ui/CacheManager.tsx(218,1): error TS1128: Declaration or statement expected.
src/components/ui/Card/__tests__/Card.test.tsx(12,2): error TS1005: ',' expected.
src/components/ui/Card/__tests__/Card.test.tsx(16,38): error TS1005: ',' expected.
src/components/ui/Card/__tests__/Card.test.tsx(18,6): error TS1003: Identifier expected.
src/components/ui/Card/__tests__/Card.test.tsx(18,34): error TS1138: Parameter declaration expected.
src/components/ui/Card/__tests__/Card.test.tsx(18,36): error TS1138: Parameter declaration expected.
src/components/ui/Card/__tests__/Card.test.tsx(18,39): error TS1005: ';' expected.
src/components/ui/Card/__tests__/Card.test.tsx(21,4): error TS1128: Declaration or statement expected.
src/components/ui/Card/__tests__/Card.test.tsx(150,1): error TS1128: Declaration or statement expected.
src/components/ui/Card/__tests__/Card.test.tsx(150,2): error TS1128: Declaration or statement expected.
src/components/ui/Card/__tests__/Card.test.tsx(151,1): error TS1128: Declaration or statement expected.
src/components/ui/Card/Card.stories.tsx(37,2): error TS1005: ',' expected.
src/components/ui/Card/Card.stories.tsx(39,8): error TS1005: ':' expected.
src/components/ui/Card/Card.stories.tsx(39,16): error TS1005: ':' expected.
src/components/ui/Card/Card.stories.tsx(39,20): error TS1005: ',' expected.
src/components/ui/Card/Card.stories.tsx(40,6): error TS1005: ',' expected.
src/components/ui/Card/Card.stories.tsx(40,35): error TS1005: ',' expected.
src/components/ui/Card/Card.stories.tsx(43,14): error TS1005: ':' expected.
src/components/ui/Card/Card.stories.tsx(43,21): error TS1005: ',' expected.
src/components/ui/Card/Card.stories.tsx(55,2): error TS1005: ',' expected.
src/components/ui/Card/Card.stories.tsx(57,14): error TS1005: ':' expected.
src/components/ui/Card/Card.stories.tsx(57,22): error TS1005: ',' expected.
src/components/ui/Card/Card.stories.tsx(69,2): error TS1005: ',' expected.
src/components/ui/Card/Card.stories.tsx(71,14): error TS1005: ':' expected.
src/components/ui/Card/Card.stories.tsx(71,22): error TS1005: ',' expected.
src/components/ui/Card/Card.stories.tsx(83,2): error TS1005: ',' expected.
src/components/ui/Card/Card.stories.tsx(86,14): error TS1005: ':' expected.
src/components/ui/Card/Card.stories.tsx(86,31): error TS1005: ',' expected.
src/components/ui/Card/Card.stories.tsx(115,2): error TS1005: ',' expected.
src/components/ui/Card/Card.stories.tsx(118,14): error TS1005: ':' expected.
src/components/ui/Card/Card.stories.tsx(118,25): error TS1005: ',' expected.
src/components/ui/Card/Card.stories.tsx(135,2): error TS1005: ',' expected.
src/components/ui/Card/Card.stories.tsx(138,14): error TS1005: ':' expected.
src/components/ui/Card/Card.stories.tsx(138,25): error TS1005: ',' expected.
src/components/ui/Card/Card.stories.tsx(168,2): error TS1005: ',' expected.
src/components/ui/Card/Card.stories.tsx(170,14): error TS1005: ':' expected.
src/components/ui/Card/Card.stories.tsx(170,25): error TS1005: ',' expected.
src/components/ui/Card/Card.stories.tsx(203,2): error TS1005: ',' expected.
src/components/ui/Card/Card.stories.tsx(205,14): error TS1005: ':' expected.
src/components/ui/Card/Card.stories.tsx(205,22): error TS1005: ',' expected.
src/components/ui/Card/Card.stories.tsx(219,2): error TS1005: ',' expected.
src/components/ui/Card/Card.stories.tsx(222,14): error TS1005: ':' expected.
src/components/ui/Card/Card.stories.tsx(222,25): error TS1005: ',' expected.
src/components/ui/Card/Card.stories.tsx(245,2): error TS1005: ',' expected.
src/components/ui/Card/Card.stories.tsx(248,14): error TS1005: ':' expected.
src/components/ui/Card/Card.stories.tsx(248,31): error TS1005: ',' expected.
src/components/ui/Card/Card.stories.tsx(251,74): error TS1005: '}' expected.
src/components/ui/Card/Card.stories.tsx(257,75): error TS1005: '}' expected.
src/components/ui/Card/Card.stories.tsx(263,75): error TS1005: '}' expected.
src/components/ui/Card/Card.stories.tsx(271,2): error TS1005: ',' expected.
src/components/ui/Card/Card.stories.tsx(274,14): error TS1005: ':' expected.
src/components/ui/Card/Card.stories.tsx(274,26): error TS1005: ',' expected.
src/components/ui/Card/Card.stories.tsx(289,2): error TS1005: ',' expected.
src/components/ui/Card/Card.stories.tsx(291,2): error TS1005: '}' expected.
src/components/ui/Card/Card.tsx(6,1): error TS1128: Declaration or statement expected.
src/components/ui/Card/Card.tsx(7,1): error TS1128: Declaration or statement expected.
src/components/ui/Card/Card.tsx(8,1): error TS1128: Declaration or statement expected.
src/components/ui/Card/Card.tsx(9,1): error TS1128: Declaration or statement expected.
src/components/ui/Card/Card.tsx(10,11): error TS1109: Expression expected.
src/components/ui/Card/Card.tsx(11,11): error TS1109: Expression expected.
src/components/ui/Card/Card.tsx(12,9): error TS1109: Expression expected.
src/components/ui/Card/Card.tsx(13,20): error TS1109: Expression expected.
src/components/ui/Card/Card.tsx(45,1): error TS1128: Declaration or statement expected.
src/components/ui/Card/Card.tsx(50,1): error TS1128: Declaration or statement expected.
src/components/ui/Card/ResponsiveCard.tsx(13,7): error TS1005: ';' expected.
src/components/ui/Card/ResponsiveCard.tsx(55,8): error TS1005: ';' expected.
src/components/ui/Card/ResponsiveCard.tsx(55,16): error TS1005: ';' expected.
src/components/ui/Certificate/__tests__/CertificateMetadata.test.tsx(179,6): error TS1128: Declaration or statement expected.
src/components/ui/Certificate/__tests__/CertificateMetadata.test.tsx(273,1): error TS1128: Declaration or statement expected.
src/components/ui/Certificate/CertificateActions.tsx(12,10): error TS1003: Identifier expected.
src/components/ui/Certificate/CertificateActions.tsx(13,13): error TS1003: Identifier expected.
src/components/ui/Certificate/CertificateActions.tsx(14,12): error TS1003: Identifier expected.
src/components/ui/Certificate/CertificateActions.tsx(15,12): error TS1003: Identifier expected.
src/components/ui/Certificate/CertificateActions.tsx(16,9): error TS1003: Identifier expected.
src/components/ui/Certificate/CertificateActions.tsx(17,14): error TS1005: ',' expected.
src/components/ui/Certificate/CertificateActions.tsx(31,7): error TS1005: ';' expected.
src/components/ui/Certificate/CertificateActions.tsx(45,28): error TS1005: ',' expected.
src/components/ui/Certificate/CertificateActions.tsx(56,40): error TS1005: ',' expected.
src/components/ui/Certificate/CertificateActions.tsx(56,55): error TS1005: ',' expected.
src/components/ui/Certificate/CertificateActions.tsx(56,62): error TS1005: ',' expected.
src/components/ui/Certificate/CertificateActions.tsx(65,25): error TS1005: ',' expected.
src/components/ui/Certificate/CertificateActions.tsx(71,30): error TS1005: ',' expected.
src/components/ui/Certificate/CertificateActions.tsx(71,37): error TS1005: ',' expected.
src/components/ui/Certificate/CertificateActions.tsx(71,38): error TS1005: ',' expected.
src/components/ui/Certificate/CertificateActions.tsx(71,50): error TS1005: ',' expected.
src/components/ui/Certificate/CertificateActions.tsx(71,63): error TS1005: ',' expected.
src/components/ui/Certificate/CertificateActions.tsx(71,75): error TS1005: ',' expected.
src/components/ui/Certificate/CertificateActions.tsx(71,80): error TS1005: ',' expected.
src/components/ui/Certificate/CertificateActions.tsx(71,81): error TS1005: ',' expected.
src/components/ui/Certificate/CertificateActions.tsx(71,93): error TS1005: ',' expected.
src/components/ui/Certificate/CertificateActions.tsx(71,110): error TS1005: ',' expected.
src/components/ui/Certificate/CertificateActions.tsx(72,7): error TS1109: Expression expected.
src/components/ui/Certificate/CertificateActions.tsx(72,8): error TS1472: 'catch' or 'finally' expected.
src/components/ui/Certificate/CertificateActions.tsx(80,37): error TS1005: ',' expected.
src/components/ui/Certificate/CertificateActions.tsx(80,40): error TS1005: ',' expected.
src/components/ui/Certificate/CertificateActions.tsx(80,41): error TS1005: ',' expected.
src/components/ui/Certificate/CertificateActions.tsx(81,7): error TS1005: 'try' expected.
src/components/ui/Certificate/CertificateActions.tsx(90,32): error TS1005: ',' expected.
src/components/ui/Certificate/CertificateActions.tsx(91,13): error TS1005: ',' expected.
src/components/ui/Certificate/CertificateActions.tsx(91,18): error TS1005: ',' expected.
src/components/ui/Certificate/CertificateActions.tsx(131,41): error TS1005: '}' expected.
src/components/ui/Certificate/CertificateActions.tsx(131,43): error TS1005: '...' expected.
src/components/ui/Certificate/CertificateActions.tsx(131,66): error TS1005: '...' expected.
src/components/ui/Certificate/CertificateActions.tsx(131,86): error TS1005: '...' expected.
src/components/ui/Certificate/CertificateActions.tsx(131,96): error TS1003: Identifier expected.
src/components/ui/Certificate/CertificateActions.tsx(131,97): error TS1005: ',' expected.
src/components/ui/Certificate/CertificateActions.tsx(136,18): error TS1136: Property assignment expected.
src/components/ui/Certificate/CertificateActions.tsx(136,21): error TS1005: ';' expected.
src/components/ui/Certificate/CertificateActions.tsx(137,9): error TS1131: Property or signature expected.
src/components/ui/Certificate/CertificateActions.tsx(137,27): error TS1005: ',' expected.
src/components/ui/Certificate/CertificateActions.tsx(137,40): error TS1003: Identifier expected.
src/components/ui/Certificate/CertificateActions.tsx(137,60): error TS1005: ';' expected.
src/components/ui/Certificate/CertificateActions.tsx(139,21): error TS1005: ',' expected.
src/components/ui/Certificate/CertificateActions.tsx(139,34): error TS1128: Declaration or statement expected.
src/components/ui/Certificate/CertificateActions.tsx(140,7): error TS1128: Declaration or statement expected.
src/components/ui/Certificate/CertificateActions.tsx(146,18): error TS1136: Property assignment expected.
src/components/ui/Certificate/CertificateActions.tsx(146,21): error TS1005: ';' expected.
src/components/ui/Certificate/CertificateActions.tsx(146,47): error TS1128: Declaration or statement expected.
src/components/ui/Certificate/CertificateActions.tsx(147,27): error TS1005: ',' expected.
src/components/ui/Certificate/CertificateActions.tsx(147,40): error TS1003: Identifier expected.
src/components/ui/Certificate/CertificateActions.tsx(147,57): error TS1005: ';' expected.
src/components/ui/Certificate/CertificateActions.tsx(149,21): error TS1005: ',' expected.
src/components/ui/Certificate/CertificateActions.tsx(149,31): error TS1128: Declaration or statement expected.
src/components/ui/Certificate/CertificateActions.tsx(150,7): error TS1128: Declaration or statement expected.
src/components/ui/Certificate/CertificateActions.tsx(157,28): error TS1005: ',' expected.
src/components/ui/Certificate/CertificateActions.tsx(157,36): error TS1128: Declaration or statement expected.
src/components/ui/Certificate/CertificateActions.tsx(157,43): error TS1109: Expression expected.
src/components/ui/Certificate/CertificateActions.tsx(158,21): error TS1005: ',' expected.
src/components/ui/Certificate/CertificateActions.tsx(158,33): error TS1128: Declaration or statement expected.
src/components/ui/Certificate/CertificateActions.tsx(159,7): error TS1128: Declaration or statement expected.
src/components/ui/Certificate/CertificateActions.tsx(189,15): error TS1005: '}' expected.
src/components/ui/Certificate/CertificateActions.tsx(203,15): error TS1005: '}' expected.
src/components/ui/Certificate/CertificateActions.tsx(217,15): error TS1005: '}' expected.
src/components/ui/Certificate/CertificateActions.tsx(247,15): error TS1005: '}' expected.
src/components/ui/Certificate/CertificateActions.tsx(258,15): error TS1005: '}' expected.
src/components/ui/Certificate/CertificateActions.tsx(269,15): error TS1005: '}' expected.
src/components/ui/Certificate/CertificateActions.tsx(280,15): error TS1005: '}' expected.
src/components/ui/Certificate/CertificateActions.tsx(291,15): error TS1005: '}' expected.
src/components/ui/Certificate/CertificateActions.tsx(308,5): error TS1128: Declaration or statement expected.
src/components/ui/Certificate/CertificateActions.tsx(309,3): error TS1109: Expression expected.
src/components/ui/Certificate/CertificateActions.tsx(310,1): error TS1128: Declaration or statement expected.
src/components/ui/Certificate/CertificateActions.tsx(313,1): error TS1128: Declaration or statement expected.
src/components/ui/Certificate/CertificateActions.tsx(314,1): error TS1128: Declaration or statement expected.
src/components/ui/Certificate/CertificateCard.tsx(9,13): error TS1003: Identifier expected.
src/components/ui/Certificate/CertificateCard.tsx(10,11): error TS1003: Identifier expected.
src/components/ui/Certificate/CertificateCard.tsx(11,16): error TS1003: Identifier expected.
src/components/ui/Certificate/CertificateCard.tsx(12,10): error TS1003: Identifier expected.
src/components/ui/Certificate/CertificateCard.tsx(13,8): error TS1003: Identifier expected.
src/components/ui/Certificate/CertificateCard.tsx(14,10): error TS1005: ',' expected.
src/components/ui/Certificate/CertificateCard.tsx(39,1): error TS1131: Property or signature expected.
src/components/ui/Certificate/CertificateCard.tsx(41,1): error TS1128: Declaration or statement expected.
src/components/ui/Certificate/CertificateCard.tsx(42,1): error TS1128: Declaration or statement expected.
src/components/ui/Certificate/CertificateCard.tsx(44,11): error TS1109: Expression expected.
src/components/ui/Certificate/CertificateCard.tsx(45,10): error TS1109: Expression expected.
src/components/ui/Certificate/CertificateCard.tsx(46,15): error TS1109: Expression expected.
src/components/ui/Certificate/CertificateCard.tsx(47,16): error TS1109: Expression expected.
src/components/ui/Certificate/CertificateCard.tsx(48,13): error TS1109: Expression expected.
src/components/ui/Certificate/CertificateCard.tsx(49,14): error TS1109: Expression expected.
src/components/ui/Certificate/CertificateCard.tsx(49,26): error TS1109: Expression expected.
src/components/ui/Certificate/CertificateCard.tsx(50,11): error TS1109: Expression expected.
src/components/ui/Certificate/CertificateCard.tsx(50,23): error TS1109: Expression expected.
src/components/ui/Certificate/CertificateCard.tsx(51,11): error TS1109: Expression expected.
src/components/ui/Certificate/CertificateCard.tsx(51,23): error TS1109: Expression expected.
src/components/ui/Certificate/CertificateCard.tsx(52,12): error TS1109: Expression expected.
src/components/ui/Certificate/CertificateCard.tsx(52,24): error TS1109: Expression expected.
src/components/ui/Certificate/CertificateCard.tsx(79,13): error TS1005: ';' expected.
src/components/ui/Certificate/CertificateCard.tsx(79,34): error TS1128: Declaration or statement expected.
src/components/ui/Certificate/CertificateCard.tsx(79,37): error TS1434: Unexpected keyword or identifier.
src/components/ui/Certificate/CertificateCard.tsx(134,27): error TS1005: ',' expected.
src/components/ui/Certificate/CertificateCard.tsx(134,30): error TS1005: ',' expected.
src/components/ui/Certificate/CertificateCard.tsx(134,31): error TS1005: ',' expected.
src/components/ui/Certificate/CertificateCard.tsx(134,43): error TS1005: ',' expected.
src/components/ui/Certificate/CertificateCard.tsx(159,24): error TS1005: ',' expected.
src/components/ui/Certificate/CertificateCard.tsx(159,27): error TS1005: ',' expected.
src/components/ui/Certificate/CertificateCard.tsx(159,50): error TS1005: ',' expected.
src/components/ui/Certificate/CertificateCard.tsx(159,60): error TS1005: ',' expected.
src/components/ui/Certificate/CertificateCard.tsx(159,62): error TS1128: Declaration or statement expected.
src/components/ui/Certificate/CertificateCard.tsx(159,85): error TS1005: ';' expected.
src/components/ui/Certificate/CertificateCard.tsx(160,32): error TS1005: ',' expected.
src/components/ui/Certificate/CertificateCard.tsx(160,34): error TS1005: ',' expected.
src/components/ui/Certificate/CertificateCard.tsx(160,37): error TS1005: ',' expected.
src/components/ui/Certificate/CertificateCard.tsx(160,49): error TS1005: ',' expected.
src/components/ui/Certificate/CertificateCard.tsx(166,26): error TS1005: ',' expected.
src/components/ui/Certificate/CertificateCard.tsx(166,29): error TS1005: ',' expected.
src/components/ui/Certificate/CertificateCard.tsx(166,55): error TS1005: ',' expected.
src/components/ui/Certificate/CertificateCard.tsx(166,62): error TS1005: ',' expected.
src/components/ui/Certificate/CertificateCard.tsx(166,64): error TS1472: 'catch' or 'finally' expected.
src/components/ui/Certificate/CertificateCard.tsx(166,87): error TS1005: ';' expected.
src/components/ui/Certificate/CertificateCard.tsx(181,36): error TS1005: ';' expected.
src/components/ui/Certificate/CertificateCard.tsx(181,57): error TS1128: Declaration or statement expected.
src/components/ui/Certificate/CertificateCard.tsx(189,7): error TS1005: 'try' expected.
src/components/ui/Certificate/CertificateCard.tsx(204,25): error TS1005: ',' expected.
src/components/ui/Certificate/CertificateCard.tsx(204,28): error TS1005: ',' expected.
src/components/ui/Certificate/CertificateCard.tsx(204,40): error TS1005: ',' expected.
src/components/ui/Certificate/CertificateCard.tsx(205,14): error TS1005: ',' expected.
src/components/ui/Certificate/CertificateCard.tsx(205,26): error TS1005: ',' expected.
src/components/ui/Certificate/CertificateCard.tsx(205,42): error TS1005: ',' expected.
src/components/ui/Certificate/CertificateCard.tsx(205,46): error TS1005: ',' expected.
src/components/ui/Certificate/CertificateCard.tsx(205,56): error TS1005: ',' expected.
src/components/ui/Certificate/CertificateCard.tsx(205,57): error TS1005: ',' expected.
src/components/ui/Certificate/CertificateCard.tsx(205,69): error TS1005: ',' expected.
src/components/ui/Certificate/CertificateCard.tsx(205,82): error TS1005: ',' expected.
src/components/ui/Certificate/CertificateCard.tsx(205,87): error TS1005: ',' expected.
src/components/ui/Certificate/CertificateCard.tsx(205,88): error TS1005: ',' expected.
src/components/ui/Certificate/CertificateCard.tsx(205,100): error TS1005: ',' expected.
src/components/ui/Certificate/CertificateCard.tsx(206,40): error TS1005: ',' expected.
src/components/ui/Certificate/CertificateCard.tsx(207,5): error TS1109: Expression expected.
src/components/ui/Certificate/CertificateCard.tsx(218,7): error TS1005: 'try' expected.
src/components/ui/Certificate/CertificateCard.tsx(261,9): error TS1005: '}' expected.
src/components/ui/Certificate/CertificateCard.tsx(262,9): error TS1005: '}' expected.
src/components/ui/Certificate/CertificateCard.tsx(262,29): error TS1005: '}' expected.
src/components/ui/Certificate/CertificateCard.tsx(262,84): error TS1005: '...' expected.
src/components/ui/Certificate/CertificateCard.tsx(262,94): error TS1003: Identifier expected.
src/components/ui/Certificate/CertificateCard.tsx(263,7): error TS1109: Expression expected.
src/components/ui/Certificate/CertificateCard.tsx(264,9): error TS2657: JSX expressions must have one parent element.
src/components/ui/Certificate/CertificateCard.tsx(315,7): error TS1128: Declaration or statement expected.
src/components/ui/Certificate/CertificateCard.tsx(316,5): error TS1109: Expression expected.
src/components/ui/Certificate/CertificateCard.tsx(321,7): error TS1005: '}' expected.
src/components/ui/Certificate/CertificateCard.tsx(322,7): error TS1005: '}' expected.
src/components/ui/Certificate/CertificateCard.tsx(322,27): error TS1005: '}' expected.
src/components/ui/Certificate/CertificateCard.tsx(322,150): error TS1005: '...' expected.
src/components/ui/Certificate/CertificateCard.tsx(322,160): error TS1003: Identifier expected.
src/components/ui/Certificate/CertificateCard.tsx(399,15): error TS1005: '}' expected.
src/components/ui/Certificate/CertificateCard.tsx(535,1): error TS1128: Declaration or statement expected.
src/components/ui/Certificate/CertificateCard.tsx(538,1): error TS1128: Declaration or statement expected.
src/components/ui/Certificate/CertificateCard.tsx(539,1): error TS1128: Declaration or statement expected.
src/components/ui/Certificate/CertificateMetadata.tsx(13,8): error TS1003: Identifier expected.
src/components/ui/Certificate/CertificateMetadata.tsx(14,15): error TS1003: Identifier expected.
src/components/ui/Certificate/CertificateMetadata.tsx(15,13): error TS1003: Identifier expected.
src/components/ui/Certificate/CertificateMetadata.tsx(16,8): error TS1003: Identifier expected.
src/components/ui/Certificate/CertificateMetadata.tsx(17,16): error TS1003: Identifier expected.
src/components/ui/Certificate/CertificateMetadata.tsx(18,7): error TS1005: ',' expected.
src/components/ui/Certificate/CertificateMetadata.tsx(54,1): error TS1131: Property or signature expected.
src/components/ui/Certificate/CertificateMetadata.tsx(56,1): error TS1128: Declaration or statement expected.
src/components/ui/Certificate/CertificateMetadata.tsx(57,1): error TS1128: Declaration or statement expected.
src/components/ui/Certificate/CertificateMetadata.tsx(59,11): error TS1109: Expression expected.
src/components/ui/Certificate/CertificateMetadata.tsx(60,22): error TS1109: Expression expected.
src/components/ui/Certificate/CertificateMetadata.tsx(61,20): error TS1109: Expression expected.
src/components/ui/Certificate/CertificateMetadata.tsx(62,15): error TS1109: Expression expected.
src/components/ui/Certificate/CertificateMetadata.tsx(63,13): error TS1109: Expression expected.
src/components/ui/Certificate/CertificateMetadata.tsx(85,13): error TS1005: ';' expected.
src/components/ui/Certificate/CertificateMetadata.tsx(85,34): error TS1128: Declaration or statement expected.
src/components/ui/Certificate/CertificateMetadata.tsx(85,37): error TS1434: Unexpected keyword or identifier.
src/components/ui/Certificate/CertificateMetadata.tsx(142,27): error TS1005: '}' expected.
src/components/ui/Certificate/CertificateMetadata.tsx(142,29): error TS1005: '...' expected.
src/components/ui/Certificate/CertificateMetadata.tsx(142,35): error TS1003: Identifier expected.
src/components/ui/Certificate/CertificateMetadata.tsx(143,13): error TS1382: Unexpected token. Did you mean `{'>'}` or `&gt;`?
src/components/ui/Certificate/CertificateMetadata.tsx(147,19): error TS1005: '}' expected.
src/components/ui/Certificate/CertificateMetadata.tsx(148,19): error TS1005: '}' expected.
src/components/ui/Certificate/CertificateMetadata.tsx(155,15): error TS17002: Expected corresponding JSX closing tag for 'div'.
src/components/ui/Certificate/CertificateMetadata.tsx(156,12): error TS1381: Unexpected token. Did you mean `{'}'}` or `&rbrace;`?
src/components/ui/Certificate/CertificateMetadata.tsx(162,5): error TS1005: ')' expected.
src/components/ui/Certificate/CertificateMetadata.tsx(163,3): error TS1109: Expression expected.
src/components/ui/Certificate/CertificateMetadata.tsx(172,18): error TS2657: JSX expressions must have one parent element.
src/components/ui/Certificate/CertificateMetadata.tsx(174,7): error TS1005: '}' expected.
src/components/ui/Certificate/CertificateMetadata.tsx(199,37): error TS1005: '}' expected.
src/components/ui/Certificate/CertificateMetadata.tsx(199,54): error TS1005: '...' expected.
src/components/ui/Certificate/CertificateMetadata.tsx(199,64): error TS1003: Identifier expected.
src/components/ui/Certificate/CertificateMetadata.tsx(199,65): error TS1109: Expression expected.
src/components/ui/Certificate/CertificateMetadata.tsx(221,7): error TS1128: Declaration or statement expected.
src/components/ui/Certificate/CertificateMetadata.tsx(222,5): error TS1109: Expression expected.
src/components/ui/Certificate/CertificateMetadata.tsx(225,30): error TS1005: '}' expected.
src/components/ui/Certificate/CertificateMetadata.tsx(225,69): error TS1005: '...' expected.
src/components/ui/Certificate/CertificateMetadata.tsx(225,79): error TS1003: Identifier expected.
src/components/ui/Certificate/CertificateMetadata.tsx(246,13): error TS1005: '}' expected.
src/components/ui/Certificate/CertificateMetadata.tsx(247,13): error TS1005: '}' expected.
src/components/ui/Certificate/CertificateMetadata.tsx(248,13): error TS1005: '}' expected.
src/components/ui/Certificate/CertificateMetadata.tsx(249,13): error TS1005: '}' expected.
src/components/ui/Certificate/CertificateMetadata.tsx(295,37): error TS1005: '}' expected.
src/components/ui/Certificate/CertificateMetadata.tsx(295,38): error TS1005: '...' expected.
src/components/ui/Certificate/CertificateMetadata.tsx(295,63): error TS1003: Identifier expected.
src/components/ui/Certificate/CertificateMetadata.tsx(296,28): error TS1382: Unexpected token. Did you mean `{'>'}` or `&gt;`?
src/components/ui/Certificate/CertificateMetadata.tsx(297,26): error TS1381: Unexpected token. Did you mean `{'}'}` or `&rbrace;`?
src/components/ui/Certificate/CertificateMetadata.tsx(401,36): error TS1005: '}' expected.
src/components/ui/Certificate/CertificateMetadata.tsx(401,92): error TS1381: Unexpected token. Did you mean `{'}'}` or `&rbrace;`?
src/components/ui/Certificate/CertificateMetadata.tsx(402,24): error TS1382: Unexpected token. Did you mean `{'>'}` or `&gt;`?
src/components/ui/Certificate/CertificateMetadata.tsx(403,22): error TS1381: Unexpected token. Did you mean `{'}'}` or `&rbrace;`?
src/components/ui/Certificate/CertificateMetadata.tsx(413,1): error TS1128: Declaration or statement expected.
src/components/ui/Certificate/CertificateMetadata.tsx(416,1): error TS1128: Declaration or statement expected.
src/components/ui/Certificate/CertificateMetadata.tsx(417,1): error TS1128: Declaration or statement expected.
src/components/ui/CertificateCard/CertificateCard.tsx(105,24): error TS1005: ',' expected.
src/components/ui/CertificateCard/CertificateCard.tsx(105,27): error TS1005: ',' expected.
src/components/ui/CertificateCard/CertificateCard.tsx(105,50): error TS1005: ',' expected.
src/components/ui/CertificateCard/CertificateCard.tsx(105,60): error TS1005: ',' expected.
src/components/ui/CertificateCard/CertificateCard.tsx(105,62): error TS1472: 'catch' or 'finally' expected.
src/components/ui/CertificateCard/CertificateCard.tsx(105,85): error TS1005: ';' expected.
src/components/ui/CertificateCard/CertificateCard.tsx(109,36): error TS1005: ';' expected.
src/components/ui/CertificateCard/CertificateCard.tsx(109,57): error TS1128: Declaration or statement expected.
src/components/ui/CertificateCard/CertificateCard.tsx(112,7): error TS1005: ',' expected.
src/components/ui/CertificateCard/CertificateCard.tsx(124,25): error TS1005: ',' expected.
src/components/ui/CertificateCard/CertificateCard.tsx(124,28): error TS1005: ',' expected.
src/components/ui/CertificateCard/CertificateCard.tsx(124,40): error TS1005: ',' expected.
src/components/ui/CertificateCard/CertificateCard.tsx(125,14): error TS1005: ',' expected.
src/components/ui/CertificateCard/CertificateCard.tsx(125,26): error TS1005: ',' expected.
src/components/ui/CertificateCard/CertificateCard.tsx(125,42): error TS1005: ',' expected.
src/components/ui/CertificateCard/CertificateCard.tsx(125,52): error TS1005: ',' expected.
src/components/ui/CertificateCard/CertificateCard.tsx(125,53): error TS1005: ',' expected.
src/components/ui/CertificateCard/CertificateCard.tsx(125,65): error TS1005: ',' expected.
src/components/ui/CertificateCard/CertificateCard.tsx(126,40): error TS1005: ',' expected.
src/components/ui/CertificateCard/CertificateCard.tsx(127,5): error TS1109: Expression expected.
src/components/ui/CertificateCard/CertificateCard.tsx(134,7): error TS1005: 'try' expected.
src/components/ui/CertificateCard/CertificateCard.tsx(156,7): error TS1005: '}' expected.
src/components/ui/CertificateCard/CertificateCard.tsx(157,7): error TS1005: '}' expected.
src/components/ui/CertificateCard/CertificateCard.tsx(158,7): error TS1005: '}' expected.
src/components/ui/CertificateCard/CertificateCard.tsx(358,2): error TS1472: 'catch' or 'finally' expected.
src/components/ui/CertificateList/CertificateList.tsx(18,1): error TS1131: Property or signature expected.
src/components/ui/CertificateList/CertificateList.tsx(20,1): error TS1128: Declaration or statement expected.
src/components/ui/CertificateList/CertificateList.tsx(21,1): error TS1128: Declaration or statement expected.
src/components/ui/CertificateList/CertificateList.tsx(22,29): error TS1011: An element access expression should take an argument.
src/components/ui/CertificateList/CertificateList.tsx(23,13): error TS1109: Expression expected.
src/components/ui/CertificateList/CertificateList.tsx(24,23): error TS1109: Expression expected.
src/components/ui/CertificateList/CertificateList.tsx(24,75): error TS1109: Expression expected.
src/components/ui/CertificateList/CertificateList.tsx(25,19): error TS1109: Expression expected.
src/components/ui/CertificateList/CertificateList.tsx(26,13): error TS1109: Expression expected.
src/components/ui/CertificateList/CertificateList.tsx(108,9): error TS1128: Declaration or statement expected.
src/components/ui/CertificateList/CertificateList.tsx(144,6): error TS1129: Statement expected.
src/components/ui/CertificateList/CertificateList.tsx(147,4): error TS1129: Statement expected.
src/components/ui/CertificateList/CertificateList.tsx(147,29): error TS1005: ';' expected.
src/components/ui/CertificateList/CertificateList.tsx(163,6): error TS1128: Declaration or statement expected.
src/components/ui/CertificateList/CertificateList.tsx(189,32): error TS1005: '}' expected.
src/components/ui/CertificateList/CertificateList.tsx(189,52): error TS1005: '...' expected.
src/components/ui/CertificateList/CertificateList.tsx(189,62): error TS1003: Identifier expected.
src/components/ui/CertificateList/CertificateList.tsx(189,63): error TS1109: Expression expected.
src/components/ui/CertificateList/CertificateList.tsx(191,14): error TS1005: ';' expected.
src/components/ui/CertificateList/CertificateList.tsx(200,9): error TS1128: Declaration or statement expected.
src/components/ui/CertificateList/CertificateList.tsx(211,7): error TS1128: Declaration or statement expected.
src/components/ui/CertificateList/CertificateList.tsx(212,5): error TS1109: Expression expected.
src/components/ui/CertificateList/CertificateList.tsx(215,30): error TS1005: '}' expected.
src/components/ui/CertificateList/CertificateList.tsx(215,50): error TS1005: '...' expected.
src/components/ui/CertificateList/CertificateList.tsx(215,60): error TS1003: Identifier expected.
src/components/ui/CertificateList/CertificateList.tsx(215,61): error TS1109: Expression expected.
src/components/ui/CertificateList/CertificateList.tsx(217,12): error TS1005: ';' expected.
src/components/ui/CertificateList/CertificateList.tsx(238,35): error TS1005: '}' expected.
src/components/ui/CertificateList/CertificateList.tsx(239,21): error TS1005: '...' expected.
src/components/ui/CertificateList/CertificateList.tsx(242,20): error TS1003: Identifier expected.
src/components/ui/CertificateList/CertificateList.tsx(243,17): error TS1382: Unexpected token. Did you mean `{'>'}` or `&gt;`?
src/components/ui/CertificateList/CertificateList.tsx(247,19): error TS17002: Expected corresponding JSX closing tag for 'div'.
src/components/ui/CertificateList/CertificateList.tsx(250,35): error TS1005: '}' expected.
src/components/ui/CertificateList/CertificateList.tsx(251,21): error TS1005: '...' expected.
src/components/ui/CertificateList/CertificateList.tsx(254,20): error TS1003: Identifier expected.
src/components/ui/CertificateList/CertificateList.tsx(255,17): error TS1382: Unexpected token. Did you mean `{'>'}` or `&gt;`?
src/components/ui/CertificateList/CertificateList.tsx(259,19): error TS17002: Expected corresponding JSX closing tag for 'div'.
src/components/ui/CertificateList/CertificateList.tsx(273,11): error TS1128: Declaration or statement expected.
src/components/ui/CertificateList/CertificateList.tsx(276,16): error TS1005: ';' expected.
src/components/ui/CertificateList/CertificateList.tsx(277,13): error TS2657: JSX expressions must have one parent element.
src/components/ui/CertificateList/CertificateList.tsx(289,11): error TS1128: Declaration or statement expected.
src/components/ui/CertificateList/CertificateList.tsx(446,9): error TS1128: Declaration or statement expected.
src/components/ui/CertificateList/CertificateList.tsx(447,7): error TS1109: Expression expected.
src/components/ui/CertificateList/CertificateList.tsx(450,12): error TS1005: ';' expected.
src/components/ui/CertificateList/CertificateList.tsx(451,30): error TS1005: ',' expected.
src/components/ui/CertificateList/CertificateList.tsx(460,13): error TS1005: '}' expected.
src/components/ui/CertificateList/CertificateList.tsx(465,13): error TS1005: '}' expected.
src/components/ui/CertificateList/CertificateList.tsx(528,54): error TS1005: '}' expected.
src/components/ui/CertificateList/CertificateList.tsx(528,71): error TS1003: Identifier expected.
src/components/ui/CertificateList/CertificateList.tsx(532,26): error TS1381: Unexpected token. Did you mean `{'}'}` or `&rbrace;`?
src/components/ui/CertificateList/CertificateList.tsx(532,27): error TS1382: Unexpected token. Did you mean `{'>'}` or `&gt;`?
src/components/ui/CertificateList/CertificateList.tsx(534,27): error TS17002: Expected corresponding JSX closing tag for 'div'.
src/components/ui/CertificateList/CertificateList.tsx(567,15): error TS1005: ')' expected.
src/components/ui/CertificateList/CertificateList.tsx(568,14): error TS1005: ',' expected.
src/components/ui/CertificateList/CertificateList.tsx(569,11): error TS1128: Declaration or statement expected.
src/components/ui/CertificateList/CertificateList.tsx(570,9): error TS1109: Expression expected.
src/components/ui/CertificateList/CertificateList.tsx(570,10): error TS1128: Declaration or statement expected.
src/components/ui/CertificateList/CertificateList.tsx(571,7): error TS1128: Declaration or statement expected.
src/components/ui/CertificateList/CertificateList.tsx(572,5): error TS1109: Expression expected.
src/components/ui/CertificateList/CertificateList.tsx(573,3): error TS1109: Expression expected.
src/components/ui/CertificateList/CertificateList.tsx(574,1): error TS1128: Declaration or statement expected.
src/components/ui/CertificateList/CertificateList.tsx(575,1): error TS1128: Declaration or statement expected.
src/components/ui/Dashboard/ActivityFeed.tsx(14,1): error TS1131: Property or signature expected.
src/components/ui/Dashboard/ActivityFeed.tsx(16,1): error TS1128: Declaration or statement expected.
src/components/ui/Dashboard/ActivityFeed.tsx(17,1): error TS1128: Declaration or statement expected.
src/components/ui/Dashboard/ActivityFeed.tsx(18,28): error TS1011: An element access expression should take an argument.
src/components/ui/Dashboard/ActivityFeed.tsx(19,12): error TS1109: Expression expected.
src/components/ui/Dashboard/ActivityFeed.tsx(20,13): error TS1109: Expression expected.
src/components/ui/Dashboard/ActivityFeed.tsx(21,13): error TS1109: Expression expected.
src/components/ui/Dashboard/ActivityFeed.tsx(70,39): error TS1005: ';' expected.
src/components/ui/Dashboard/ActivityFeed.tsx(70,71): error TS1434: Unexpected keyword or identifier.
src/components/ui/Dashboard/ActivityFeed.tsx(71,40): error TS1005: ';' expected.
src/components/ui/Dashboard/ActivityFeed.tsx(71,74): error TS1434: Unexpected keyword or identifier.
src/components/ui/Dashboard/ActivityFeed.tsx(72,41): error TS1005: ';' expected.
src/components/ui/Dashboard/ActivityFeed.tsx(72,76): error TS1434: Unexpected keyword or identifier.
src/components/ui/Dashboard/ActivityFeed.tsx(124,17): error TS1005: '}' expected.
src/components/ui/Dashboard/ActivityFeed.tsx(125,17): error TS1005: '}' expected.
src/components/ui/Dashboard/ActivityFeed.tsx(126,17): error TS1005: '}' expected.
src/components/ui/Dashboard/ActivityFeed.tsx(157,2): error TS1005: '}' expected.
src/components/ui/Dashboard/DashboardOverview.tsx(14,1): error TS1131: Property or signature expected.
src/components/ui/Dashboard/DashboardOverview.tsx(16,1): error TS1128: Declaration or statement expected.
src/components/ui/Dashboard/DashboardOverview.tsx(17,1): error TS1128: Declaration or statement expected.
src/components/ui/Dashboard/DashboardOverview.tsx(19,13): error TS1109: Expression expected.
src/components/ui/Dashboard/DashboardOverview.tsx(20,13): error TS1109: Expression expected.
src/components/ui/Dashboard/DashboardOverview.tsx(35,5): error TS1005: ',' expected.
src/components/ui/Dashboard/DashboardOverview.tsx(44,5): error TS1005: ',' expected.
src/components/ui/Dashboard/DashboardOverview.tsx(52,4): error TS1005: ',' expected.
src/components/ui/Dashboard/DashboardOverview.tsx(54,9): error TS1005: ':' expected.
src/components/ui/Dashboard/DashboardOverview.tsx(62,4): error TS1005: ',' expected.
src/components/ui/Dashboard/DashboardOverview.tsx(66,28): error TS1005: '}' expected.
src/components/ui/Dashboard/DashboardOverview.tsx(66,78): error TS1005: '...' expected.
src/components/ui/Dashboard/DashboardOverview.tsx(66,88): error TS1003: Identifier expected.
src/components/ui/Dashboard/DashboardOverview.tsx(66,89): error TS1005: ',' expected.
src/components/ui/Dashboard/DashboardOverview.tsx(67,11): error TS1109: Expression expected.
src/components/ui/Dashboard/DashboardOverview.tsx(67,22): error TS1005: ',' expected.
src/components/ui/Dashboard/DashboardOverview.tsx(67,23): error TS1003: Identifier expected.
src/components/ui/Dashboard/DashboardOverview.tsx(78,7): error TS1005: ',' expected.
src/components/ui/Dashboard/DashboardOverview.tsx(79,5): error TS1109: Expression expected.
src/components/ui/Dashboard/DashboardOverview.tsx(83,23): error TS1005: '}' expected.
src/components/ui/Dashboard/DashboardOverview.tsx(83,73): error TS1005: '...' expected.
src/components/ui/Dashboard/DashboardOverview.tsx(83,83): error TS1003: Identifier expected.
src/components/ui/Dashboard/DashboardOverview.tsx(127,1): error TS1128: Declaration or statement expected.
src/components/ui/Dashboard/DashboardOverview.tsx(130,1): error TS1128: Declaration or statement expected.
src/components/ui/Dashboard/DashboardOverview.tsx(131,1): error TS1128: Declaration or statement expected.
src/components/ui/Dashboard/MetricCard.tsx(18,7): error TS1005: ';' expected.
src/components/ui/Dashboard/MetricCard.tsx(69,4): error TS1005: ',' expected.
src/components/ui/Dashboard/MetricCard.tsx(71,9): error TS1005: ':' expected.
src/components/ui/Dashboard/MetricCard.tsx(71,37): error TS1005: ',' expected.
src/components/ui/Dashboard/MetricCard.tsx(74,5): error TS1003: Identifier expected.
src/components/ui/Dashboard/MetricCard.tsx(75,7): error TS1005: ',' expected.
src/components/ui/Dashboard/MetricCard.tsx(76,7): error TS1005: ',' expected.
src/components/ui/Dashboard/MetricCard.tsx(77,7): error TS1005: ',' expected.
src/components/ui/Dashboard/MetricCard.tsx(77,18): error TS1005: ':' expected.
src/components/ui/Dashboard/MetricCard.tsx(78,7): error TS1005: ',' expected.
src/components/ui/Dashboard/MetricCard.tsx(78,28): error TS1005: ',' expected.
src/components/ui/Dashboard/MetricCard.tsx(78,33): error TS1005: ',' expected.
src/components/ui/Dashboard/MetricCard.tsx(78,41): error TS1005: ',' expected.
src/components/ui/Dashboard/MetricCard.tsx(78,46): error TS1005: ',' expected.
src/components/ui/Dashboard/MetricCard.tsx(78,58): error TS1005: ',' expected.
src/components/ui/Dashboard/MetricCard.tsx(78,62): error TS1005: ';' expected.
src/components/ui/Dashboard/MetricCard.tsx(79,5): error TS1131: Property or signature expected.
src/components/ui/Dashboard/MetricCard.tsx(83,43): error TS1005: '}' expected.
src/components/ui/Dashboard/MetricCard.tsx(83,60): error TS1005: '...' expected.
src/components/ui/Dashboard/MetricCard.tsx(83,70): error TS1003: Identifier expected.
src/components/ui/Dashboard/MetricCard.tsx(83,71): error TS1382: Unexpected token. Did you mean `{'>'}` or `&gt;`?
src/components/ui/Dashboard/MetricCard.tsx(96,19): error TS1005: '}' expected.
src/components/ui/Dashboard/MetricCard.tsx(97,19): error TS1005: '}' expected.
src/components/ui/Dashboard/MetricCard.tsx(100,17): error TS1005: '}' expected.
src/components/ui/Dashboard/MetricCard.tsx(100,19): error TS17002: Expected corresponding JSX closing tag for 'div'.
src/components/ui/Dashboard/MetricCard.tsx(105,21): error TS1005: '}' expected.
src/components/ui/Dashboard/MetricCard.tsx(106,21): error TS1005: '}' expected.
src/components/ui/Dashboard/MetricCard.tsx(108,42): error TS1005: '}' expected.
src/components/ui/Dashboard/MetricCard.tsx(109,23): error TS1005: '...' expected.
src/components/ui/Dashboard/MetricCard.tsx(110,22): error TS1003: Identifier expected.
src/components/ui/Dashboard/MetricCard.tsx(121,23): error TS17002: Expected corresponding JSX closing tag for 'motion.div'.
src/components/ui/Dashboard/MetricCard.tsx(122,19): error TS1005: ')' expected.
src/components/ui/Dashboard/MetricCard.tsx(122,21): error TS17002: Expected corresponding JSX closing tag for 'div'.
src/components/ui/Dashboard/MetricCard.tsx(123,18): error TS1381: Unexpected token. Did you mean `{'}'}` or `&rbrace;`?
src/components/ui/Dashboard/MetricCard.tsx(136,11): error TS1128: Declaration or statement expected.
src/components/ui/Dashboard/MetricCard.tsx(137,9): error TS1109: Expression expected.
src/components/ui/Dashboard/MetricCard.tsx(138,7): error TS1109: Expression expected.
src/components/ui/Dashboard/MetricCard.tsx(139,5): error TS1109: Expression expected.
src/components/ui/Dashboard/MetricCard.tsx(140,3): error TS1109: Expression expected.
src/components/ui/Dashboard/MetricCard.tsx(141,1): error TS1128: Declaration or statement expected.
src/components/ui/Dashboard/MetricCard.tsx(144,1): error TS1128: Declaration or statement expected.
src/components/ui/Dashboard/QuickStats.tsx(12,7): error TS1005: ';' expected.
src/components/ui/Dashboard/QuickStats.tsx(22,15): error TS1005: ',' expected.
src/components/ui/Dashboard/QuickStats.tsx(22,34): error TS1109: Expression expected.
src/components/ui/Dashboard/QuickStats.tsx(23,11): error TS1005: ',' expected.
src/components/ui/Dashboard/QuickStats.tsx(28,12): error TS1005: ',' expected.
src/components/ui/Dashboard/QuickStats.tsx(29,5): error TS1005: ',' expected.
src/components/ui/Dashboard/QuickStats.tsx(30,5): error TS1131: Property or signature expected.
src/components/ui/Dashboard/QuickStats.tsx(32,12): error TS1005: ';' expected.
src/components/ui/Dashboard/QuickStats.tsx(33,11): error TS1005: ';' expected.
src/components/ui/Dashboard/QuickStats.tsx(38,12): error TS1005: ';' expected.
src/components/ui/Dashboard/QuickStats.tsx(39,6): error TS1128: Declaration or statement expected.
src/components/ui/Dashboard/QuickStats.tsx(42,12): error TS1005: ';' expected.
src/components/ui/Dashboard/QuickStats.tsx(42,14): error TS1434: Unexpected keyword or identifier.
src/components/ui/Dashboard/QuickStats.tsx(42,28): error TS1109: Expression expected.
src/components/ui/Dashboard/QuickStats.tsx(42,29): error TS1109: Expression expected.
src/components/ui/Dashboard/QuickStats.tsx(43,11): error TS1005: ';' expected.
src/components/ui/Dashboard/QuickStats.tsx(48,12): error TS1005: ';' expected.
src/components/ui/Dashboard/QuickStats.tsx(49,3): error TS1128: Declaration or statement expected.
src/components/ui/Dashboard/QuickStats.tsx(75,13): error TS2657: JSX expressions must have one parent element.
src/components/ui/Dashboard/QuickStats.tsx(78,15): error TS1005: '}' expected.
src/components/ui/Dashboard/QuickStats.tsx(79,15): error TS1005: '}' expected.
src/components/ui/Dashboard/QuickStats.tsx(80,15): error TS1005: '}' expected.
src/components/ui/Dashboard/QuickStats.tsx(82,43): error TS1005: '}' expected.
src/components/ui/Dashboard/QuickStats.tsx(82,105): error TS1005: '...' expected.
src/components/ui/Dashboard/QuickStats.tsx(82,121): error TS1003: Identifier expected.
src/components/ui/Dashboard/QuickStats.tsx(82,122): error TS1382: Unexpected token. Did you mean `{'>'}` or `&gt;`?
src/components/ui/Dashboard/QuickStats.tsx(84,17): error TS17002: Expected corresponding JSX closing tag for 'motion.div'.
src/components/ui/Dashboard/QuickStats.tsx(91,13): error TS1005: ')' expected.
src/components/ui/Dashboard/QuickStats.tsx(91,15): error TS17002: Expected corresponding JSX closing tag for 'div'.
src/components/ui/Dashboard/QuickStats.tsx(92,13): error TS1381: Unexpected token. Did you mean `{'}'}` or `&rbrace;`?
src/components/ui/Dashboard/QuickStats.tsx(94,9): error TS17002: Expected corresponding JSX closing tag for 'Card'.
src/components/ui/Dashboard/QuickStats.tsx(95,5): error TS1005: ')' expected.
src/components/ui/Dashboard/QuickStats.tsx(96,3): error TS1109: Expression expected.
src/components/ui/Dashboard/QuickStats.tsx(101,1): error TS1128: Declaration or statement expected.
src/components/ui/Feedback/__tests__/FeedbackAnimations.test.tsx(166,8): error TS1109: Expression expected.
src/components/ui/Feedback/__tests__/FeedbackAnimations.test.tsx(167,5): error TS1109: Expression expected.
src/components/ui/Feedback/FeedbackButton.tsx(12,14): error TS1005: ';' expected.
src/components/ui/Feedback/FeedbackButton.tsx(34,26): error TS1005: '}' expected.
src/components/ui/Feedback/FeedbackButton.tsx(34,28): error TS1005: '...' expected.
src/components/ui/Feedback/FeedbackButton.tsx(34,57): error TS1003: Identifier expected.
src/components/ui/Feedback/FeedbackButton.tsx(34,286): error TS1381: Unexpected token. Did you mean `{'}'}` or `&rbrace;`?
src/components/ui/Feedback/FeedbackButton.tsx(36,9): error TS1005: '}' expected.
src/components/ui/Feedback/FeedbackButton.tsx(37,9): error TS1005: '}' expected.
src/components/ui/Feedback/FeedbackButton.tsx(56,12): error TS1109: Expression expected.
src/components/ui/Feedback/FeedbackButton.tsx(59,13): error TS1005: '}' expected.
src/components/ui/Feedback/FeedbackButton.tsx(63,13): error TS1005: '}' expected.
src/components/ui/Feedback/FeedbackButton.tsx(67,11): error TS1005: '}' expected.
src/components/ui/Feedback/FeedbackButton.tsx(67,13): error TS17002: Expected corresponding JSX closing tag for 'div'.
src/components/ui/Feedback/FeedbackButton.tsx(68,9): error TS1005: '}' expected.
src/components/ui/Feedback/FeedbackButton.tsx(68,11): error TS17015: Expected corresponding closing tag for JSX fragment.
src/components/ui/Feedback/FeedbackButton.tsx(69,7): error TS1005: ')' expected.
src/components/ui/Feedback/FeedbackButton.tsx(77,5): error TS1128: Declaration or statement expected.
src/components/ui/Feedback/FeedbackButton.tsx(77,7): error TS1109: Expression expected.
src/components/ui/Feedback/FeedbackButton.tsx(78,3): error TS1109: Expression expected.
src/components/ui/Feedback/FeedbackCollector.tsx(13,1): error TS1131: Property or signature expected.
src/components/ui/Feedback/FeedbackCollector.tsx(15,1): error TS1128: Declaration or statement expected.
src/components/ui/Feedback/FeedbackCollector.tsx(16,1): error TS1128: Declaration or statement expected.
src/components/ui/Feedback/FeedbackCollector.tsx(18,22): error TS1109: Expression expected.
src/components/ui/Feedback/FeedbackCollector.tsx(19,12): error TS1109: Expression expected.
src/components/ui/Feedback/FeedbackCollector.tsx(20,11): error TS1109: Expression expected.
src/components/ui/Feedback/FeedbackCollector.tsx(39,3): error TS1005: ',' expected.
src/components/ui/Feedback/FeedbackCollector.tsx(56,4): error TS1128: Declaration or statement expected.
src/components/ui/Feedback/FeedbackCollector.tsx(56,24): error TS1005: ';' expected.
src/components/ui/Feedback/FeedbackCollector.tsx(104,44): error TS1005: '}' expected.
src/components/ui/Feedback/FeedbackCollector.tsx(105,17): error TS1005: '...' expected.
src/components/ui/Feedback/FeedbackCollector.tsx(108,16): error TS1003: Identifier expected.
src/components/ui/Feedback/FeedbackCollector.tsx(109,14): error TS1382: Unexpected token. Did you mean `{'>'}` or `&gt;`?
src/components/ui/Feedback/FeedbackCollector.tsx(132,29): error TS1005: '}' expected.
src/components/ui/Feedback/FeedbackCollector.tsx(133,15): error TS1005: '...' expected.
src/components/ui/Feedback/FeedbackCollector.tsx(136,14): error TS1003: Identifier expected.
src/components/ui/Feedback/FeedbackCollector.tsx(137,11): error TS1382: Unexpected token. Did you mean `{'>'}` or `&gt;`?
src/components/ui/Feedback/FeedbackCollector.tsx(143,13): error TS17002: Expected corresponding JSX closing tag for 'div'.
src/components/ui/Feedback/FeedbackCollector.tsx(144,11): error TS1381: Unexpected token. Did you mean `{'}'}` or `&rbrace;`?
src/components/ui/Feedback/FeedbackCollector.tsx(146,5): error TS1005: ')' expected.
src/components/ui/Feedback/FeedbackCollector.tsx(147,3): error TS1109: Expression expected.
src/components/ui/Feedback/FeedbackCollector.tsx(155,9): error TS1005: '}' expected.
src/components/ui/Feedback/FeedbackCollector.tsx(156,9): error TS1005: '}' expected.
src/components/ui/Feedback/FeedbackCollector.tsx(157,9): error TS1005: '}' expected.
src/components/ui/Feedback/FeedbackCollector.tsx(162,11): error TS1005: '}' expected.
src/components/ui/Feedback/FeedbackCollector.tsx(163,11): error TS1005: '}' expected.
src/components/ui/Feedback/FeedbackCollector.tsx(164,11): error TS1005: '}' expected.
src/components/ui/Feedback/FeedbackCollector.tsx(165,11): error TS1005: '}' expected.
src/components/ui/Feedback/FeedbackCollector.tsx(230,17): error TS1003: Identifier expected.
src/components/ui/Feedback/FeedbackCollector.tsx(230,18): error TS1138: Parameter declaration expected.
src/components/ui/Feedback/FeedbackCollector.tsx(231,19): error TS2657: JSX expressions must have one parent element.
src/components/ui/Feedback/FeedbackCollector.tsx(233,17): error TS1005: '}' expected.
src/components/ui/Feedback/FeedbackCollector.tsx(233,19): error TS1003: Identifier expected.
src/components/ui/Feedback/FeedbackCollector.tsx(247,20): error TS1109: Expression expected.
src/components/ui/Feedback/FeedbackCollector.tsx(249,17): error TS1005: '}' expected.
src/components/ui/Feedback/FeedbackCollector.tsx(250,16): error TS1381: Unexpected token. Did you mean `{'}'}` or `&rbrace;`?
src/components/ui/Feedback/FeedbackCollector.tsx(251,15): error TS17002: Expected corresponding JSX closing tag for 'motion.div'.
src/components/ui/Feedback/FeedbackCollector.tsx(252,13): error TS17002: Expected corresponding JSX closing tag for 'motion.div'.
src/components/ui/Feedback/FeedbackCollector.tsx(253,11): error TS17002: Expected corresponding JSX closing tag for 'AnimatePresence'.
src/components/ui/Feedback/FeedbackCollector.tsx(254,7): error TS1005: ')' expected.
src/components/ui/Feedback/FeedbackCollector.tsx(255,5): error TS1109: Expression expected.
src/components/ui/Feedback/FeedbackCollector.tsx(256,3): error TS1109: Expression expected.
src/components/ui/Feedback/FeedbackCollector.tsx(257,1): error TS1128: Declaration or statement expected.
src/components/ui/Feedback/FeedbackCollector.tsx(260,1): error TS1128: Declaration or statement expected.
src/components/ui/Feedback/FeedbackCollector.tsx(261,1): error TS1128: Declaration or statement expected.
src/components/ui/Feedback/FeedbackDashboard.tsx(6,10): error TS1003: Identifier expected.
src/components/ui/Feedback/FeedbackDashboard.tsx(7,9): error TS1003: Identifier expected.
src/components/ui/Feedback/FeedbackDashboard.tsx(8,17): error TS1003: Identifier expected.
src/components/ui/Feedback/FeedbackDashboard.tsx(9,12): error TS1003: Identifier expected.
src/components/ui/Feedback/FeedbackDashboard.tsx(10,13): error TS1003: Identifier expected.
src/components/ui/Feedback/FeedbackDashboard.tsx(11,9): error TS1005: ',' expected.
src/components/ui/Feedback/FeedbackDashboard.tsx(20,14): error TS1005: ';' expected.
src/components/ui/Feedback/FeedbackDashboard.tsx(48,39): error TS1005: ';' expected.
src/components/ui/Feedback/FeedbackDashboard.tsx(48,79): error TS1128: Declaration or statement expected.
src/components/ui/Feedback/FeedbackDashboard.tsx(69,27): error TS1005: '}' expected.
src/components/ui/Feedback/FeedbackDashboard.tsx(69,29): error TS1005: '...' expected.
src/components/ui/Feedback/FeedbackDashboard.tsx(69,39): error TS1003: Identifier expected.
src/components/ui/Feedback/FeedbackDashboard.tsx(69,40): error TS1109: Expression expected.
src/components/ui/Feedback/FeedbackDashboard.tsx(73,7): error TS1128: Declaration or statement expected.
src/components/ui/Feedback/FeedbackDashboard.tsx(74,5): error TS1109: Expression expected.
src/components/ui/Feedback/FeedbackDashboard.tsx(78,27): error TS1005: '}' expected.
src/components/ui/Feedback/FeedbackDashboard.tsx(78,29): error TS1005: '...' expected.
src/components/ui/Feedback/FeedbackDashboard.tsx(78,39): error TS1003: Identifier expected.
src/components/ui/Feedback/FeedbackDashboard.tsx(78,40): error TS1109: Expression expected.
src/components/ui/Feedback/FeedbackDashboard.tsx(86,7): error TS1128: Declaration or statement expected.
src/components/ui/Feedback/FeedbackDashboard.tsx(87,5): error TS1109: Expression expected.
src/components/ui/Feedback/FeedbackDashboard.tsx(90,31): error TS1005: '}' expected.
src/components/ui/Feedback/FeedbackDashboard.tsx(90,33): error TS1005: '...' expected.
src/components/ui/Feedback/FeedbackDashboard.tsx(90,43): error TS1003: Identifier expected.
src/components/ui/Feedback/FeedbackDashboard.tsx(90,44): error TS1005: ';' expected.
src/components/ui/Feedback/FeedbackDashboard.tsx(92,12): error TS1005: ';' expected.
src/components/ui/Feedback/FeedbackDashboard.tsx(93,9): error TS2657: JSX expressions must have one parent element.
src/components/ui/Feedback/FeedbackDashboard.tsx(115,7): error TS1128: Declaration or statement expected.
src/components/ui/Feedback/FeedbackDashboard.tsx(118,12): error TS1005: ';' expected.
src/components/ui/Feedback/FeedbackDashboard.tsx(119,9): error TS2657: JSX expressions must have one parent element.
src/components/ui/Feedback/FeedbackDashboard.tsx(133,35): error TS1351: An identifier or keyword cannot immediately follow a numeric literal.
src/components/ui/Feedback/FeedbackDashboard.tsx(133,50): error TS1005: '...' expected.
src/components/ui/Feedback/FeedbackDashboard.tsx(133,90): error TS1003: Identifier expected.
src/components/ui/Feedback/FeedbackDashboard.tsx(133,91): error TS1382: Unexpected token. Did you mean `{'>'}` or `&gt;`?
src/components/ui/Feedback/FeedbackDashboard.tsx(135,17): error TS17002: Expected corresponding JSX closing tag for 'div'.
src/components/ui/Feedback/FeedbackDashboard.tsx(138,13): error TS17002: Expected corresponding JSX closing tag for 'Card'.
src/components/ui/Feedback/FeedbackDashboard.tsx(139,9): error TS1128: Declaration or statement expected.
src/components/ui/Feedback/FeedbackDashboard.tsx(141,9): error TS2657: JSX expressions must have one parent element.
src/components/ui/Feedback/FeedbackDashboard.tsx(164,7): error TS1128: Declaration or statement expected.
src/components/ui/Feedback/FeedbackDashboard.tsx(167,13): error TS1005: ';' expected.
src/components/ui/Feedback/FeedbackDashboard.tsx(168,9): error TS2657: JSX expressions must have one parent element.
src/components/ui/Feedback/FeedbackDashboard.tsx(178,43): error TS1005: '}' expected.
src/components/ui/Feedback/FeedbackDashboard.tsx(178,78): error TS1005: '...' expected.
src/components/ui/Feedback/FeedbackDashboard.tsx(178,118): error TS1005: '...' expected.
src/components/ui/Feedback/FeedbackDashboard.tsx(178,153): error TS1003: Identifier expected.
src/components/ui/Feedback/FeedbackDashboard.tsx(178,154): error TS1382: Unexpected token. Did you mean `{'>'}` or `&gt;`?
src/components/ui/Feedback/FeedbackDashboard.tsx(180,23): error TS17002: Expected corresponding JSX closing tag for 'div'.
src/components/ui/Feedback/FeedbackDashboard.tsx(199,13): error TS1005: ')' expected.
src/components/ui/Feedback/FeedbackDashboard.tsx(200,11): error TS1128: Declaration or statement expected.
src/components/ui/Feedback/FeedbackDashboard.tsx(200,12): error TS1128: Declaration or statement expected.
src/components/ui/Feedback/FeedbackDashboard.tsx(200,13): error TS1128: Declaration or statement expected.
src/components/ui/Feedback/FeedbackDashboard.tsx(201,9): error TS1128: Declaration or statement expected.
src/components/ui/Feedback/FeedbackDashboard.tsx(202,7): error TS1109: Expression expected.
src/components/ui/Feedback/FeedbackDashboard.tsx(205,13): error TS1005: ';' expected.
src/components/ui/Feedback/FeedbackDashboard.tsx(206,9): error TS2657: JSX expressions must have one parent element.
src/components/ui/Feedback/FeedbackDashboard.tsx(219,39): error TS1005: '}' expected.
src/components/ui/Feedback/FeedbackDashboard.tsx(219,74): error TS1005: '...' expected.
src/components/ui/Feedback/FeedbackDashboard.tsx(219,114): error TS1005: '...' expected.
src/components/ui/Feedback/FeedbackDashboard.tsx(219,149): error TS1003: Identifier expected.
src/components/ui/Feedback/FeedbackDashboard.tsx(219,150): error TS1382: Unexpected token. Did you mean `{'>'}` or `&gt;`?
src/components/ui/Feedback/FeedbackDashboard.tsx(221,19): error TS17002: Expected corresponding JSX closing tag for 'div'.
src/components/ui/Feedback/FeedbackDashboard.tsx(223,13): error TS1005: ')' expected.
src/components/ui/Feedback/FeedbackDashboard.tsx(224,11): error TS1128: Declaration or statement expected.
src/components/ui/Feedback/FeedbackDashboard.tsx(224,12): error TS1128: Declaration or statement expected.
src/components/ui/Feedback/FeedbackDashboard.tsx(224,13): error TS1128: Declaration or statement expected.
src/components/ui/Feedback/FeedbackDashboard.tsx(225,9): error TS1128: Declaration or statement expected.
src/components/ui/Feedback/FeedbackDashboard.tsx(226,7): error TS1109: Expression expected.
src/components/ui/Feedback/FeedbackDashboard.tsx(229,12): error TS1005: ';' expected.
src/components/ui/Feedback/FeedbackDashboard.tsx(231,15): error TS1005: ';' expected.
src/components/ui/Feedback/FeedbackDashboard.tsx(232,11): error TS2657: JSX expressions must have one parent element.
src/components/ui/Feedback/FeedbackDashboard.tsx(246,9): error TS1128: Declaration or statement expected.
src/components/ui/Feedback/FeedbackDashboard.tsx(249,15): error TS1005: ';' expected.
src/components/ui/Feedback/FeedbackDashboard.tsx(250,11): error TS2657: JSX expressions must have one parent element.
src/components/ui/Feedback/FeedbackDashboard.tsx(264,9): error TS1128: Declaration or statement expected.
src/components/ui/Feedback/FeedbackDashboard.tsx(267,15): error TS1005: ';' expected.
src/components/ui/Feedback/FeedbackDashboard.tsx(268,11): error TS2657: JSX expressions must have one parent element.
src/components/ui/Feedback/FeedbackDashboard.tsx(282,9): error TS1128: Declaration or statement expected.
src/components/ui/Feedback/FeedbackDashboard.tsx(283,7): error TS1109: Expression expected.
src/components/ui/Feedback/FeedbackDashboard.tsx(286,13): error TS1005: ';' expected.
src/components/ui/Feedback/FeedbackDashboard.tsx(287,9): error TS2657: JSX expressions must have one parent element.
src/components/ui/Feedback/FeedbackDashboard.tsx(290,13): error TS2657: JSX expressions must have one parent element.
src/components/ui/Feedback/FeedbackDashboard.tsx(293,15): error TS1005: '}' expected.
src/components/ui/Feedback/FeedbackDashboard.tsx(294,15): error TS1005: '}' expected.
src/components/ui/Feedback/FeedbackDashboard.tsx(295,15): error TS1005: '}' expected.
src/components/ui/Feedback/FeedbackDashboard.tsx(299,41): error TS1005: '}' expected.
src/components/ui/Feedback/FeedbackDashboard.tsx(299,76): error TS1005: '...' expected.
src/components/ui/Feedback/FeedbackDashboard.tsx(299,113): error TS1005: '...' expected.
src/components/ui/Feedback/FeedbackDashboard.tsx(299,145): error TS1003: Identifier expected.
src/components/ui/Feedback/FeedbackDashboard.tsx(299,146): error TS1382: Unexpected token. Did you mean `{'>'}` or `&gt;`?
src/components/ui/Feedback/FeedbackDashboard.tsx(301,21): error TS17002: Expected corresponding JSX closing tag for 'div'.
src/components/ui/Feedback/FeedbackDashboard.tsx(312,17): error TS17002: Expected corresponding JSX closing tag for 'motion.div'.
src/components/ui/Feedback/FeedbackDashboard.tsx(314,13): error TS1005: ')' expected.
src/components/ui/Feedback/FeedbackDashboard.tsx(314,15): error TS17002: Expected corresponding JSX closing tag for 'div'.
src/components/ui/Feedback/FeedbackDashboard.tsx(315,11): error TS1128: Declaration or statement expected.
src/components/ui/Feedback/FeedbackDashboard.tsx(315,12): error TS1128: Declaration or statement expected.
src/components/ui/Feedback/FeedbackDashboard.tsx(315,13): error TS1128: Declaration or statement expected.
src/components/ui/Feedback/FeedbackDashboard.tsx(316,9): error TS1128: Declaration or statement expected.
src/components/ui/Feedback/FeedbackDashboard.tsx(317,7): error TS1109: Expression expected.
src/components/ui/Feedback/FeedbackDashboard.tsx(318,5): error TS1109: Expression expected.
src/components/ui/Feedback/FeedbackDashboard.tsx(319,3): error TS1109: Expression expected.
src/components/ui/Feedback/FeedbackDashboard.tsx(320,1): error TS1128: Declaration or statement expected.
src/components/ui/Feedback/FeedbackDashboard.tsx(321,1): error TS1128: Declaration or statement expected.
src/components/ui/Feedback/FeedbackDashboard.tsx(322,1): error TS1128: Declaration or statement expected.
src/components/ui/Feedback/FeedbackIntegration.tsx(27,14): error TS1005: ';' expected.
src/components/ui/Feedback/FeedbackIntegration.tsx(66,4): error TS1128: Declaration or statement expected.
src/components/ui/Feedback/FeedbackIntegration.tsx(66,64): error TS1005: ';' expected.
src/components/ui/Feedback/FeedbackIntegration.tsx(74,4): error TS1128: Declaration or statement expected.
src/components/ui/Feedback/FeedbackIntegration.tsx(74,54): error TS1005: ';' expected.
src/components/ui/Feedback/FeedbackIntegration.tsx(81,4): error TS1128: Declaration or statement expected.
src/components/ui/Feedback/FeedbackIntegration.tsx(81,56): error TS1005: ';' expected.
src/components/ui/Feedback/FeedbackIntegration.tsx(136,14): error TS1005: ';' expected.
src/components/ui/Feedback/FeedbackIntegration.tsx(136,16): error TS1434: Unexpected keyword or identifier.
src/components/ui/Feedback/FeedbackIntegration.tsx(139,101): error TS1109: Expression expected.
src/components/ui/Feedback/FeedbackIntegration.tsx(141,1): error TS1128: Declaration or statement expected.
src/components/ui/Feedback/FeedbackIntegration.tsx(143,103): error TS1109: Expression expected.
src/components/ui/Feedback/FeedbackIntegration.tsx(145,1): error TS1128: Declaration or statement expected.
src/components/ui/Feedback/FeedbackIntegration.tsx(147,108): error TS1109: Expression expected.
src/components/ui/Feedback/FeedbackIntegration.tsx(149,1): error TS1128: Declaration or statement expected.
src/components/ui/Feedback/FeedbackIntegration.tsx(187,2): error TS1005: '}' expected.
src/components/ui/Feedback/FeedbackManager.tsx(22,1): error TS1131: Property or signature expected.
src/components/ui/Feedback/FeedbackManager.tsx(37,1): error TS1131: Property or signature expected.
src/components/ui/Feedback/FeedbackManager.tsx(75,4): error TS1128: Declaration or statement expected.
src/components/ui/Feedback/FeedbackManager.tsx(75,23): error TS1005: ';' expected.
src/components/ui/Feedback/FeedbackManager.tsx(161,7): error TS1005: ',' expected.
src/components/ui/Feedback/FeedbackManager.tsx(204,4): error TS1128: Declaration or statement expected.
src/components/ui/Feedback/FeedbackManager.tsx(204,9): error TS1434: Unexpected keyword or identifier.
src/components/ui/Feedback/FeedbackManager.tsx(204,42): error TS1005: ';' expected.
src/components/ui/Feedback/FeedbackManager.tsx(210,12): error TS17008: JSX element 'AnimatePresence' has no corresponding closing tag.
src/components/ui/Feedback/FeedbackManager.tsx(252,66): error TS1005: ':' expected.
src/components/ui/Feedback/FeedbackManager.tsx(252,67): error TS1005: '...' expected.
src/components/ui/Feedback/FeedbackManager.tsx(252,81): error TS1003: Identifier expected.
src/components/ui/Feedback/FeedbackManager.tsx(254,19): error TS1381: Unexpected token. Did you mean `{'}'}` or `&rbrace;`?
src/components/ui/Feedback/FeedbackManager.tsx(255,17): error TS1382: Unexpected token. Did you mean `{'>'}` or `&gt;`?
src/components/ui/Feedback/FeedbackManager.tsx(268,16): error TS1005: ')' expected.
src/components/ui/Feedback/FeedbackManager.tsx(269,13): error TS1381: Unexpected token. Did you mean `{'}'}` or `&rbrace;`?
src/components/ui/Feedback/FeedbackManager.tsx(269,15): error TS1381: Unexpected token. Did you mean `{'}'}` or `&rbrace;`?
src/components/ui/Feedback/FeedbackManager.tsx(270,13): error TS17015: Expected corresponding closing tag for JSX fragment.
src/components/ui/Feedback/FeedbackManager.tsx(271,9): error TS1005: ')' expected.
src/components/ui/Feedback/FeedbackManager.tsx(272,7): error TS1109: Expression expected.
src/components/ui/Feedback/FeedbackManager.tsx(272,8): error TS1128: Declaration or statement expected.
src/components/ui/Feedback/FeedbackManager.tsx(272,9): error TS1128: Declaration or statement expected.
src/components/ui/Feedback/FeedbackManager.tsx(273,5): error TS1128: Declaration or statement expected.
src/components/ui/Feedback/FeedbackManager.tsx(273,7): error TS1109: Expression expected.
src/components/ui/Feedback/FeedbackManager.tsx(274,3): error TS1109: Expression expected.
src/components/ui/Feedback/FeedbackManager.tsx(275,1): error TS1128: Declaration or statement expected.
src/components/ui/Feedback/FeedbackManager.tsx(278,1): error TS1128: Declaration or statement expected.
src/components/ui/Feedback/FeedbackManager.tsx(279,1): error TS1128: Declaration or statement expected.
src/components/ui/Feedback/index.ts(4,10): error TS1003: Identifier expected.
src/components/ui/Feedback/index.ts(14,10): error TS1003: Identifier expected.
src/components/ui/FileUpload/__tests__/FileUpload.test.tsx(141,6): error TS1005: ',' expected.
src/components/ui/FileUpload/__tests__/FileUpload.test.tsx(147,6): error TS1005: ',' expected.
src/components/ui/FileUpload/__tests__/FileUpload.test.tsx(221,6): error TS1005: ',' expected.
src/components/ui/FileUpload/__tests__/FileUpload.test.tsx(228,6): error TS1005: ',' expected.
src/components/ui/FileUpload/__tests__/FileUpload.test.tsx(246,1): error TS1128: Declaration or statement expected.
src/components/ui/FileUpload/__tests__/FileUpload.test.tsx(247,1): error TS1128: Declaration or statement expected.
src/components/ui/FileUpload/FileUpload.tsx(17,1): error TS1131: Property or signature expected.
src/components/ui/FileUpload/FileUpload.tsx(19,1): error TS1128: Declaration or statement expected.
src/components/ui/FileUpload/FileUpload.tsx(20,1): error TS1128: Declaration or statement expected.
src/components/ui/FileUpload/FileUpload.tsx(21,1): error TS1128: Declaration or statement expected.
src/components/ui/FileUpload/FileUpload.tsx(22,1): error TS1128: Declaration or statement expected.
src/components/ui/FileUpload/FileUpload.tsx(23,11): error TS1109: Expression expected.
src/components/ui/FileUpload/FileUpload.tsx(44,19): error TS1005: ';' expected.
src/components/ui/FileUpload/FileUpload.tsx(44,24): error TS1434: Unexpected keyword or identifier.
src/components/ui/FileUpload/FileUpload.tsx(44,29): error TS1434: Unexpected keyword or identifier.
src/components/ui/FileUpload/FileUpload.tsx(44,32): error TS1434: Unexpected keyword or identifier.
src/components/ui/FileUpload/FileUpload.tsx(44,37): error TS1434: Unexpected keyword or identifier.
src/components/ui/FileUpload/FileUpload.tsx(44,42): error TS1434: Unexpected keyword or identifier.
src/components/ui/FileUpload/FileUpload.tsx(61,6): error TS1128: Declaration or statement expected.
src/components/ui/FileUpload/FileUpload.tsx(98,22): error TS1005: ',' expected.
src/components/ui/FileUpload/FileUpload.tsx(98,27): error TS1005: ',' expected.
src/components/ui/FileUpload/FileUpload.tsx(98,33): error TS1005: ',' expected.
src/components/ui/FileUpload/FileUpload.tsx(98,36): error TS1005: ',' expected.
src/components/ui/FileUpload/FileUpload.tsx(110,4): error TS1128: Declaration or statement expected.
src/components/ui/FileUpload/FileUpload.tsx(110,42): error TS1005: ';' expected.
src/components/ui/FileUpload/FileUpload.tsx(116,4): error TS1128: Declaration or statement expected.
src/components/ui/FileUpload/FileUpload.tsx(116,16): error TS1005: ';' expected.
src/components/ui/FileUpload/FileUpload.tsx(129,4): error TS1128: Declaration or statement expected.
src/components/ui/FileUpload/FileUpload.tsx(129,29): error TS1005: ';' expected.
src/components/ui/FileUpload/FileUpload.tsx(155,8): error TS1128: Declaration or statement expected.
src/components/ui/FileUpload/FileUpload.tsx(164,5): error TS2657: JSX expressions must have one parent element.
src/components/ui/FileUpload/FileUpload.tsx(177,20): error TS1005: '}' expected.
src/components/ui/FileUpload/FileUpload.tsx(178,13): error TS1005: '...' expected.
src/components/ui/FileUpload/FileUpload.tsx(183,11): error TS1005: '}' expected.
src/components/ui/FileUpload/FileUpload.tsx(183,13): error TS1005: '...' expected.
src/components/ui/FileUpload/FileUpload.tsx(184,13): error TS1005: '...' expected.
src/components/ui/FileUpload/FileUpload.tsx(185,9): error TS1003: Identifier expected.
src/components/ui/FileUpload/FileUpload.tsx(193,28): error TS1005: '}' expected.
src/components/ui/FileUpload/FileUpload.tsx(193,61): error TS1381: Unexpected token. Did you mean `{'}'}` or `&rbrace;`?
src/components/ui/FileUpload/FileUpload.tsx(199,7): error TS1109: Expression expected.
src/components/ui/FileUpload/FileUpload.tsx(201,14): error TS1005: ';' expected.
src/components/ui/FileUpload/FileUpload.tsx(201,33): error TS1005: ';' expected.
src/components/ui/FileUpload/FileUpload.tsx(202,28): error TS1005: ',' expected.
src/components/ui/FileUpload/FileUpload.tsx(203,9): error TS1128: Declaration or statement expected.
src/components/ui/FileUpload/FileUpload.tsx(218,35): error TS1005: '}' expected.
src/components/ui/FileUpload/FileUpload.tsx(219,13): error TS1005: '...' expected.
src/components/ui/FileUpload/FileUpload.tsx(220,12): error TS1003: Identifier expected.
src/components/ui/FileUpload/FileUpload.tsx(220,13): error TS1382: Unexpected token. Did you mean `{'>'}` or `&gt;`?
src/components/ui/FileUpload/FileUpload.tsx(233,36): error TS1005: '}' expected.
src/components/ui/FileUpload/FileUpload.tsx(234,19): error TS1005: '...' expected.
src/components/ui/FileUpload/FileUpload.tsx(239,18): error TS1003: Identifier expected.
src/components/ui/FileUpload/FileUpload.tsx(243,15): error TS1382: Unexpected token. Did you mean `{'>'}` or `&gt;`?
src/components/ui/FileUpload/FileUpload.tsx(250,17): error TS17002: Expected corresponding JSX closing tag for 'div'.
src/components/ui/FileUpload/FileUpload.tsx(252,11): error TS1128: Declaration or statement expected.
src/components/ui/FileUpload/FileUpload.tsx(300,9): error TS1128: Declaration or statement expected.
src/components/ui/FileUpload/FileUpload.tsx(301,7): error TS1109: Expression expected.
src/components/ui/FileUpload/FileUpload.tsx(322,44): error TS1005: ',' expected.
src/components/ui/FileUpload/FileUpload.tsx(322,45): error TS1005: '...' expected.
src/components/ui/FileUpload/FileUpload.tsx(322,62): error TS1003: Identifier expected.
src/components/ui/FileUpload/FileUpload.tsx(323,22): error TS1382: Unexpected token. Did you mean `{'>'}` or `&gt;`?
src/components/ui/FileUpload/FileUpload.tsx(328,20): error TS1381: Unexpected token. Did you mean `{'}'}` or `&rbrace;`?
src/components/ui/FileUpload/FileUpload.tsx(350,54): error TS1005: '}' expected.
src/components/ui/FileUpload/FileUpload.tsx(351,27): error TS1005: '...' expected.
src/components/ui/FileUpload/FileUpload.tsx(358,26): error TS1003: Identifier expected.
src/components/ui/FileUpload/FileUpload.tsx(358,27): error TS1382: Unexpected token. Did you mean `{'>'}` or `&gt;`?
src/components/ui/FileUpload/FileUpload.tsx(362,27): error TS17002: Expected corresponding JSX closing tag for 'div'.
src/components/ui/FileUpload/FileUpload.tsx(373,23): error TS1005: '}' expected.
src/components/ui/FileUpload/FileUpload.tsx(386,15): error TS1005: ')' expected.
src/components/ui/FileUpload/FileUpload.tsx(387,15): error TS1381: Unexpected token. Did you mean `{'}'}` or `&rbrace;`?
src/components/ui/FileUpload/FileUpload.tsx(389,9): error TS1005: ')' expected.
src/components/ui/FileUpload/FileUpload.tsx(390,7): error TS1109: Expression expected.
src/components/ui/FileUpload/FileUpload.tsx(397,5): error TS1128: Declaration or statement expected.
src/components/ui/FileUpload/FileUpload.tsx(398,3): error TS1109: Expression expected.
src/components/ui/FileUpload/FileUpload.tsx(399,1): error TS1128: Declaration or statement expected.
src/components/ui/FileUpload/FileUpload.tsx(402,1): error TS1128: Declaration or statement expected.
src/components/ui/FileUpload/FileUpload.tsx(403,1): error TS1128: Declaration or statement expected.
src/components/ui/FloatingActionButton/FloatingActionButton.tsx(12,1): error TS1131: Property or signature expected.
src/components/ui/FloatingActionButton/FloatingActionButton.tsx(14,1): error TS1128: Declaration or statement expected.
src/components/ui/FloatingActionButton/FloatingActionButton.tsx(15,1): error TS1128: Declaration or statement expected.
src/components/ui/FloatingActionButton/FloatingActionButton.tsx(16,11): error TS1109: Expression expected.
src/components/ui/FloatingActionButton/FloatingActionButton.tsx(16,23): error TS1011: An element access expression should take an argument.
src/components/ui/FloatingActionButton/FloatingActionButton.tsx(17,12): error TS1109: Expression expected.
src/components/ui/FloatingActionButton/FloatingActionButton.tsx(18,12): error TS1109: Expression expected.
src/components/ui/FloatingActionButton/FloatingActionButton.tsx(19,8): error TS1109: Expression expected.
src/components/ui/FloatingActionButton/FloatingActionButton.tsx(20,11): error TS1109: Expression expected.
src/components/ui/FloatingActionButton/FloatingActionButton.tsx(21,9): error TS1109: Expression expected.
src/components/ui/FloatingActionButton/FloatingActionButton.tsx(22,11): error TS1109: Expression expected.
src/components/ui/FloatingActionButton/FloatingActionButton.tsx(22,23): error TS1109: Expression expected.
src/components/ui/FloatingActionButton/FloatingActionButton.tsx(23,13): error TS1109: Expression expected.
src/components/ui/FloatingActionButton/FloatingActionButton.tsx(24,12): error TS1109: Expression expected.
src/components/ui/FloatingActionButton/FloatingActionButton.tsx(80,6): error TS1005: ',' expected.
src/components/ui/FloatingActionButton/FloatingActionButton.tsx(80,22): error TS1005: ',' expected.
src/components/ui/FloatingActionButton/FloatingActionButton.tsx(80,32): error TS1005: ':' expected.
src/components/ui/FloatingActionButton/FloatingActionButton.tsx(81,5): error TS1434: Unexpected keyword or identifier.
src/components/ui/FloatingActionButton/FloatingActionButton.tsx(82,5): error TS1434: Unexpected keyword or identifier.
src/components/ui/FloatingActionButton/FloatingActionButton.tsx(83,18): error TS1005: ';' expected.
src/components/ui/FloatingActionButton/FloatingActionButton.tsx(84,5): error TS1434: Unexpected keyword or identifier.
src/components/ui/FloatingActionButton/FloatingActionButton.tsx(84,23): error TS1005: ';' expected.
src/components/ui/FloatingActionButton/FloatingActionButton.tsx(85,20): error TS1005: ';' expected.
src/components/ui/FloatingActionButton/FloatingActionButton.tsx(85,33): error TS1005: ';' expected.
src/components/ui/FloatingActionButton/FloatingActionButton.tsx(86,21): error TS1005: ';' expected.
src/components/ui/FloatingActionButton/FloatingActionButton.tsx(87,24): error TS1005: ';' expected.
src/components/ui/FloatingActionButton/FloatingActionButton.tsx(87,37): error TS1005: ';' expected.
src/components/ui/FloatingActionButton/FloatingActionButton.tsx(87,57): error TS1005: ';' expected.
src/components/ui/FloatingActionButton/FloatingActionButton.tsx(89,5): error TS1434: Unexpected keyword or identifier.
src/components/ui/FloatingActionButton/FloatingActionButton.tsx(90,5): error TS1434: Unexpected keyword or identifier.
src/components/ui/FloatingActionButton/FloatingActionButton.tsx(91,5): error TS1434: Unexpected keyword or identifier.
src/components/ui/FloatingActionButton/FloatingActionButton.tsx(105,26): error TS1005: '}' expected.
src/components/ui/FloatingActionButton/FloatingActionButton.tsx(105,27): error TS1005: '...' expected.
src/components/ui/FloatingActionButton/FloatingActionButton.tsx(105,58): error TS1003: Identifier expected.
src/components/ui/FloatingActionButton/FloatingActionButton.tsx(105,59): error TS1382: Unexpected token. Did you mean `{'>'}` or `&gt;`?
src/components/ui/FloatingActionButton/FloatingActionButton.tsx(111,43): error TS1005: ',' expected.
src/components/ui/FloatingActionButton/FloatingActionButton.tsx(111,44): error TS1005: '...' expected.
src/components/ui/FloatingActionButton/FloatingActionButton.tsx(111,58): error TS1003: Identifier expected.
src/components/ui/FloatingActionButton/FloatingActionButton.tsx(112,15): error TS1382: Unexpected token. Did you mean `{'>'}` or `&gt;`?
src/components/ui/FloatingActionButton/FloatingActionButton.tsx(120,26): error TS1005: '}' expected.
src/components/ui/FloatingActionButton/FloatingActionButton.tsx(124,23): error TS1005: '...' expected.
src/components/ui/FloatingActionButton/FloatingActionButton.tsx(125,23): error TS1005: '...' expected.
src/components/ui/FloatingActionButton/FloatingActionButton.tsx(126,19): error TS1003: Identifier expected.
src/components/ui/FloatingActionButton/FloatingActionButton.tsx(128,17): error TS1382: Unexpected token. Did you mean `{'>'}` or `&gt;`?
src/components/ui/FloatingActionButton/FloatingActionButton.tsx(130,19): error TS17002: Expected corresponding JSX closing tag for 'div'.
src/components/ui/FloatingActionButton/FloatingActionButton.tsx(131,17): error TS17015: Expected corresponding closing tag for JSX fragment.
src/components/ui/FloatingActionButton/FloatingActionButton.tsx(132,14): error TS1005: ';' expected.
src/components/ui/FloatingActionButton/FloatingActionButton.tsx(133,11): error TS1128: Declaration or statement expected.
src/components/ui/FloatingActionButton/FloatingActionButton.tsx(134,9): error TS1109: Expression expected.
src/components/ui/FloatingActionButton/FloatingActionButton.tsx(135,7): error TS1109: Expression expected.
src/components/ui/FloatingActionButton/FloatingActionButton.tsx(135,8): error TS1128: Declaration or statement expected.
src/components/ui/FloatingActionButton/FloatingActionButton.tsx(147,50): error TS1005: '}' expected.
src/components/ui/FloatingActionButton/FloatingActionButton.tsx(147,65): error TS1005: '...' expected.
src/components/ui/FloatingActionButton/FloatingActionButton.tsx(147,95): error TS1003: Identifier expected.
src/components/ui/FloatingActionButton/FloatingActionButton.tsx(147,96): error TS1382: Unexpected token. Did you mean `{'>'}` or `&gt;`?
src/components/ui/FloatingActionButton/FloatingActionButton.tsx(150,11): error TS1005: ')' expected.
src/components/ui/FloatingActionButton/FloatingActionButton.tsx(150,13): error TS17002: Expected corresponding JSX closing tag for 'button'.
src/components/ui/FloatingActionButton/FloatingActionButton.tsx(151,9): error TS1128: Declaration or statement expected.
src/components/ui/FloatingActionButton/FloatingActionButton.tsx(151,11): error TS1128: Declaration or statement expected.
src/components/ui/FloatingActionButton/FloatingActionButton.tsx(152,48): error TS1005: '}' expected.
src/components/ui/FloatingActionButton/FloatingActionButton.tsx(152,63): error TS1005: '...' expected.
src/components/ui/FloatingActionButton/FloatingActionButton.tsx(152,93): error TS1003: Identifier expected.
src/components/ui/FloatingActionButton/FloatingActionButton.tsx(155,10): error TS1128: Declaration or statement expected.
src/components/ui/FloatingActionButton/FloatingActionButton.tsx(156,7): error TS1128: Declaration or statement expected.
src/components/ui/FloatingActionButton/FloatingActionButton.tsx(157,5): error TS1109: Expression expected.
src/components/ui/FloatingActionButton/FloatingActionButton.tsx(157,7): error TS1109: Expression expected.
src/components/ui/FloatingActionButton/FloatingActionButton.tsx(158,3): error TS1109: Expression expected.
src/components/ui/FloatingActionButton/FloatingActionButton.tsx(159,1): error TS1128: Declaration or statement expected.
src/components/ui/FloatingActionButton/FloatingActionButton.tsx(160,1): error TS1128: Declaration or statement expected.
src/components/ui/FocusManagement/FocusTrap.tsx(11,7): error TS1005: ';' expected.
src/components/ui/FocusManagement/FocusTrap.tsx(31,8): error TS1005: ';' expected.
src/components/ui/FocusManagement/FocusTrap.tsx(31,16): error TS1005: ';' expected.
src/components/ui/FocusManagement/RovingTabIndex.tsx(12,7): error TS1005: ';' expected.
src/components/ui/FocusManagement/RovingTabIndex.tsx(31,4): error TS1128: Declaration or statement expected.
src/components/ui/FocusManagement/RovingTabIndex.tsx(31,16): error TS1005: ';' expected.
src/components/ui/FocusManagement/RovingTabIndex.tsx(55,4): error TS1128: Declaration or statement expected.
src/components/ui/Hero/HeroSection.tsx(26,1): error TS1131: Property or signature expected.
src/components/ui/Hero/HeroSection.tsx(41,1): error TS1005: ',' expected.
src/components/ui/Hero/HeroSection.tsx(83,34): error TS1005: '}' expected.
src/components/ui/Hero/HeroSection.tsx(83,63): error TS1005: '...' expected.
src/components/ui/Hero/HeroSection.tsx(83,103): error TS1005: '...' expected.
src/components/ui/Hero/HeroSection.tsx(83,113): error TS1003: Identifier expected.
src/components/ui/Hero/HeroSection.tsx(83,114): error TS1005: ',' expected.
src/components/ui/Hero/HeroSection.tsx(85,12): error TS1005: ';' expected.
src/components/ui/Hero/HeroSection.tsx(86,9): error TS2657: JSX expressions must have one parent element.
src/components/ui/Hero/HeroSection.tsx(88,7): error TS1128: Declaration or statement expected.
src/components/ui/Hero/HeroSection.tsx(95,13): error TS1005: '}' expected.
src/components/ui/Hero/HeroSection.tsx(96,13): error TS1005: '}' expected.
src/components/ui/Hero/HeroSection.tsx(98,13): error TS2657: JSX expressions must have one parent element.
src/components/ui/Hero/HeroSection.tsx(107,11): error TS1005: '}' expected.
src/components/ui/Hero/HeroSection.tsx(107,13): error TS17002: Expected corresponding JSX closing tag for 'div'.
src/components/ui/Hero/HeroSection.tsx(112,13): error TS1005: '}' expected.
src/components/ui/Hero/HeroSection.tsx(113,13): error TS1005: '}' expected.
src/components/ui/Hero/HeroSection.tsx(114,13): error TS1005: '}' expected.
src/components/ui/Hero/HeroSection.tsx(142,13): error TS1005: '}' expected.
src/components/ui/Hero/HeroSection.tsx(143,13): error TS1005: '}' expected.
src/components/ui/Hero/HeroSection.tsx(144,13): error TS1005: '}' expected.
src/components/ui/Hero/HeroSection.tsx(181,13): error TS1005: '}' expected.
src/components/ui/Hero/HeroSection.tsx(182,13): error TS1005: '}' expected.
src/components/ui/Hero/HeroSection.tsx(183,13): error TS1005: '}' expected.
src/components/ui/Hero/HeroSection.tsx(189,17): error TS1005: '}' expected.
src/components/ui/Hero/HeroSection.tsx(190,17): error TS1005: '}' expected.
src/components/ui/Hero/HeroSection.tsx(191,17): error TS1005: '}' expected.
src/components/ui/Hero/HeroSection.tsx(206,7): error TS1128: Declaration or statement expected.
src/components/ui/Hero/HeroSection.tsx(207,5): error TS1109: Expression expected.
src/components/ui/Hero/HeroSection.tsx(208,3): error TS1109: Expression expected.
src/components/ui/Hero/HeroSection.tsx(209,1): error TS1128: Declaration or statement expected.
src/components/ui/Hero/HeroSection.tsx(210,1): error TS1128: Declaration or statement expected.
src/components/ui/Hero/HeroSection.tsx(211,1): error TS1128: Declaration or statement expected.
src/components/ui/Image/ResponsiveImage.tsx(7,1): error TS1128: Declaration or statement expected.
src/components/ui/Image/ResponsiveImage.tsx(8,1): error TS1128: Declaration or statement expected.
src/components/ui/Image/ResponsiveImage.tsx(9,1): error TS1128: Declaration or statement expected.
src/components/ui/Image/ResponsiveImage.tsx(10,1): error TS1128: Declaration or statement expected.
src/components/ui/Image/ResponsiveImage.tsx(13,13): error TS1109: Expression expected.
src/components/ui/Image/ResponsiveImage.tsx(14,15): error TS1109: Expression expected.
src/components/ui/Image/ResponsiveImage.tsx(15,13): error TS1109: Expression expected.
src/components/ui/Image/ResponsiveImage.tsx(16,9): error TS1109: Expression expected.
src/components/ui/Image/ResponsiveImage.tsx(17,10): error TS1109: Expression expected.
src/components/ui/Image/ResponsiveImage.tsx(18,11): error TS1109: Expression expected.
src/components/ui/Image/ResponsiveImage.tsx(19,12): error TS1109: Expression expected.
src/components/ui/Image/ResponsiveImage.tsx(20,15): error TS1109: Expression expected.
src/components/ui/Image/ResponsiveImage.tsx(21,12): error TS1109: Expression expected.
src/components/ui/Image/ResponsiveImage.tsx(22,10): error TS1109: Expression expected.
src/components/ui/Image/ResponsiveImage.tsx(22,22): error TS1109: Expression expected.
src/components/ui/Image/ResponsiveImage.tsx(23,11): error TS1109: Expression expected.
src/components/ui/Image/ResponsiveImage.tsx(23,23): error TS1109: Expression expected.
src/components/ui/index.ts(15,9): error TS1003: Identifier expected.
src/components/ui/index.ts(53,9): error TS1003: Identifier expected.
src/components/ui/index.ts(70,9): error TS1003: Identifier expected.
src/components/ui/index.ts(87,9): error TS1003: Identifier expected.
src/components/ui/index.ts(98,9): error TS1003: Identifier expected.
src/components/ui/index.ts(136,14): error TS1003: Identifier expected.
src/components/ui/index.ts(149,14): error TS1003: Identifier expected.
src/components/ui/index.ts(158,14): error TS1003: Identifier expected.
src/components/ui/index.ts(172,14): error TS1003: Identifier expected.
src/components/ui/Input/__tests__/Input.test.tsx(261,10): error TS1109: Expression expected.
src/components/ui/Input/__tests__/Input.test.tsx(262,7): error TS1109: Expression expected.
src/components/ui/Input/Input.tsx(6,1): error TS1128: Declaration or statement expected.
src/components/ui/Input/Input.tsx(7,1): error TS1128: Declaration or statement expected.
src/components/ui/Input/Input.tsx(8,1): error TS1128: Declaration or statement expected.
src/components/ui/Input/Input.tsx(9,1): error TS1128: Declaration or statement expected.
src/components/ui/Input/Input.tsx(10,9): error TS1109: Expression expected.
src/components/ui/Input/Input.tsx(11,9): error TS1109: Expression expected.
src/components/ui/Input/Input.tsx(12,14): error TS1109: Expression expected.
src/components/ui/Input/Input.tsx(13,8): error TS1109: Expression expected.
src/components/ui/Input/Input.tsx(14,19): error TS1109: Expression expected.
src/components/ui/Input/Input.tsx(15,20): error TS1109: Expression expected.
src/components/ui/Input/Input.tsx(16,13): error TS1109: Expression expected.
src/components/ui/Input/Input.tsx(42,69): error TS1005: ',' expected.
src/components/ui/Input/Input.tsx(42,74): error TS1005: ',' expected.
src/components/ui/Input/Input.tsx(42,81): error TS1005: ',' expected.
src/components/ui/Input/Input.tsx(42,82): error TS1109: Expression expected.
src/components/ui/Input/Input.tsx(42,114): error TS1005: ')' expected.
src/components/ui/Input/Input.tsx(72,14): error TS1005: '}' expected.
src/components/ui/Input/Input.tsx(72,15): error TS1005: '...' expected.
src/components/ui/Input/Input.tsx(73,15): error TS1005: '...' expected.
src/components/ui/Input/Input.tsx(74,15): error TS1005: '...' expected.
src/components/ui/Input/Input.tsx(75,15): error TS1005: '...' expected.
src/components/ui/Input/Input.tsx(76,15): error TS1005: '...' expected.
src/components/ui/Input/Input.tsx(77,11): error TS1003: Identifier expected.
src/components/ui/Input/Input.tsx(81,10): error TS1382: Unexpected token. Did you mean `{'>'}` or `&gt;`?
src/components/ui/Input/Input.tsx(112,1): error TS1128: Declaration or statement expected.
src/components/ui/Input/Input.tsx(112,2): error TS1128: Declaration or statement expected.
src/components/ui/Layout/__tests__/AppLayout.test.tsx(44,1): error TS1005: ',' expected.
src/components/ui/Layout/__tests__/AppLayout.test.tsx(59,1): error TS1005: ',' expected.
src/components/ui/Layout/__tests__/AppLayout.test.tsx(191,1): error TS1128: Declaration or statement expected.
src/components/ui/Layout/__tests__/Container.test.tsx(146,6): error TS1128: Declaration or statement expected.
src/components/ui/Layout/__tests__/Container.test.tsx(149,1): error TS1128: Declaration or statement expected.
src/components/ui/Layout/__tests__/Grid.test.tsx(139,50): error TS1005: ',' expected.
src/components/ui/Layout/__tests__/ResponsiveUtility.test.tsx(10,18): error TS1003: Identifier expected.
src/components/ui/Layout/__tests__/ResponsiveUtility.test.tsx(11,12): error TS1003: Identifier expected.
src/components/ui/Layout/__tests__/ResponsiveUtility.test.tsx(12,15): error TS1003: Identifier expected.
src/components/ui/Layout/__tests__/ResponsiveUtility.test.tsx(13,17): error TS1003: Identifier expected.
src/components/ui/Layout/__tests__/ResponsiveUtility.test.tsx(14,18): error TS1003: Identifier expected.
src/components/ui/Layout/__tests__/ResponsiveUtility.test.tsx(15,17): error TS1005: ',' expected.
src/components/ui/Layout/__tests__/ResponsiveUtility.test.tsx(110,11): error TS1005: '}' expected.
src/components/ui/Layout/__tests__/ResponsiveUtility.test.tsx(111,11): error TS1005: '}' expected.
src/components/ui/Layout/__tests__/ResponsiveUtility.test.tsx(112,10): error TS1109: Expression expected.
src/components/ui/Layout/__tests__/ResponsiveUtility.test.tsx(113,7): error TS1109: Expression expected.
src/components/ui/Layout/__tests__/ResponsiveUtility.test.tsx(124,11): error TS1005: '}' expected.
src/components/ui/Layout/__tests__/ResponsiveUtility.test.tsx(125,10): error TS1109: Expression expected.
src/components/ui/Layout/__tests__/ResponsiveUtility.test.tsx(126,7): error TS1109: Expression expected.
src/components/ui/Layout/__tests__/ResponsiveUtility.test.tsx(325,1): error TS1128: Declaration or statement expected.
src/components/ui/Layout/__tests__/ResponsiveUtility.test.tsx(326,1): error TS1128: Declaration or statement expected.
src/components/ui/Layout/AppLayout.tsx(19,7): error TS1005: ';' expected.
src/components/ui/Layout/AppLayout.tsx(59,4): error TS1128: Declaration or statement expected.
src/components/ui/Layout/AppLayout.tsx(59,22): error TS1005: ';' expected.
src/components/ui/Layout/AppLayout.tsx(76,34): error TS1005: '}' expected.
src/components/ui/Layout/AppLayout.tsx(76,62): error TS1005: '...' expected.
src/components/ui/Layout/AppLayout.tsx(76,72): error TS1003: Identifier expected.
src/components/ui/Layout/AppLayout.tsx(76,73): error TS1005: ',' expected.
src/components/ui/Layout/AppLayout.tsx(78,12): error TS1005: ';' expected.
src/components/ui/Layout/AppLayout.tsx(86,11): error TS1005: '}' expected.
src/components/ui/Layout/AppLayout.tsx(90,9): error TS1005: '}' expected.
src/components/ui/Layout/AppLayout.tsx(100,13): error TS1005: '}' expected.
src/components/ui/Layout/AppLayout.tsx(103,11): error TS1005: '}' expected.
src/components/ui/Layout/AppLayout.tsx(107,7): error TS1128: Declaration or statement expected.
src/components/ui/Layout/AppLayout.tsx(123,7): error TS1128: Declaration or statement expected.
src/components/ui/Layout/AppLayout.tsx(141,18): error TS1005: '}' expected.
src/components/ui/Layout/AppLayout.tsx(141,19): error TS1005: '...' expected.
src/components/ui/Layout/AppLayout.tsx(142,27): error TS1005: ':' expected.
src/components/ui/Layout/AppLayout.tsx(143,23): error TS1005: '...' expected.
src/components/ui/Layout/AppLayout.tsx(145,19): error TS1003: Identifier expected.
src/components/ui/Layout/AppLayout.tsx(146,15): error TS1381: Unexpected token. Did you mean `{'}'}` or `&rbrace;`?
src/components/ui/Layout/AppLayout.tsx(147,13): error TS1382: Unexpected token. Did you mean `{'>'}` or `&gt;`?
src/components/ui/Layout/AppLayout.tsx(149,22): error TS1005: '}' expected.
src/components/ui/Layout/AppLayout.tsx(150,19): error TS1005: '...' expected.
src/components/ui/Layout/AppLayout.tsx(151,15): error TS1003: Identifier expected.
src/components/ui/Layout/AppLayout.tsx(151,16): error TS1382: Unexpected token. Did you mean `{'>'}` or `&gt;`?
src/components/ui/Layout/AppLayout.tsx(180,17): error TS17015: Expected corresponding closing tag for JSX fragment.
src/components/ui/Layout/AppLayout.tsx(181,13): error TS1005: ')' expected.
src/components/ui/Layout/AppLayout.tsx(181,15): error TS17002: Expected corresponding JSX closing tag for 'div'.
src/components/ui/Layout/AppLayout.tsx(182,11): error TS1128: Declaration or statement expected.
src/components/ui/Layout/AppLayout.tsx(182,13): error TS1109: Expression expected.
src/components/ui/Layout/AppLayout.tsx(183,9): error TS1109: Expression expected.
src/components/ui/Layout/AppLayout.tsx(184,9): error TS1131: Property or signature expected.
src/components/ui/Layout/AppLayout.tsx(187,20): error TS1005: '}' expected.
src/components/ui/Layout/AppLayout.tsx(188,15): error TS1005: '...' expected.
src/components/ui/Layout/AppLayout.tsx(189,11): error TS1003: Identifier expected.
src/components/ui/Layout/AppLayout.tsx(189,12): error TS1382: Unexpected token. Did you mean `{'>'}` or `&gt;`?
src/components/ui/Layout/AppLayout.tsx(191,13): error TS17002: Expected corresponding JSX closing tag for 'main'.
src/components/ui/Layout/AppLayout.tsx(192,9): error TS1128: Declaration or statement expected.
src/components/ui/Layout/AppLayout.tsx(193,7): error TS1109: Expression expected.
src/components/ui/Layout/AppLayout.tsx(201,5): error TS1128: Declaration or statement expected.
src/components/ui/Layout/AppLayout.tsx(202,3): error TS1109: Expression expected.
src/components/ui/Layout/AppLayout.tsx(203,1): error TS1128: Declaration or statement expected.
src/components/ui/Layout/AppLayout.tsx(206,1): error TS1128: Declaration or statement expected.
src/components/ui/Layout/AppLayout.tsx(207,1): error TS1128: Declaration or statement expected.
src/components/ui/Layout/Container.tsx(6,1): error TS1128: Declaration or statement expected.
src/components/ui/Layout/Container.tsx(7,1): error TS1128: Declaration or statement expected.
src/components/ui/Layout/Container.tsx(8,1): error TS1128: Declaration or statement expected.
src/components/ui/Layout/Container.tsx(9,1): error TS1128: Declaration or statement expected.
src/components/ui/Layout/Container.tsx(11,8): error TS1109: Expression expected.
src/components/ui/Layout/Container.tsx(12,11): error TS1109: Expression expected.
src/components/ui/Layout/Container.tsx(13,12): error TS1109: Expression expected.
src/components/ui/Layout/Container.tsx(14,12): error TS1109: Expression expected.
src/components/ui/Layout/Container.tsx(15,10): error TS1109: Expression expected.
src/components/ui/Layout/Container.tsx(16,9): error TS1109: Expression expected.
src/components/ui/Layout/Container.tsx(17,13): error TS1109: Expression expected.
src/components/ui/Layout/Container.tsx(18,6): error TS1109: Expression expected.
src/components/ui/Layout/Container.tsx(18,14): error TS1005: ';' expected.
src/components/ui/Layout/Grid.tsx(6,1): error TS1128: Declaration or statement expected.
src/components/ui/Layout/Grid.tsx(7,1): error TS1128: Declaration or statement expected.
src/components/ui/Layout/Grid.tsx(8,1): error TS1128: Declaration or statement expected.
src/components/ui/Layout/Grid.tsx(9,1): error TS1128: Declaration or statement expected.
src/components/ui/Layout/Grid.tsx(11,8): error TS1109: Expression expected.
src/components/ui/Layout/Grid.tsx(12,10): error TS1109: Expression expected.
src/components/ui/Layout/Grid.tsx(13,10): error TS1109: Expression expected.
src/components/ui/Layout/Grid.tsx(14,10): error TS1109: Expression expected.
src/components/ui/Layout/Grid.tsx(15,10): error TS1109: Expression expected.
src/components/ui/Layout/Grid.tsx(16,7): error TS1109: Expression expected.
src/components/ui/Layout/Grid.tsx(17,8): error TS1109: Expression expected.
src/components/ui/Layout/Grid.tsx(18,8): error TS1109: Expression expected.
src/components/ui/Layout/Grid.tsx(19,8): error TS1109: Expression expected.
src/components/ui/Layout/Grid.tsx(20,12): error TS1109: Expression expected.
src/components/ui/Layout/Grid.tsx(21,12): error TS1109: Expression expected.
src/components/ui/Layout/Grid.tsx(22,14): error TS1109: Expression expected.
src/components/ui/Layout/Grid.tsx(23,16): error TS1109: Expression expected.
src/components/ui/Layout/Grid.tsx(24,13): error TS1109: Expression expected.
src/components/ui/Layout/Grid.tsx(25,6): error TS1109: Expression expected.
src/components/ui/Layout/Grid.tsx(25,14): error TS1005: ';' expected.
src/components/ui/Layout/Grid.tsx(48,33): error TS1005: ':' expected.
src/components/ui/Layout/Grid.tsx(48,43): error TS1110: Type expected.
src/components/ui/Layout/Grid.tsx(48,45): error TS1134: Variable declaration expected.
src/components/ui/Layout/Grid.tsx(50,11): error TS1005: ',' expected.
src/components/ui/Layout/Grid.tsx(50,22): error TS1005: ',' expected.
src/components/ui/Layout/Grid.tsx(50,26): error TS1005: ',' expected.
src/components/ui/Layout/Grid.tsx(51,8): error TS1005: ';' expected.
src/components/ui/Layout/Grid.tsx(51,10): error TS1434: Unexpected keyword or identifier.
src/components/ui/Layout/Grid.tsx(52,8): error TS1005: ';' expected.
src/components/ui/Layout/Grid.tsx(52,10): error TS1434: Unexpected keyword or identifier.
src/components/ui/Layout/Grid.tsx(53,8): error TS1005: ';' expected.
src/components/ui/Layout/Grid.tsx(53,10): error TS1434: Unexpected keyword or identifier.
src/components/ui/Layout/Grid.tsx(54,8): error TS1005: ';' expected.
src/components/ui/Layout/Grid.tsx(54,10): error TS1434: Unexpected keyword or identifier.
src/components/ui/Layout/Grid.tsx(55,8): error TS1005: ';' expected.
src/components/ui/Layout/Grid.tsx(55,10): error TS1434: Unexpected keyword or identifier.
src/components/ui/Layout/Grid.tsx(56,8): error TS1005: ';' expected.
src/components/ui/Layout/Grid.tsx(56,10): error TS1434: Unexpected keyword or identifier.
src/components/ui/Layout/Grid.tsx(57,9): error TS1005: ';' expected.
src/components/ui/Layout/Grid.tsx(57,11): error TS1434: Unexpected keyword or identifier.
src/components/ui/Layout/Grid.tsx(59,33): error TS1005: ';' expected.
src/components/ui/Layout/Grid.tsx(179,1): error TS1128: Declaration or statement expected.
src/components/ui/Layout/Grid.tsx(180,1): error TS1128: Declaration or statement expected.
src/components/ui/Layout/Grid.tsx(181,1): error TS1128: Declaration or statement expected.
src/components/ui/Layout/Grid.tsx(182,1): error TS1128: Declaration or statement expected.
src/components/ui/Layout/Grid.tsx(184,11): error TS1109: Expression expected.
src/components/ui/Layout/Grid.tsx(185,13): error TS1109: Expression expected.
src/components/ui/Layout/Grid.tsx(186,13): error TS1109: Expression expected.
src/components/ui/Layout/Grid.tsx(187,13): error TS1109: Expression expected.
src/components/ui/Layout/Grid.tsx(188,13): error TS1109: Expression expected.
src/components/ui/Layout/Grid.tsx(189,11): error TS1109: Expression expected.
src/components/ui/Layout/Grid.tsx(190,12): error TS1109: Expression expected.
src/components/ui/Layout/Grid.tsx(191,10): error TS1109: Expression expected.
src/components/ui/Layout/Grid.tsx(192,12): error TS1109: Expression expected.
src/components/ui/Layout/Grid.tsx(193,10): error TS1109: Expression expected.
src/components/ui/Layout/Grid.tsx(194,15): error TS1109: Expression expected.
src/components/ui/Layout/Grid.tsx(195,13): error TS1109: Expression expected.
src/components/ui/Layout/Grid.tsx(196,13): error TS1109: Expression expected.
src/components/ui/Layout/Grid.tsx(197,6): error TS1109: Expression expected.
src/components/ui/Layout/Grid.tsx(197,14): error TS1005: ';' expected.
src/components/ui/Layout/Grid.tsx(220,33): error TS1005: ':' expected.
src/components/ui/Layout/Grid.tsx(220,43): error TS1110: Type expected.
src/components/ui/Layout/Grid.tsx(220,45): error TS1134: Variable declaration expected.
src/components/ui/Layout/Grid.tsx(221,34): error TS1005: ';' expected.
src/components/ui/Layout/Grid.tsx(222,13): error TS1005: ';' expected.
src/components/ui/Layout/Grid.tsx(222,34): error TS1005: ';' expected.
src/components/ui/Layout/Grid.tsx(229,22): error TS1005: ';' expected.
src/components/ui/Layout/Grid.tsx(236,23): error TS1005: ';' expected.
src/components/ui/Layout/Grid.tsx(242,21): error TS1005: ';' expected.
src/components/ui/Layout/Grid.tsx(248,23): error TS1005: ';' expected.
src/components/ui/Layout/Grid.tsx(254,21): error TS1005: ';' expected.
src/components/ui/Layout/Grid.tsx(304,1): error TS1128: Declaration or statement expected.
src/components/ui/Layout/Header.tsx(15,1): error TS1131: Property or signature expected.
src/components/ui/Layout/Header.tsx(29,7): error TS1005: ';' expected.
src/components/ui/Layout/Header.tsx(45,14): error TS1005: '}' expected.
src/components/ui/Layout/Header.tsx(46,9): error TS1005: '...' expected.
src/components/ui/Layout/Header.tsx(47,5): error TS1003: Identifier expected.
src/components/ui/Layout/Header.tsx(47,6): error TS1005: ';' expected.
src/components/ui/Layout/Header.tsx(175,5): error TS1128: Declaration or statement expected.
src/components/ui/Layout/Header.tsx(176,3): error TS1109: Expression expected.
src/components/ui/Layout/Header.tsx(177,1): error TS1128: Declaration or statement expected.
src/components/ui/Layout/Header.tsx(180,1): error TS1128: Declaration or statement expected.
src/components/ui/Layout/ResponsiveGrid.tsx(17,7): error TS1005: ';' expected.
src/components/ui/Layout/ResponsiveGrid.tsx(52,25): error TS1005: ',' expected.
src/components/ui/Layout/ResponsiveGrid.tsx(52,27): error TS1005: ',' expected.
src/components/ui/Layout/ResponsiveGrid.tsx(52,54): error TS1005: ',' expected.
src/components/ui/Layout/ResponsiveGrid.tsx(52,57): error TS1005: ',' expected.
src/components/ui/Layout/ResponsiveGrid.tsx(53,25): error TS1005: ',' expected.
src/components/ui/Layout/ResponsiveGrid.tsx(53,27): error TS1005: ',' expected.
src/components/ui/Layout/ResponsiveGrid.tsx(53,54): error TS1005: ',' expected.
src/components/ui/Layout/ResponsiveGrid.tsx(53,57): error TS1005: ',' expected.
src/components/ui/Layout/ResponsiveGrid.tsx(54,25): error TS1005: ',' expected.
src/components/ui/Layout/ResponsiveGrid.tsx(54,27): error TS1005: ',' expected.
src/components/ui/Layout/ResponsiveGrid.tsx(54,54): error TS1005: ',' expected.
src/components/ui/Layout/ResponsiveGrid.tsx(54,57): error TS1005: ',' expected.
src/components/ui/Layout/ResponsiveGrid.tsx(55,25): error TS1005: ',' expected.
src/components/ui/Layout/ResponsiveGrid.tsx(55,27): error TS1005: ',' expected.
src/components/ui/Layout/ResponsiveGrid.tsx(55,54): error TS1005: ',' expected.
src/components/ui/Layout/ResponsiveGrid.tsx(55,57): error TS1005: ',' expected.
src/components/ui/Layout/ResponsiveGrid.tsx(71,8): error TS1005: ';' expected.
src/components/ui/Layout/ResponsiveGrid.tsx(71,16): error TS1005: ';' expected.
src/components/ui/Layout/ResponsiveGrid.tsx(71,31): error TS1005: '}' expected.
src/components/ui/Layout/ResponsiveLayout.tsx(11,7): error TS1005: ';' expected.
src/components/ui/Layout/ResponsiveLayout.tsx(47,8): error TS1005: ';' expected.
src/components/ui/Layout/ResponsiveLayout.tsx(47,16): error TS1005: ';' expected.
src/components/ui/Layout/ResponsiveUtility.tsx(11,14): error TS1005: ';' expected.
src/components/ui/Layout/ResponsiveUtility.tsx(21,14): error TS1005: ';' expected.
src/components/ui/Layout/ResponsiveUtility.tsx(30,14): error TS1005: ';' expected.
src/components/ui/Layout/ResponsiveUtility.tsx(39,14): error TS1005: ';' expected.
src/components/ui/Layout/ResponsiveUtility.tsx(48,14): error TS1005: ';' expected.
src/components/ui/Layout/ResponsiveUtility.tsx(54,1): error TS1131: Property or signature expected.
src/components/ui/Layout/ResponsiveUtility.tsx(63,14): error TS1005: ';' expected.
src/components/ui/Layout/ResponsiveUtility.tsx(71,5): error TS1005: '}' expected.
src/components/ui/Layout/ResponsiveUtility.tsx(72,5): error TS1005: '}' expected.
src/components/ui/Layout/ResponsiveUtility.tsx(73,3): error TS1005: '}' expected.
src/components/ui/Layout/ResponsiveUtility.tsx(76,1): error TS1131: Property or signature expected.
src/components/ui/Layout/ResponsiveUtility.tsx(84,14): error TS1005: ';' expected.
src/components/ui/Layout/ResponsiveUtility.tsx(106,1): error TS1131: Property or signature expected.
src/components/ui/Layout/ResponsiveUtility.tsx(108,1): error TS1128: Declaration or statement expected.
src/components/ui/Layout/ResponsiveUtility.tsx(109,1): error TS1128: Declaration or statement expected.
src/components/ui/Layout/ResponsiveUtility.tsx(110,1): error TS1128: Declaration or statement expected.
src/components/ui/Layout/ResponsiveUtility.tsx(111,1): error TS1128: Declaration or statement expected.
src/components/ui/Layout/ResponsiveUtility.tsx(113,8): error TS1109: Expression expected.
src/components/ui/Layout/ResponsiveUtility.tsx(114,6): error TS1109: Expression expected.
src/components/ui/Layout/ResponsiveUtility.tsx(115,8): error TS1109: Expression expected.
src/components/ui/Layout/ResponsiveUtility.tsx(165,14): error TS1005: ';' expected.
src/components/ui/Layout/ResponsiveUtility.tsx(183,1): error TS1131: Property or signature expected.
src/components/ui/Layout/ResponsiveUtility.tsx(194,14): error TS1005: ';' expected.
src/components/ui/Layout/ResponsiveUtility.tsx(203,33): error TS1005: ':' expected.
src/components/ui/Layout/ResponsiveUtility.tsx(203,43): error TS1110: Type expected.
src/components/ui/Layout/ResponsiveUtility.tsx(203,45): error TS1134: Variable declaration expected.
src/components/ui/Layout/ResponsiveUtility.tsx(204,13): error TS1005: ';' expected.
src/components/ui/Layout/ResponsiveUtility.tsx(204,35): error TS1005: ';' expected.
src/components/ui/Layout/ResponsiveUtility.tsx(233,1): error TS1131: Property or signature expected.
src/components/ui/Layout/ResponsiveUtility.tsx(243,14): error TS1005: ';' expected.
src/components/ui/Layout/ResponsiveUtility.tsx(251,11): error TS1005: ',' expected.
src/components/ui/Layout/ResponsiveUtility.tsx(252,21): error TS1005: ',' expected.
src/components/ui/Layout/ResponsiveUtility.tsx(252,28): error TS1005: ',' expected.
src/components/ui/Layout/ResponsiveUtility.tsx(253,7): error TS1005: ',' expected.
src/components/ui/Layout/ResponsiveUtility.tsx(253,14): error TS1005: ',' expected.
src/components/ui/LazyAssets.tsx(12,14): error TS1005: ';' expected.
src/components/ui/LazyAssets.tsx(25,37): error TS1005: '}' expected.
src/components/ui/LazyAssets.tsx(25,61): error TS1005: '...' expected.
src/components/ui/LazyAssets.tsx(25,71): error TS1003: Identifier expected.
src/components/ui/LazyAssets.tsx(29,11): error TS17002: Expected corresponding JSX closing tag for 'OptimizedImage'.
src/components/ui/LazyAssets.tsx(31,7): error TS1131: Property or signature expected.
src/components/ui/LazyAssets.tsx(31,23): error TS1136: Property assignment expected.
src/components/ui/LazyAssets.tsx(31,35): error TS1005: ';' expected.
src/components/ui/LazyAssets.tsx(32,37): error TS1005: '}' expected.
src/components/ui/LazyAssets.tsx(32,103): error TS1005: '...' expected.
src/components/ui/LazyAssets.tsx(32,113): error TS1003: Identifier expected.
src/components/ui/LazyAssets.tsx(39,8): error TS1128: Declaration or statement expected.
src/components/ui/LazyAssets.tsx(40,6): error TS1161: Unterminated regular expression literal.
src/components/ui/LazyAssets.tsx(41,3): error TS1128: Declaration or statement expected.
src/components/ui/LazyAssets.tsx(42,1): error TS1128: Declaration or statement expected.
src/components/ui/LazyAssets.tsx(51,14): error TS1005: ';' expected.
src/components/ui/LazyAssets.tsx(60,23): error TS1005: '}' expected.
src/components/ui/LazyAssets.tsx(60,25): error TS1005: '...' expected.
src/components/ui/LazyAssets.tsx(60,41): error TS1003: Identifier expected.
src/components/ui/LazyAssets.tsx(61,7): error TS1131: Property or signature expected.
src/components/ui/LazyAssets.tsx(62,23): error TS1005: ':' expected.
src/components/ui/LazyAssets.tsx(63,25): error TS1005: ':' expected.
src/components/ui/LazyAssets.tsx(65,21): error TS1136: Property assignment expected.
src/components/ui/LazyAssets.tsx(67,14): error TS1005: ';' expected.
src/components/ui/LazyAssets.tsx(71,25): error TS1136: Property assignment expected.
src/components/ui/LazyAssets.tsx(71,28): error TS1005: ';' expected.
src/components/ui/LazyAssets.tsx(72,37): error TS1005: '}' expected.
src/components/ui/LazyAssets.tsx(72,53): error TS1005: '...' expected.
src/components/ui/LazyAssets.tsx(72,63): error TS1003: Identifier expected.
src/components/ui/LazyAssets.tsx(79,8): error TS1128: Declaration or statement expected.
src/components/ui/LazyAssets.tsx(80,23): error TS1136: Property assignment expected.
src/components/ui/LazyAssets.tsx(80,35): error TS1005: ';' expected.
src/components/ui/LazyAssets.tsx(81,37): error TS1005: '}' expected.
src/components/ui/LazyAssets.tsx(81,124): error TS1005: '...' expected.
src/components/ui/LazyAssets.tsx(81,134): error TS1003: Identifier expected.
src/components/ui/LazyAssets.tsx(93,8): error TS1128: Declaration or statement expected.
src/components/ui/LazyAssets.tsx(94,6): error TS1161: Unterminated regular expression literal.
src/components/ui/LazyAssets.tsx(95,3): error TS1128: Declaration or statement expected.
src/components/ui/LazyAssets.tsx(96,1): error TS1128: Declaration or statement expected.
src/components/ui/LazyAssets.tsx(105,14): error TS1005: ';' expected.
src/components/ui/LazyAssets.tsx(111,13): error TS1161: Unterminated regular expression literal.
src/components/ui/LazyAssets.tsx(112,7): error TS1005: '}' expected.
src/components/ui/LazyAssets.tsx(112,23): error TS1005: '}' expected.
src/components/ui/LazyAssets.tsx(112,25): error TS1005: '...' expected.
src/components/ui/LazyAssets.tsx(112,33): error TS1005: '...' expected.
src/components/ui/LazyAssets.tsx(112,43): error TS1003: Identifier expected.
src/components/ui/LazyAssets.tsx(113,7): error TS1131: Property or signature expected.
src/components/ui/LazyAssets.tsx(115,23): error TS1005: ':' expected.
src/components/ui/LazyAssets.tsx(116,25): error TS1005: ':' expected.
src/components/ui/LazyAssets.tsx(118,21): error TS1136: Property assignment expected.
src/components/ui/LazyAssets.tsx(120,15): error TS1005: ';' expected.
src/components/ui/LazyAssets.tsx(121,16): error TS1005: ';' expected.
src/components/ui/LazyAssets.tsx(122,14): error TS1005: ';' expected.
src/components/ui/LazyAssets.tsx(122,16): error TS1434: Unexpected keyword or identifier.
src/components/ui/LazyAssets.tsx(124,25): error TS1136: Property assignment expected.
src/components/ui/LazyAssets.tsx(124,28): error TS1005: ';' expected.
src/components/ui/LazyAssets.tsx(125,37): error TS1005: '}' expected.
src/components/ui/LazyAssets.tsx(125,53): error TS1005: '...' expected.
src/components/ui/LazyAssets.tsx(125,63): error TS1003: Identifier expected.
src/components/ui/LazyAssets.tsx(132,8): error TS1128: Declaration or statement expected.
src/components/ui/LazyAssets.tsx(133,23): error TS1136: Property assignment expected.
src/components/ui/LazyAssets.tsx(133,35): error TS1005: ';' expected.
src/components/ui/LazyAssets.tsx(134,37): error TS1005: '}' expected.
src/components/ui/LazyAssets.tsx(134,103): error TS1005: '...' expected.
src/components/ui/LazyAssets.tsx(134,113): error TS1003: Identifier expected.
src/components/ui/LazyAssets.tsx(141,8): error TS1128: Declaration or statement expected.
src/components/ui/LazyAssets.tsx(142,6): error TS1161: Unterminated regular expression literal.
src/components/ui/LazyAssets.tsx(143,3): error TS1128: Declaration or statement expected.
src/components/ui/LazyAssets.tsx(144,1): error TS1128: Declaration or statement expected.
src/components/ui/LazyAssets.tsx(156,14): error TS1005: ';' expected.
src/components/ui/LazyAssets.tsx(167,19): error TS1005: '}' expected.
src/components/ui/LazyAssets.tsx(167,20): error TS1005: '...' expected.
src/components/ui/LazyAssets.tsx(167,43): error TS1003: Identifier expected.
src/components/ui/LazyAssets.tsx(168,7): error TS1131: Property or signature expected.
src/components/ui/LazyAssets.tsx(169,23): error TS1005: ':' expected.
src/components/ui/LazyAssets.tsx(170,25): error TS1005: ':' expected.
src/components/ui/LazyAssets.tsx(171,28): error TS1005: ':' expected.
src/components/ui/LazyAssets.tsx(172,21): error TS1136: Property assignment expected.
src/components/ui/LazyAssets.tsx(174,14): error TS1005: ';' expected.
src/components/ui/LazyAssets.tsx(178,25): error TS1136: Property assignment expected.
src/components/ui/LazyAssets.tsx(178,28): error TS1005: ';' expected.
src/components/ui/LazyAssets.tsx(179,37): error TS1005: '}' expected.
src/components/ui/LazyAssets.tsx(179,53): error TS1005: '...' expected.
src/components/ui/LazyAssets.tsx(179,96): error TS1003: Identifier expected.
src/components/ui/LazyAssets.tsx(184,8): error TS1128: Declaration or statement expected.
src/components/ui/LazyAssets.tsx(185,23): error TS1136: Property assignment expected.
src/components/ui/LazyAssets.tsx(185,35): error TS1005: ';' expected.
src/components/ui/LazyAssets.tsx(186,37): error TS1005: '}' expected.
src/components/ui/LazyAssets.tsx(186,78): error TS1005: '...' expected.
src/components/ui/LazyAssets.tsx(186,134): error TS1003: Identifier expected.
src/components/ui/LazyAssets.tsx(200,8): error TS1128: Declaration or statement expected.
src/components/ui/LazyAssets.tsx(201,6): error TS1161: Unterminated regular expression literal.
src/components/ui/LazyAssets.tsx(202,3): error TS1128: Declaration or statement expected.
src/components/ui/LazyAssets.tsx(203,1): error TS1128: Declaration or statement expected.
src/components/ui/LazyAssets.tsx(204,1): error TS1128: Declaration or statement expected.
src/components/ui/LazyAssets.tsx(205,1): error TS1128: Declaration or statement expected.
src/components/ui/Loading/CircularProgress.tsx(12,7): error TS1005: ';' expected.
src/components/ui/Loading/CircularProgress.tsx(43,30): error TS1005: '}' expected.
src/components/ui/Loading/CircularProgress.tsx(43,72): error TS1005: '...' expected.
src/components/ui/Loading/CircularProgress.tsx(43,82): error TS1003: Identifier expected.
src/components/ui/Loading/CircularProgress.tsx(43,83): error TS1005: ';' expected.
src/components/ui/Loading/CircularProgress.tsx(71,11): error TS1005: '}' expected.
src/components/ui/Loading/CircularProgress.tsx(72,11): error TS1005: '}' expected.
src/components/ui/Loading/CircularProgress.tsx(73,11): error TS1005: '}' expected.
src/components/ui/Loading/CircularProgress.tsx(74,10): error TS1109: Expression expected.
src/components/ui/Loading/CircularProgress.tsx(75,7): error TS1109: Expression expected.
src/components/ui/Loading/CircularProgress.tsx(84,5): error TS1128: Declaration or statement expected.
src/components/ui/Loading/CircularProgress.tsx(85,3): error TS1109: Expression expected.
src/components/ui/Loading/CircularProgress.tsx(86,1): error TS1128: Declaration or statement expected.
src/components/ui/Loading/CircularProgress.tsx(89,1): error TS1128: Declaration or statement expected.
src/components/ui/Loading/DotsSpinner.tsx(9,7): error TS1005: ';' expected.
src/components/ui/Loading/DotsSpinner.tsx(36,4): error TS1005: ',' expected.
src/components/ui/Loading/DotsSpinner.tsx(38,9): error TS1005: ':' expected.
src/components/ui/Loading/DotsSpinner.tsx(43,4): error TS1005: ',' expected.
src/components/ui/Loading/DotsSpinner.tsx(46,5): error TS1003: Identifier expected.
src/components/ui/Loading/DotsSpinner.tsx(46,10): error TS1005: ',' expected.
src/components/ui/Loading/DotsSpinner.tsx(46,26): error TS1005: ',' expected.
src/components/ui/Loading/DotsSpinner.tsx(46,31): error TS1005: ',' expected.
src/components/ui/Loading/DotsSpinner.tsx(46,36): error TS1005: ',' expected.
src/components/ui/Loading/DotsSpinner.tsx(46,37): error TS1005: ',' expected.
src/components/ui/Loading/DotsSpinner.tsx(46,48): error TS1005: ',' expected.
src/components/ui/Loading/DotsSpinner.tsx(46,50): error TS1005: ',' expected.
src/components/ui/Loading/DotsSpinner.tsx(46,54): error TS1005: ',' expected.
src/components/ui/Loading/DotsSpinner.tsx(46,60): error TS1005: ';' expected.
src/components/ui/Loading/DotsSpinner.tsx(47,17): error TS1005: ':' expected.
src/components/ui/Loading/DotsSpinner.tsx(50,23): error TS1005: '}' expected.
src/components/ui/Loading/DotsSpinner.tsx(50,24): error TS1005: '...' expected.
src/components/ui/Loading/DotsSpinner.tsx(50,45): error TS1005: '...' expected.
src/components/ui/Loading/DotsSpinner.tsx(50,78): error TS1003: Identifier expected.
src/components/ui/Loading/DotsSpinner.tsx(54,23): error TS1136: Property assignment expected.
src/components/ui/Loading/DotsSpinner.tsx(55,13): error TS1128: Declaration or statement expected.
src/components/ui/Loading/DotsSpinner.tsx(56,18): error TS1005: ';' expected.
src/components/ui/Loading/DotsSpinner.tsx(58,10): error TS1161: Unterminated regular expression literal.
src/components/ui/Loading/DotsSpinner.tsx(59,7): error TS1128: Declaration or statement expected.
src/components/ui/Loading/DotsSpinner.tsx(59,8): error TS1128: Declaration or statement expected.
src/components/ui/Loading/DotsSpinner.tsx(60,5): error TS1131: Property or signature expected.
src/components/ui/Loading/DotsSpinner.tsx(60,7): error TS1131: Property or signature expected.
src/components/ui/Loading/DotsSpinner.tsx(61,3): error TS1109: Expression expected.
src/components/ui/Loading/DotsSpinner.tsx(62,1): error TS1128: Declaration or statement expected.
src/components/ui/Loading/DotsSpinner.tsx(65,1): error TS1128: Declaration or statement expected.
src/components/ui/Loading/LoadingButton.tsx(7,1): error TS1128: Declaration or statement expected.
src/components/ui/Loading/LoadingButton.tsx(8,1): error TS1128: Declaration or statement expected.
src/components/ui/Loading/LoadingButton.tsx(9,1): error TS1128: Declaration or statement expected.
src/components/ui/Loading/LoadingButton.tsx(10,1): error TS1128: Declaration or statement expected.
src/components/ui/Loading/LoadingButton.tsx(11,11): error TS1109: Expression expected.
src/components/ui/Loading/LoadingButton.tsx(12,15): error TS1109: Expression expected.
src/components/ui/Loading/LoadingButton.tsx(13,11): error TS1109: Expression expected.
src/components/ui/Loading/LoadingButton.tsx(14,8): error TS1109: Expression expected.
src/components/ui/Loading/LoadingButton.tsx(52,4): error TS1005: ',' expected.
src/components/ui/Loading/LoadingButton.tsx(55,5): error TS1003: Identifier expected.
src/components/ui/Loading/LoadingButton.tsx(55,12): error TS1005: ',' expected.
src/components/ui/Loading/LoadingButton.tsx(56,7): error TS1005: ',' expected.
src/components/ui/Loading/LoadingButton.tsx(56,19): error TS1005: ',' expected.
src/components/ui/Loading/LoadingButton.tsx(56,33): error TS1005: ',' expected.
src/components/ui/Loading/LoadingButton.tsx(56,34): error TS1005: ',' expected.
src/components/ui/Loading/LoadingButton.tsx(56,49): error TS1005: ',' expected.
src/components/ui/Loading/LoadingButton.tsx(56,58): error TS1005: ':' expected.
src/components/ui/Loading/LoadingButton.tsx(56,60): error TS1005: ',' expected.
src/components/ui/Loading/LoadingButton.tsx(56,61): error TS1005: ',' expected.
src/components/ui/Loading/LoadingButton.tsx(56,73): error TS1005: ',' expected.
src/components/ui/Loading/LoadingButton.tsx(56,79): error TS1005: ':' expected.
src/components/ui/Loading/LoadingButton.tsx(56,81): error TS1005: ',' expected.
src/components/ui/Loading/LoadingButton.tsx(56,82): error TS1005: ',' expected.
src/components/ui/Loading/LoadingButton.tsx(57,26): error TS1005: ',' expected.
src/components/ui/Loading/LoadingButton.tsx(57,36): error TS1128: Declaration or statement expected.
src/components/ui/Loading/LoadingButton.tsx(60,26): error TS1005: ',' expected.
src/components/ui/Loading/LoadingButton.tsx(61,17): error TS1136: Property assignment expected.
src/components/ui/Loading/LoadingButton.tsx(61,18): error TS1005: ';' expected.
src/components/ui/Loading/LoadingButton.tsx(61,58): error TS1128: Declaration or statement expected.
src/components/ui/Loading/LoadingButton.tsx(62,19): error TS1136: Property assignment expected.
src/components/ui/Loading/LoadingButton.tsx(63,8): error TS1128: Declaration or statement expected.
src/components/ui/Loading/LoadingButton.tsx(64,5): error TS1109: Expression expected.
src/components/ui/Loading/LoadingButton.tsx(65,16): error TS1005: ',' expected.
src/components/ui/Loading/LoadingButton.tsx(71,8): error TS1128: Declaration or statement expected.
src/components/ui/Loading/LoadingButton.tsx(74,9): error TS1005: '}' expected.
src/components/ui/Loading/LoadingButton.tsx(75,9): error TS1005: '}' expected.
src/components/ui/Loading/LoadingButton.tsx(77,18): error TS1005: ',' expected.
src/components/ui/Loading/LoadingButton.tsx(78,7): error TS1003: Identifier expected.
src/components/ui/Loading/LoadingButton.tsx(78,15): error TS1003: Identifier expected.
src/components/ui/Loading/LoadingButton.tsx(79,7): error TS17002: Expected corresponding JSX closing tag for 'motion.span'.
src/components/ui/Loading/LoadingButton.tsx(80,3): error TS1128: Declaration or statement expected.
src/components/ui/Loading/LoadingButton.tsx(81,1): error TS1128: Declaration or statement expected.
src/components/ui/Loading/LoadingButton.tsx(84,1): error TS1128: Declaration or statement expected.
src/components/ui/Loading/LoadingOverlay.tsx(16,7): error TS1005: ';' expected.
src/components/ui/Loading/LoadingOverlay.tsx(45,4): error TS1005: ',' expected.
src/components/ui/Loading/LoadingOverlay.tsx(47,9): error TS1005: ':' expected.
src/components/ui/Loading/LoadingOverlay.tsx(55,4): error TS1005: ',' expected.
src/components/ui/Loading/LoadingOverlay.tsx(58,5): error TS1003: Identifier expected.
src/components/ui/Loading/LoadingOverlay.tsx(58,10): error TS1005: ',' expected.
src/components/ui/Loading/LoadingOverlay.tsx(58,30): error TS1005: ',' expected.
src/components/ui/Loading/LoadingOverlay.tsx(58,31): error TS1005: ',' expected.
src/components/ui/Loading/LoadingOverlay.tsx(58,42): error TS1005: ',' expected.
src/components/ui/Loading/LoadingOverlay.tsx(61,9): error TS1005: ',' expected.
src/components/ui/Loading/LoadingOverlay.tsx(63,33): error TS1005: '}' expected.
src/components/ui/Loading/LoadingOverlay.tsx(63,43): error TS1005: '...' expected.
src/components/ui/Loading/LoadingOverlay.tsx(63,118): error TS1003: Identifier expected.
src/components/ui/Loading/LoadingOverlay.tsx(68,25): error TS1136: Property assignment expected.
src/components/ui/Loading/LoadingOverlay.tsx(69,11): error TS1109: Expression expected.
src/components/ui/Loading/LoadingOverlay.tsx(79,43): error TS1005: '}' expected.
src/components/ui/Loading/LoadingOverlay.tsx(79,45): error TS1005: '...' expected.
src/components/ui/Loading/LoadingOverlay.tsx(79,98): error TS1003: Identifier expected.
src/components/ui/Loading/LoadingOverlay.tsx(79,99): error TS1382: Unexpected token. Did you mean `{'>'}` or `&gt;`?
src/components/ui/Loading/LoadingOverlay.tsx(81,19): error TS17002: Expected corresponding JSX closing tag for 'motion.div'.
src/components/ui/Loading/LoadingOverlay.tsx(82,15): error TS1128: Declaration or statement expected.
src/components/ui/Loading/LoadingOverlay.tsx(83,13): error TS1131: Property or signature expected.
src/components/ui/Loading/LoadingOverlay.tsx(83,15): error TS1131: Property or signature expected.
src/components/ui/Loading/LoadingOverlay.tsx(84,11): error TS1109: Expression expected.
src/components/ui/Loading/LoadingOverlay.tsx(85,9): error TS1109: Expression expected.
src/components/ui/Loading/LoadingOverlay.tsx(85,10): error TS1128: Declaration or statement expected.
src/components/ui/Loading/LoadingOverlay.tsx(86,7): error TS1128: Declaration or statement expected.
src/components/ui/Loading/LoadingOverlay.tsx(87,5): error TS1109: Expression expected.
src/components/ui/Loading/LoadingOverlay.tsx(88,3): error TS1109: Expression expected.
src/components/ui/Loading/LoadingOverlay.tsx(89,1): error TS1128: Declaration or statement expected.
src/components/ui/Loading/LoadingOverlay.tsx(92,1): error TS1128: Declaration or statement expected.
src/components/ui/Loading/LoadingOverlay.tsx(93,1): error TS1128: Declaration or statement expected.
src/components/ui/Loading/ProgressBar.tsx(13,7): error TS1005: ';' expected.
src/components/ui/Loading/ProgressBar.tsx(47,28): error TS1005: '}' expected.
src/components/ui/Loading/ProgressBar.tsx(47,30): error TS1005: '...' expected.
src/components/ui/Loading/ProgressBar.tsx(47,40): error TS1003: Identifier expected.
src/components/ui/Loading/ProgressBar.tsx(47,41): error TS1005: ';' expected.
src/components/ui/Loading/ProgressBar.tsx(48,8): error TS1136: Property assignment expected.
src/components/ui/Loading/ProgressBar.tsx(57,8): error TS1128: Declaration or statement expected.
src/components/ui/Loading/ProgressBar.tsx(58,30): error TS1005: '}' expected.
src/components/ui/Loading/ProgressBar.tsx(58,32): error TS1005: '...' expected.
src/components/ui/Loading/ProgressBar.tsx(58,78): error TS1005: '...' expected.
src/components/ui/Loading/ProgressBar.tsx(58,112): error TS1003: Identifier expected.
src/components/ui/Loading/ProgressBar.tsx(60,23): error TS1005: '}' expected.
src/components/ui/Loading/ProgressBar.tsx(60,24): error TS1005: '...' expected.
src/components/ui/Loading/ProgressBar.tsx(60,45): error TS1005: '...' expected.
src/components/ui/Loading/ProgressBar.tsx(60,78): error TS1003: Identifier expected.
src/components/ui/Loading/ProgressBar.tsx(62,11): error TS1005: '}' expected.
src/components/ui/Loading/ProgressBar.tsx(62,30): error TS1005: ',' expected.
src/components/ui/Loading/ProgressBar.tsx(62,49): error TS1381: Unexpected token. Did you mean `{'}'}` or `&rbrace;`?
src/components/ui/Loading/ProgressBar.tsx(64,10): error TS1109: Expression expected.
src/components/ui/Loading/ProgressBar.tsx(65,7): error TS1109: Expression expected.
src/components/ui/Loading/ProgressBar.tsx(66,5): error TS1128: Declaration or statement expected.
src/components/ui/Loading/ProgressBar.tsx(67,3): error TS1109: Expression expected.
src/components/ui/Loading/ProgressBar.tsx(68,1): error TS1128: Declaration or statement expected.
src/components/ui/Loading/ProgressBar.tsx(71,1): error TS1128: Declaration or statement expected.
src/components/ui/Loading/PulseSpinner.tsx(9,7): error TS1005: ';' expected.
src/components/ui/Loading/PulseSpinner.tsx(39,4): error TS1005: ',' expected.
src/components/ui/Loading/PulseSpinner.tsx(42,5): error TS1003: Identifier expected.
src/components/ui/Loading/PulseSpinner.tsx(42,10): error TS1005: ',' expected.
src/components/ui/Loading/PulseSpinner.tsx(42,30): error TS1005: ',' expected.
src/components/ui/Loading/PulseSpinner.tsx(42,31): error TS1005: ',' expected.
src/components/ui/Loading/PulseSpinner.tsx(42,42): error TS1005: ',' expected.
src/components/ui/Loading/PulseSpinner.tsx(42,44): error TS1005: ',' expected.
src/components/ui/Loading/PulseSpinner.tsx(42,48): error TS1005: ',' expected.
src/components/ui/Loading/PulseSpinner.tsx(42,54): error TS1005: ';' expected.
src/components/ui/Loading/PulseSpinner.tsx(43,24): error TS1005: '}' expected.
src/components/ui/Loading/PulseSpinner.tsx(43,25): error TS1005: '...' expected.
src/components/ui/Loading/PulseSpinner.tsx(43,52): error TS1003: Identifier expected.
src/components/ui/Loading/PulseSpinner.tsx(43,53): error TS1005: ';' expected.
src/components/ui/Loading/PulseSpinner.tsx(44,16): error TS1005: ':' expected.
src/components/ui/Loading/PulseSpinner.tsx(47,33): error TS1005: '}' expected.
src/components/ui/Loading/PulseSpinner.tsx(47,43): error TS1005: '...' expected.
src/components/ui/Loading/PulseSpinner.tsx(47,76): error TS1003: Identifier expected.
src/components/ui/Loading/PulseSpinner.tsx(51,25): error TS1136: Property assignment expected.
src/components/ui/Loading/PulseSpinner.tsx(53,21): error TS1005: ';' expected.
src/components/ui/Loading/PulseSpinner.tsx(54,20): error TS1005: ';' expected.
src/components/ui/Loading/PulseSpinner.tsx(55,19): error TS1005: ';' expected.
src/components/ui/Loading/PulseSpinner.tsx(57,12): error TS1161: Unterminated regular expression literal.
src/components/ui/Loading/PulseSpinner.tsx(58,9): error TS1128: Declaration or statement expected.
src/components/ui/Loading/PulseSpinner.tsx(58,10): error TS1128: Declaration or statement expected.
src/components/ui/Loading/PulseSpinner.tsx(58,11): error TS1128: Declaration or statement expected.
src/components/ui/Loading/PulseSpinner.tsx(59,7): error TS1128: Declaration or statement expected.
src/components/ui/Loading/PulseSpinner.tsx(60,5): error TS1109: Expression expected.
src/components/ui/Loading/PulseSpinner.tsx(61,3): error TS1109: Expression expected.
src/components/ui/Loading/PulseSpinner.tsx(62,1): error TS1128: Declaration or statement expected.
src/components/ui/Loading/PulseSpinner.tsx(65,1): error TS1128: Declaration or statement expected.
src/components/ui/Loading/Skeleton.tsx(12,7): error TS1005: ';' expected.
src/components/ui/Loading/Skeleton.tsx(38,59): error TS1005: ':' expected.
src/components/ui/Loading/Skeleton.tsx(39,62): error TS1005: ':' expected.
src/components/ui/Loading/Skeleton.tsx(49,4): error TS1005: ',' expected.
src/components/ui/Loading/Skeleton.tsx(51,9): error TS1005: ':' expected.
src/components/ui/Loading/Skeleton.tsx(54,10): error TS1005: '}' expected.
src/components/ui/Loading/Skeleton.tsx(54,11): error TS1005: '...' expected.
src/components/ui/Loading/Skeleton.tsx(55,11): error TS1005: '...' expected.
src/components/ui/Loading/Skeleton.tsx(56,11): error TS1005: '...' expected.
src/components/ui/Loading/Skeleton.tsx(57,11): error TS1005: '...' expected.
src/components/ui/Loading/Skeleton.tsx(58,11): error TS1005: '...' expected.
src/components/ui/Loading/Skeleton.tsx(59,7): error TS1003: Identifier expected.
src/components/ui/Loading/Skeleton.tsx(61,8): error TS1128: Declaration or statement expected.
src/components/ui/Loading/Skeleton.tsx(69,8): error TS1005: ',' expected.
src/components/ui/Loading/Skeleton.tsx(70,6): error TS1109: Expression expected.
src/components/ui/Loading/Skeleton.tsx(71,3): error TS1109: Expression expected.
src/components/ui/Loading/Skeleton.tsx(87,1): error TS1109: Expression expected.
src/components/ui/Loading/Skeleton.tsx(102,1): error TS1128: Declaration or statement expected.
src/components/ui/Loading/Skeleton.tsx(112,51): error TS1109: Expression expected.
src/components/ui/Loading/Skeleton.tsx(133,1): error TS1128: Declaration or statement expected.
src/components/ui/Loading/Skeleton.tsx(135,46): error TS1109: Expression expected.
src/components/ui/Loading/Skeleton.tsx(148,1): error TS1128: Declaration or statement expected.
src/components/ui/Loading/Spinner.tsx(11,7): error TS1005: ';' expected.
src/components/ui/Loading/Spinner.tsx(44,7): error TS1005: '}' expected.
src/components/ui/Loading/Spinner.tsx(49,7): error TS1005: '}' expected.
src/components/ui/Loading/Spinner.tsx(49,31): error TS1005: '}' expected.
src/components/ui/Loading/Spinner.tsx(49,33): error TS1005: '...' expected.
src/components/ui/Loading/Spinner.tsx(49,43): error TS1003: Identifier expected.
src/components/ui/Loading/Spinner.tsx(50,5): error TS1131: Property or signature expected.
src/components/ui/Loading/Spinner.tsx(52,21): error TS1005: '}' expected.
src/components/ui/Loading/Spinner.tsx(52,22): error TS1005: '...' expected.
src/components/ui/Loading/Spinner.tsx(52,43): error TS1005: '...' expected.
src/components/ui/Loading/Spinner.tsx(52,63): error TS1003: Identifier expected.
src/components/ui/Loading/Spinner.tsx(55,5): error TS1128: Declaration or statement expected.
src/components/ui/Loading/Spinner.tsx(56,3): error TS1109: Expression expected.
src/components/ui/Loading/Spinner.tsx(57,1): error TS1128: Declaration or statement expected.
src/components/ui/Loading/Spinner.tsx(60,1): error TS1128: Declaration or statement expected.
src/components/ui/Loading/StepProgress.tsx(10,1): error TS1131: Property or signature expected.
src/components/ui/Loading/StepProgress.tsx(12,1): error TS1128: Declaration or statement expected.
src/components/ui/Loading/StepProgress.tsx(13,1): error TS1128: Declaration or statement expected.
src/components/ui/Loading/StepProgress.tsx(14,15): error TS1011: An element access expression should take an argument.
src/components/ui/Loading/StepProgress.tsx(16,26): error TS1011: An element access expression should take an argument.
src/components/ui/Loading/StepProgress.tsx(17,13): error TS1109: Expression expected.
src/components/ui/Loading/StepProgress.tsx(18,15): error TS1109: Expression expected.
src/components/ui/Loading/StepProgress.tsx(19,8): error TS1109: Expression expected.
src/components/ui/Loading/StepProgress.tsx(47,4): error TS1005: ',' expected.
src/components/ui/Loading/StepProgress.tsx(49,9): error TS1005: ':' expected.
src/components/ui/Loading/StepProgress.tsx(52,4): error TS1005: ',' expected.
src/components/ui/Loading/StepProgress.tsx(54,19): error TS1005: ',' expected.
src/components/ui/Loading/StepProgress.tsx(54,33): error TS1005: ',' expected.
src/components/ui/Loading/StepProgress.tsx(54,35): error TS1136: Property assignment expected.
src/components/ui/Loading/StepProgress.tsx(55,12): error TS1005: ':' expected.
src/components/ui/Loading/StepProgress.tsx(56,28): error TS1005: '}' expected.
src/components/ui/Loading/StepProgress.tsx(56,39): error TS1005: '...' expected.
src/components/ui/Loading/StepProgress.tsx(56,49): error TS1003: Identifier expected.
src/components/ui/Loading/StepProgress.tsx(56,50): error TS1005: ',' expected.
src/components/ui/Loading/StepProgress.tsx(57,15): error TS1005: ',' expected.
src/components/ui/Loading/StepProgress.tsx(67,26): error TS1005: '}' expected.
src/components/ui/Loading/StepProgress.tsx(67,56): error TS1005: '...' expected.
src/components/ui/Loading/StepProgress.tsx(68,23): error TS1005: '...' expected.
src/components/ui/Loading/StepProgress.tsx(78,27): error TS1005: ',' expected.
src/components/ui/Loading/StepProgress.tsx(81,42): error TS1005: '}' expected.
src/components/ui/Loading/StepProgress.tsx(81,43): error TS1005: '...' expected.
src/components/ui/Loading/StepProgress.tsx(81,68): error TS1003: Identifier expected.
src/components/ui/Loading/StepProgress.tsx(83,39): error TS1005: '}' expected.
src/components/ui/Loading/StepProgress.tsx(83,40): error TS1005: '...' expected.
src/components/ui/Loading/StepProgress.tsx(83,64): error TS1003: Identifier expected.
src/components/ui/Loading/StepProgress.tsx(83,65): error TS1382: Unexpected token. Did you mean `{'>'}` or `&gt;`?
src/components/ui/Loading/StepProgress.tsx(83,79): error TS17002: Expected corresponding JSX closing tag for 'div'.
src/components/ui/Loading/StepProgress.tsx(84,20): error TS1381: Unexpected token. Did you mean `{'}'}` or `&rbrace;`?
src/components/ui/Loading/StepProgress.tsx(85,19): error TS17002: Expected corresponding JSX closing tag for 'div'.
src/components/ui/Loading/StepProgress.tsx(87,17): error TS1005: ')' expected.
src/components/ui/Loading/StepProgress.tsx(96,23): error TS1005: '}' expected.
src/components/ui/Loading/StepProgress.tsx(97,22): error TS1109: Expression expected.
src/components/ui/Loading/StepProgress.tsx(98,19): error TS1109: Expression expected.
src/components/ui/Loading/StepProgress.tsx(100,15): error TS1128: Declaration or statement expected.
src/components/ui/Loading/StepProgress.tsx(103,20): error TS1005: ';' expected.
src/components/ui/Loading/StepProgress.tsx(106,22): error TS1005: '}' expected.
src/components/ui/Loading/StepProgress.tsx(106,23): error TS1005: '...' expected.
src/components/ui/Loading/StepProgress.tsx(107,23): error TS1005: '...' expected.
src/components/ui/Loading/StepProgress.tsx(121,15): error TS1128: Declaration or statement expected.
src/components/ui/Loading/StepProgress.tsx(122,13): error TS1109: Expression expected.
src/components/ui/Loading/StepProgress.tsx(123,11): error TS1109: Expression expected.
src/components/ui/Loading/StepProgress.tsx(123,12): error TS1005: ',' expected.
src/components/ui/Loading/StepProgress.tsx(124,10): error TS1005: ';' expected.
src/components/ui/Loading/StepProgress.tsx(124,11): error TS1128: Declaration or statement expected.
src/components/ui/Loading/StepProgress.tsx(125,7): error TS1128: Declaration or statement expected.
src/components/ui/Loading/StepProgress.tsx(126,5): error TS1109: Expression expected.
src/components/ui/Loading/StepProgress.tsx(130,28): error TS1005: '}' expected.
src/components/ui/Loading/StepProgress.tsx(130,30): error TS1005: '...' expected.
src/components/ui/Loading/StepProgress.tsx(130,40): error TS1003: Identifier expected.
src/components/ui/Loading/StepProgress.tsx(142,26): error TS1005: '}' expected.
src/components/ui/Loading/StepProgress.tsx(142,56): error TS1005: '...' expected.
src/components/ui/Loading/StepProgress.tsx(143,23): error TS1005: '...' expected.
src/components/ui/Loading/StepProgress.tsx(153,27): error TS1005: ',' expected.
src/components/ui/Loading/StepProgress.tsx(156,42): error TS1005: '}' expected.
src/components/ui/Loading/StepProgress.tsx(156,43): error TS1005: '...' expected.
src/components/ui/Loading/StepProgress.tsx(156,68): error TS1003: Identifier expected.
src/components/ui/Loading/StepProgress.tsx(158,39): error TS1005: '}' expected.
src/components/ui/Loading/StepProgress.tsx(158,40): error TS1005: '...' expected.
src/components/ui/Loading/StepProgress.tsx(158,64): error TS1003: Identifier expected.
src/components/ui/Loading/StepProgress.tsx(158,65): error TS1382: Unexpected token. Did you mean `{'>'}` or `&gt;`?
src/components/ui/Loading/StepProgress.tsx(158,79): error TS17002: Expected corresponding JSX closing tag for 'div'.
src/components/ui/Loading/StepProgress.tsx(159,20): error TS1381: Unexpected token. Did you mean `{'}'}` or `&rbrace;`?
src/components/ui/Loading/StepProgress.tsx(160,19): error TS17002: Expected corresponding JSX closing tag for 'div'.
src/components/ui/Loading/StepProgress.tsx(162,17): error TS1005: ')' expected.
src/components/ui/Loading/StepProgress.tsx(166,24): error TS1005: '}' expected.
src/components/ui/Loading/StepProgress.tsx(166,25): error TS1005: '...' expected.
src/components/ui/Loading/StepProgress.tsx(167,25): error TS1005: '...' expected.
src/components/ui/Loading/StepProgress.tsx(182,15): error TS1128: Declaration or statement expected.
src/components/ui/Loading/StepProgress.tsx(193,20): error TS1109: Expression expected.
src/components/ui/Loading/StepProgress.tsx(194,17): error TS1109: Expression expected.
src/components/ui/Loading/StepProgress.tsx(198,9): error TS1128: Declaration or statement expected.
src/components/ui/Loading/StepProgress.tsx(198,10): error TS1128: Declaration or statement expected.
src/components/ui/Loading/StepProgress.tsx(198,11): error TS1128: Declaration or statement expected.
src/components/ui/Loading/StepProgress.tsx(199,7): error TS1128: Declaration or statement expected.
src/components/ui/Loading/StepProgress.tsx(200,5): error TS1109: Expression expected.
src/components/ui/Loading/StepProgress.tsx(201,3): error TS1109: Expression expected.
src/components/ui/Loading/StepProgress.tsx(202,1): error TS1128: Declaration or statement expected.
src/components/ui/Loading/StepProgress.tsx(205,1): error TS1128: Declaration or statement expected.
src/components/ui/Loading/StepProgress.tsx(206,1): error TS1128: Declaration or statement expected.
src/components/ui/Modal/__tests__/Modal.test.tsx(10,39): error TS1005: ',' expected.
src/components/ui/Modal/__tests__/Modal.test.tsx(12,14): error TS1138: Parameter declaration expected.
src/components/ui/Modal/__tests__/Modal.test.tsx(12,17): error TS1005: ';' expected.
src/components/ui/Modal/__tests__/Modal.test.tsx(14,4): error TS1128: Declaration or statement expected.
src/components/ui/Modal/__tests__/Modal.test.tsx(62,4): error TS1128: Declaration or statement expected.
src/components/ui/Modal/__tests__/Modal.test.tsx(71,4): error TS1128: Declaration or statement expected.
src/components/ui/Modal/__tests__/Modal.test.tsx(144,1): error TS1128: Declaration or statement expected.
src/components/ui/Modal/__tests__/Modal.test.tsx(144,2): error TS1128: Declaration or statement expected.
src/components/ui/Modal/__tests__/Modal.test.tsx(145,1): error TS1128: Declaration or statement expected.
src/components/ui/Modal/__tests__/Modal.test.tsx(146,1): error TS1128: Declaration or statement expected.
src/components/ui/Modal/Dialog.tsx(6,1): error TS1128: Declaration or statement expected.
src/components/ui/Modal/Dialog.tsx(7,1): error TS1128: Declaration or statement expected.
src/components/ui/Modal/Dialog.tsx(8,1): error TS1128: Declaration or statement expected.
src/components/ui/Modal/Dialog.tsx(9,1): error TS1128: Declaration or statement expected.
src/components/ui/Modal/Dialog.tsx(11,11): error TS1109: Expression expected.
src/components/ui/Modal/Dialog.tsx(12,15): error TS1109: Expression expected.
src/components/ui/Modal/Dialog.tsx(24,19): error TS1005: '}' expected.
src/components/ui/Modal/Dialog.tsx(24,20): error TS1005: '...' expected.
src/components/ui/Modal/Dialog.tsx(24,30): error TS1003: Identifier expected.
src/components/ui/Modal/Dialog.tsx(25,5): error TS1109: Expression expected.
src/components/ui/Modal/Dialog.tsx(42,5): error TS1128: Declaration or statement expected.
src/components/ui/Modal/Dialog.tsx(43,3): error TS1109: Expression expected.
src/components/ui/Modal/Dialog.tsx(44,1): error TS1128: Declaration or statement expected.
src/components/ui/Modal/Modal.tsx(17,14): error TS1005: ';' expected.
src/components/ui/Modal/Modal.tsx(42,4): error TS1128: Declaration or statement expected.
src/components/ui/Modal/Modal.tsx(42,38): error TS1005: ';' expected.
src/components/ui/Modal/Modal.tsx(64,13): error TS1005: '}' expected.
src/components/ui/Modal/Modal.tsx(65,13): error TS1005: '}' expected.
src/components/ui/Modal/Modal.tsx(66,13): error TS1005: '}' expected.
src/components/ui/Modal/Modal.tsx(73,13): error TS1005: '}' expected.
src/components/ui/Modal/Modal.tsx(74,13): error TS1005: '}' expected.
src/components/ui/Modal/Modal.tsx(75,13): error TS1005: '}' expected.
src/components/ui/Modal/Modal.tsx(112,1): error TS1128: Declaration or statement expected.
src/components/ui/Modal/Modal.tsx(113,1): error TS1128: Declaration or statement expected.
src/components/ui/Modal/Modal.tsx(114,15): error TS1109: Expression expected.
src/components/ui/Modal/Modal.tsx(115,11): error TS1109: Expression expected.
src/components/ui/Modal/Modal.tsx(116,12): error TS1109: Expression expected.
src/components/ui/Modal/Modal.tsx(140,1): error TS1128: Declaration or statement expected.
src/components/ui/Modal/Modal.tsx(141,1): error TS1128: Declaration or statement expected.
src/components/ui/Navigation/__tests__/BottomNavigation.test.tsx(35,3): error TS1136: Property assignment expected.
src/components/ui/Navigation/__tests__/BottomNavigation.test.tsx(40,3): error TS1136: Property assignment expected.
src/components/ui/Navigation/__tests__/BottomNavigation.test.tsx(53,1): error TS1005: ',' expected.
src/components/ui/Navigation/__tests__/BottomNavigation.test.tsx(93,5): error TS1005: ',' expected.
src/components/ui/Navigation/__tests__/BottomNavigation.test.tsx(116,5): error TS1005: ',' expected.
src/components/ui/Navigation/__tests__/BottomNavigation.test.tsx(134,5): error TS1005: ',' expected.
src/components/ui/Navigation/__tests__/BottomNavigation.test.tsx(152,5): error TS1005: ',' expected.
src/components/ui/Navigation/__tests__/BottomNavigation.test.tsx(254,1): error TS1128: Declaration or statement expected.
src/components/ui/Navigation/__tests__/BottomNavigation.test.tsx(255,1): error TS1128: Declaration or statement expected.
src/components/ui/Navigation/__tests__/Breadcrumbs.test.tsx(12,3): error TS1005: ',' expected.
src/components/ui/Navigation/__tests__/Breadcrumbs.test.tsx(28,3): error TS1005: ',' expected.
src/components/ui/Navigation/__tests__/Breadcrumbs.test.tsx(97,5): error TS1005: ',' expected.
src/components/ui/Navigation/__tests__/Breadcrumbs.test.tsx(127,5): error TS1005: ',' expected.
src/components/ui/Navigation/__tests__/Breadcrumbs.test.tsx(164,1): error TS1128: Declaration or statement expected.
src/components/ui/Navigation/__tests__/Breadcrumbs.test.tsx(165,1): error TS1128: Declaration or statement expected.
src/components/ui/Navigation/__tests__/SideNavigation.test.tsx(32,5): error TS1005: ',' expected.
src/components/ui/Navigation/__tests__/SideNavigation.test.tsx(40,1): error TS1005: ',' expected.
src/components/ui/Navigation/__tests__/SideNavigation.test.tsx(119,4): error TS1128: Declaration or statement expected.
src/components/ui/Navigation/__tests__/SideNavigation.test.tsx(133,4): error TS1128: Declaration or statement expected.
src/components/ui/Navigation/__tests__/SideNavigation.test.tsx(157,1): error TS1128: Declaration or statement expected.
src/components/ui/Navigation/__tests__/SideNavigation.test.tsx(158,1): error TS1128: Declaration or statement expected.
src/components/ui/Navigation/BottomNavigation.tsx(15,1): error TS1131: Property or signature expected.
src/components/ui/Navigation/BottomNavigation.tsx(17,1): error TS1128: Declaration or statement expected.
src/components/ui/Navigation/BottomNavigation.tsx(18,1): error TS1128: Declaration or statement expected.
src/components/ui/Navigation/BottomNavigation.tsx(19,9): error TS1109: Expression expected.
src/components/ui/Navigation/BottomNavigation.tsx(19,25): error TS1011: An element access expression should take an argument.
src/components/ui/Navigation/BottomNavigation.tsx(20,11): error TS1109: Expression expected.
src/components/ui/Navigation/BottomNavigation.tsx(21,14): error TS1109: Expression expected.
src/components/ui/Navigation/BottomNavigation.tsx(22,13): error TS1109: Expression expected.
src/components/ui/Navigation/BottomNavigation.tsx(23,15): error TS1109: Expression expected.
src/components/ui/Navigation/BottomNavigation.tsx(23,46): error TS1109: Expression expected.
src/components/ui/Navigation/BottomNavigation.tsx(24,17): error TS1109: Expression expected.
src/components/ui/Navigation/BottomNavigation.tsx(24,29): error TS1109: Expression expected.
src/components/ui/Navigation/BottomNavigation.tsx(32,3): error TS1136: Property assignment expected.
src/components/ui/Navigation/BottomNavigation.tsx(37,3): error TS1136: Property assignment expected.
src/components/ui/Navigation/BottomNavigation.tsx(42,3): error TS1136: Property assignment expected.
src/components/ui/Navigation/BottomNavigation.tsx(47,1): error TS1005: ',' expected.
src/components/ui/Navigation/BottomNavigation.tsx(68,71): error TS1005: ',' expected.
src/components/ui/Navigation/BottomNavigation.tsx(74,71): error TS1005: ',' expected.
src/components/ui/Navigation/BottomNavigation.tsx(84,22): error TS1005: '}' expected.
src/components/ui/Navigation/BottomNavigation.tsx(84,23): error TS1005: '...' expected.
src/components/ui/Navigation/BottomNavigation.tsx(84,38): error TS1005: '...' expected.
src/components/ui/Navigation/BottomNavigation.tsx(84,48): error TS1003: Identifier expected.
src/components/ui/Navigation/BottomNavigation.tsx(84,49): error TS1005: ',' expected.
src/components/ui/Navigation/BottomNavigation.tsx(95,24): error TS1005: '}' expected.
src/components/ui/Navigation/BottomNavigation.tsx(98,21): error TS1005: '...' expected.
src/components/ui/Navigation/BottomNavigation.tsx(99,21): error TS1005: '...' expected.
src/components/ui/Navigation/BottomNavigation.tsx(109,30): error TS1005: ';' expected.
src/components/ui/Navigation/BottomNavigation.tsx(109,31): error TS1005: '}' expected.
src/components/ui/Navigation/BottomNavigation.tsx(109,32): error TS1005: '...' expected.
src/components/ui/Navigation/BottomNavigation.tsx(123,29): error TS1005: '}' expected.
src/components/ui/Navigation/BottomNavigation.tsx(124,23): error TS1005: '...' expected.
src/components/ui/Navigation/BottomNavigation.tsx(125,19): error TS1003: Identifier expected.
src/components/ui/Navigation/BottomNavigation.tsx(125,20): error TS1382: Unexpected token. Did you mean `{'>'}` or `&gt;`?
src/components/ui/Navigation/BottomNavigation.tsx(127,21): error TS17002: Expected corresponding JSX closing tag for 'Link'.
src/components/ui/Navigation/BottomNavigation.tsx(128,18): error TS1381: Unexpected token. Did you mean `{'}'}` or `&rbrace;`?
src/components/ui/Navigation/BottomNavigation.tsx(129,17): error TS17002: Expected corresponding JSX closing tag for 'React.Fragment'.
src/components/ui/Navigation/BottomNavigation.tsx(131,15): error TS1005: ')' expected.
src/components/ui/Navigation/BottomNavigation.tsx(146,85): error TS1005: ',' expected.
src/components/ui/Navigation/BottomNavigation.tsx(146,96): error TS1005: ',' expected.
src/components/ui/Navigation/BottomNavigation.tsx(148,21): error TS1381: Unexpected token. Did you mean `{'}'}` or `&rbrace;`?
src/components/ui/Navigation/BottomNavigation.tsx(149,41): error TS1005: '}' expected.
src/components/ui/Navigation/BottomNavigation.tsx(152,19): error TS1381: Unexpected token. Did you mean `{'}'}` or `&rbrace;`?
src/components/ui/Navigation/BottomNavigation.tsx(153,17): error TS1382: Unexpected token. Did you mean `{'>'}` or `&gt;`?
src/components/ui/Navigation/BottomNavigation.tsx(155,19): error TS17002: Expected corresponding JSX closing tag for 'div'.
src/components/ui/Navigation/BottomNavigation.tsx(156,15): error TS1128: Declaration or statement expected.
src/components/ui/Navigation/BottomNavigation.tsx(156,16): error TS1128: Declaration or statement expected.
src/components/ui/Navigation/BottomNavigation.tsx(157,13): error TS1128: Declaration or statement expected.
src/components/ui/Navigation/BottomNavigation.tsx(158,11): error TS1109: Expression expected.
src/components/ui/Navigation/BottomNavigation.tsx(159,9): error TS1128: Declaration or statement expected.
src/components/ui/Navigation/BottomNavigation.tsx(159,10): error TS1128: Declaration or statement expected.
src/components/ui/Navigation/BottomNavigation.tsx(159,11): error TS1128: Declaration or statement expected.
src/components/ui/Navigation/BottomNavigation.tsx(160,7): error TS1128: Declaration or statement expected.
src/components/ui/Navigation/BottomNavigation.tsx(161,5): error TS1109: Expression expected.
src/components/ui/Navigation/BottomNavigation.tsx(162,3): error TS1109: Expression expected.
src/components/ui/Navigation/BottomNavigation.tsx(163,1): error TS1128: Declaration or statement expected.
src/components/ui/Navigation/BottomNavigation.tsx(164,1): error TS1128: Declaration or statement expected.
src/components/ui/Navigation/BottomNavigation.tsx(165,1): error TS1128: Declaration or statement expected.
src/components/ui/Navigation/Breadcrumbs.tsx(13,1): error TS1131: Property or signature expected.
src/components/ui/Navigation/Breadcrumbs.tsx(15,1): error TS1128: Declaration or statement expected.
src/components/ui/Navigation/Breadcrumbs.tsx(16,1): error TS1128: Declaration or statement expected.
src/components/ui/Navigation/Breadcrumbs.tsx(17,9): error TS1109: Expression expected.
src/components/ui/Navigation/Breadcrumbs.tsx(17,26): error TS1011: An element access expression should take an argument.
src/components/ui/Navigation/Breadcrumbs.tsx(18,13): error TS1109: Expression expected.
src/components/ui/Navigation/Breadcrumbs.tsx(19,13): error TS1109: Expression expected.
src/components/ui/Navigation/Breadcrumbs.tsx(20,16): error TS1109: Expression expected.
src/components/ui/Navigation/Breadcrumbs.tsx(21,12): error TS1109: Expression expected.
src/components/ui/Navigation/Breadcrumbs.tsx(22,20): error TS1109: Expression expected.
src/components/ui/Navigation/Breadcrumbs.tsx(48,26): error TS1005: '}' expected.
src/components/ui/Navigation/Breadcrumbs.tsx(48,28): error TS1005: '...' expected.
src/components/ui/Navigation/Breadcrumbs.tsx(48,38): error TS1003: Identifier expected.
src/components/ui/Navigation/Breadcrumbs.tsx(48,50): error TS1005: ';' expected.
src/components/ui/Navigation/Breadcrumbs.tsx(51,21): error TS1005: '}' expected.
src/components/ui/Navigation/Breadcrumbs.tsx(51,22): error TS1005: '...' expected.
src/components/ui/Navigation/Breadcrumbs.tsx(51,33): error TS1003: Identifier expected.
src/components/ui/Navigation/Breadcrumbs.tsx(51,35): error TS1005: ')' expected.
src/components/ui/Navigation/Breadcrumbs.tsx(51,42): error TS1005: ',' expected.
src/components/ui/Navigation/Breadcrumbs.tsx(51,73): error TS1382: Unexpected token. Did you mean `{'>'}` or `&gt;`?
src/components/ui/Navigation/Breadcrumbs.tsx(77,36): error TS1005: '}' expected.
src/components/ui/Navigation/Breadcrumbs.tsx(78,19): error TS1005: '...' expected.
src/components/ui/Navigation/Breadcrumbs.tsx(81,18): error TS1003: Identifier expected.
src/components/ui/Navigation/Breadcrumbs.tsx(83,15): error TS1382: Unexpected token. Did you mean `{'>'}` or `&gt;`?
src/components/ui/Navigation/Breadcrumbs.tsx(88,17): error TS17002: Expected corresponding JSX closing tag for 'ol'.
src/components/ui/Navigation/Breadcrumbs.tsx(89,13): error TS1128: Declaration or statement expected.
src/components/ui/Navigation/Breadcrumbs.tsx(89,14): error TS1128: Declaration or statement expected.
src/components/ui/Navigation/Breadcrumbs.tsx(90,11): error TS1128: Declaration or statement expected.
src/components/ui/Navigation/Breadcrumbs.tsx(91,9): error TS1109: Expression expected.
src/components/ui/Navigation/Breadcrumbs.tsx(91,10): error TS1128: Declaration or statement expected.
src/components/ui/Navigation/Breadcrumbs.tsx(91,11): error TS1128: Declaration or statement expected.
src/components/ui/Navigation/Breadcrumbs.tsx(92,7): error TS1128: Declaration or statement expected.
src/components/ui/Navigation/Breadcrumbs.tsx(93,5): error TS1109: Expression expected.
src/components/ui/Navigation/Breadcrumbs.tsx(94,3): error TS1109: Expression expected.
src/components/ui/Navigation/Breadcrumbs.tsx(95,1): error TS1128: Declaration or statement expected.
src/components/ui/Navigation/Breadcrumbs.tsx(103,1): error TS1128: Declaration or statement expected.
src/components/ui/Navigation/FloatingActionButton.tsx(22,7): error TS1005: ';' expected.
src/components/ui/Navigation/FloatingActionButton.tsx(62,17): error TS1005: ',' expected.
src/components/ui/Navigation/FloatingActionButton.tsx(62,22): error TS1005: ',' expected.
src/components/ui/Navigation/FloatingActionButton.tsx(62,30): error TS1005: ';' expected.
src/components/ui/Navigation/FloatingActionButton.tsx(63,18): error TS1005: ';' expected.
src/components/ui/Navigation/FloatingActionButton.tsx(64,24): error TS1005: ';' expected.
src/components/ui/Navigation/FloatingActionButton.tsx(64,37): error TS1005: ';' expected.
src/components/ui/Navigation/FloatingActionButton.tsx(65,10): error TS1005: ';' expected.
src/components/ui/Navigation/FloatingActionButton.tsx(66,5): error TS1434: Unexpected keyword or identifier.
src/components/ui/Navigation/FloatingActionButton.tsx(67,5): error TS1434: Unexpected keyword or identifier.
src/components/ui/Navigation/FloatingActionButton.tsx(68,5): error TS1434: Unexpected keyword or identifier.
src/components/ui/Navigation/FloatingActionButton.tsx(69,5): error TS1434: Unexpected keyword or identifier.
src/components/ui/Navigation/FloatingActionButton.tsx(70,5): error TS1434: Unexpected keyword or identifier.
src/components/ui/Navigation/FloatingActionButton.tsx(114,21): error TS1005: '}' expected.
src/components/ui/Navigation/FloatingActionButton.tsx(114,22): error TS1005: '...' expected.
src/components/ui/Navigation/FloatingActionButton.tsx(114,40): error TS1003: Identifier expected.
src/components/ui/Navigation/FloatingActionButton.tsx(115,19): error TS1005: ';' expected.
src/components/ui/Navigation/FloatingActionButton.tsx(116,10): error TS1128: Declaration or statement expected.
src/components/ui/Navigation/FloatingActionButton.tsx(117,7): error TS1109: Expression expected.
src/components/ui/Navigation/FloatingActionButton.tsx(119,7): error TS1128: Declaration or statement expected.
src/components/ui/Navigation/FloatingActionButton.tsx(120,5): error TS1109: Expression expected.
src/components/ui/Navigation/FloatingActionButton.tsx(127,21): error TS1005: '}' expected.
src/components/ui/Navigation/FloatingActionButton.tsx(127,22): error TS1005: '...' expected.
src/components/ui/Navigation/FloatingActionButton.tsx(127,43): error TS1005: '...' expected.
src/components/ui/Navigation/FloatingActionButton.tsx(127,81): error TS1003: Identifier expected.
src/components/ui/Navigation/FloatingActionButton.tsx(128,18): error TS1136: Property assignment expected.
src/components/ui/Navigation/FloatingActionButton.tsx(128,22): error TS1005: ';' expected.
src/components/ui/Navigation/FloatingActionButton.tsx(137,19): error TS1005: ';' expected.
src/components/ui/Navigation/FloatingActionButton.tsx(138,10): error TS1128: Declaration or statement expected.
src/components/ui/Navigation/FloatingActionButton.tsx(139,7): error TS1109: Expression expected.
src/components/ui/Navigation/FloatingActionButton.tsx(141,7): error TS1128: Declaration or statement expected.
src/components/ui/Navigation/FloatingActionButton.tsx(142,5): error TS1109: Expression expected.
src/components/ui/Navigation/FloatingActionButton.tsx(146,19): error TS1005: '}' expected.
src/components/ui/Navigation/FloatingActionButton.tsx(146,20): error TS1005: '...' expected.
src/components/ui/Navigation/FloatingActionButton.tsx(146,38): error TS1003: Identifier expected.
src/components/ui/Navigation/FloatingActionButton.tsx(147,17): error TS1005: ';' expected.
src/components/ui/Navigation/FloatingActionButton.tsx(148,8): error TS1128: Declaration or statement expected.
src/components/ui/Navigation/FloatingActionButton.tsx(149,5): error TS1109: Expression expected.
src/components/ui/Navigation/FloatingActionButton.tsx(151,5): error TS1128: Declaration or statement expected.
src/components/ui/Navigation/FloatingActionButton.tsx(152,3): error TS1109: Expression expected.
src/components/ui/Navigation/NavigationStateManager.tsx(8,1): error TS1131: Property or signature expected.
src/components/ui/Navigation/NavigationStateManager.tsx(10,1): error TS1128: Declaration or statement expected.
src/components/ui/Navigation/NavigationStateManager.tsx(11,1): error TS1128: Declaration or statement expected.
src/components/ui/Navigation/NavigationStateManager.tsx(12,25): error TS1109: Expression expected.
src/components/ui/Navigation/NavigationStateManager.tsx(13,26): error TS1109: Expression expected.
src/components/ui/Navigation/NavigationStateManager.tsx(14,23): error TS1109: Expression expected.
src/components/ui/Navigation/NavigationStateManager.tsx(15,13): error TS1109: Expression expected.
src/components/ui/Navigation/NavigationStateManager.tsx(26,31): error TS1005: '}' expected.
src/components/ui/Navigation/NavigationStateManager.tsx(26,69): error TS1005: '...' expected.
src/components/ui/Navigation/NavigationStateManager.tsx(26,79): error TS1003: Identifier expected.
src/components/ui/Navigation/NavigationStateManager.tsx(26,80): error TS1005: ',' expected.
src/components/ui/Navigation/NavigationStateManager.tsx(99,59): error TS1005: ')' expected.
src/components/ui/Navigation/NavigationStateManager.tsx(99,87): error TS1381: Unexpected token. Did you mean `{'}'}` or `&rbrace;`?
src/components/ui/Navigation/NavigationStateManager.tsx(201,5): error TS1128: Declaration or statement expected.
src/components/ui/Navigation/NavigationStateManager.tsx(202,3): error TS1109: Expression expected.
src/components/ui/Navigation/NavigationStateManager.tsx(203,1): error TS1128: Declaration or statement expected.
src/components/ui/Navigation/NavigationStateManager.tsx(212,46): error TS1005: '}' expected.
src/components/ui/Navigation/NavigationStateManager.tsx(212,48): error TS1005: '...' expected.
src/components/ui/Navigation/NavigationStateManager.tsx(212,58): error TS1003: Identifier expected.
src/components/ui/Navigation/NavigationStateManager.tsx(212,59): error TS1005: ',' expected.
src/components/ui/Navigation/NavigationStateManager.tsx(236,5): error TS1128: Declaration or statement expected.
src/components/ui/Navigation/NavigationStateManager.tsx(237,3): error TS1109: Expression expected.
src/components/ui/Navigation/NavigationStateManager.tsx(238,1): error TS1128: Declaration or statement expected.
src/components/ui/Navigation/NavigationStateManager.tsx(241,1): error TS1128: Declaration or statement expected.
src/components/ui/Navigation/SideNavigation.tsx(7,13): error TS1003: Identifier expected.
src/components/ui/Navigation/SideNavigation.tsx(8,13): error TS1003: Identifier expected.
src/components/ui/Navigation/SideNavigation.tsx(9,10): error TS1003: Identifier expected.
src/components/ui/Navigation/SideNavigation.tsx(10,13): error TS1003: Identifier expected.
src/components/ui/Navigation/SideNavigation.tsx(11,10): error TS1003: Identifier expected.
src/components/ui/Navigation/SideNavigation.tsx(12,7): error TS1005: ',' expected.
src/components/ui/Navigation/SideNavigation.tsx(26,1): error TS1131: Property or signature expected.
src/components/ui/Navigation/SideNavigation.tsx(34,7): error TS1005: ';' expected.
src/components/ui/Navigation/SideNavigation.tsx(45,1): error TS1131: Property or signature expected.
src/components/ui/Navigation/SideNavigation.tsx(60,6): error TS1128: Declaration or statement expected.
src/components/ui/Navigation/SideNavigation.tsx(82,6): error TS1128: Declaration or statement expected.
src/components/ui/Navigation/SideNavigation.tsx(94,64): error TS1005: ',' expected.
src/components/ui/Navigation/SideNavigation.tsx(102,64): error TS1005: ',' expected.
src/components/ui/Navigation/SideNavigation.tsx(109,65): error TS1005: ',' expected.
src/components/ui/Navigation/SideNavigation.tsx(117,64): error TS1005: ',' expected.
src/components/ui/Navigation/SideNavigation.tsx(136,39): error TS1005: ';' expected.
src/components/ui/Navigation/SideNavigation.tsx(137,40): error TS1005: ';' expected.
src/components/ui/Navigation/SideNavigation.tsx(149,6): error TS1128: Declaration or statement expected.
src/components/ui/Navigation/SideNavigation.tsx(167,24): error TS1005: '}' expected.
src/components/ui/Navigation/SideNavigation.tsx(167,51): error TS1003: Identifier expected.
src/components/ui/Navigation/SideNavigation.tsx(172,17): error TS1005: '}' expected.
src/components/ui/Navigation/SideNavigation.tsx(173,15): error TS1381: Unexpected token. Did you mean `{'}'}` or `&rbrace;`?
src/components/ui/Navigation/SideNavigation.tsx(179,28): error TS1005: '}' expected.
src/components/ui/Navigation/SideNavigation.tsx(179,72): error TS1381: Unexpected token. Did you mean `{'}'}` or `&rbrace;`?
src/components/ui/Navigation/SideNavigation.tsx(181,13): error TS1382: Unexpected token. Did you mean `{'>'}` or `&gt;`?
src/components/ui/Navigation/SideNavigation.tsx(183,21): error TS1005: '}' expected.
src/components/ui/Navigation/SideNavigation.tsx(184,19): error TS1005: '...' expected.
src/components/ui/Navigation/SideNavigation.tsx(185,15): error TS1003: Identifier expected.
src/components/ui/Navigation/SideNavigation.tsx(185,18): error TS1382: Unexpected token. Did you mean `{'>'}` or `&gt;`?
src/components/ui/Navigation/SideNavigation.tsx(193,21): error TS1005: '}' expected.
src/components/ui/Navigation/SideNavigation.tsx(194,19): error TS1005: '...' expected.
src/components/ui/Navigation/SideNavigation.tsx(195,19): error TS1005: '...' expected.
src/components/ui/Navigation/SideNavigation.tsx(196,15): error TS1003: Identifier expected.
src/components/ui/Navigation/SideNavigation.tsx(196,18): error TS1382: Unexpected token. Did you mean `{'>'}` or `&gt;`?
src/components/ui/Navigation/SideNavigation.tsx(197,15): error TS17002: Expected corresponding JSX closing tag for 'div'.
src/components/ui/Navigation/SideNavigation.tsx(199,13): error TS1005: ')' expected.
src/components/ui/Navigation/SideNavigation.tsx(207,13): error TS17002: Expected corresponding JSX closing tag for 'li'.
src/components/ui/Navigation/SideNavigation.tsx(208,11): error TS1005: ';' expected.
src/components/ui/Navigation/SideNavigation.tsx(214,20): error TS1005: '}' expected.
src/components/ui/Navigation/SideNavigation.tsx(214,42): error TS1003: Identifier expected.
src/components/ui/Navigation/SideNavigation.tsx(214,45): error TS1005: ';' expected.
src/components/ui/Navigation/SideNavigation.tsx(214,56): error TS1005: ';' expected.
src/components/ui/Navigation/SideNavigation.tsx(214,71): error TS1005: ';' expected.
src/components/ui/Navigation/SideNavigation.tsx(215,34): error TS1005: ';' expected.
src/components/ui/Navigation/SideNavigation.tsx(215,47): error TS1005: ';' expected.
src/components/ui/Navigation/SideNavigation.tsx(215,67): error TS1005: ';' expected.
src/components/ui/Navigation/SideNavigation.tsx(216,15): error TS1434: Unexpected keyword or identifier.
src/components/ui/Navigation/SideNavigation.tsx(219,15): error TS1434: Unexpected keyword or identifier.
src/components/ui/Navigation/SideNavigation.tsx(220,15): error TS1434: Unexpected keyword or identifier.
src/components/ui/Navigation/SideNavigation.tsx(222,27): error TS1136: Property assignment expected.
src/components/ui/Navigation/SideNavigation.tsx(222,31): error TS1005: ';' expected.
src/components/ui/Navigation/SideNavigation.tsx(224,24): error TS1136: Property assignment expected.
src/components/ui/Navigation/SideNavigation.tsx(224,28): error TS1005: ';' expected.
src/components/ui/Navigation/SideNavigation.tsx(224,54): error TS1128: Declaration or statement expected.
src/components/ui/Navigation/SideNavigation.tsx(225,32): error TS1005: ',' expected.
src/components/ui/Navigation/SideNavigation.tsx(225,36): error TS1005: ',' expected.
src/components/ui/Navigation/SideNavigation.tsx(225,43): error TS1005: ',' expected.
src/components/ui/Navigation/SideNavigation.tsx(226,25): error TS1005: ';' expected.
src/components/ui/Navigation/SideNavigation.tsx(227,23): error TS1005: ';' expected.
src/components/ui/Navigation/SideNavigation.tsx(228,11): error TS1109: Expression expected.
src/components/ui/Navigation/SideNavigation.tsx(230,19): error TS1005: '}' expected.
src/components/ui/Navigation/SideNavigation.tsx(231,17): error TS1005: '...' expected.
src/components/ui/Navigation/SideNavigation.tsx(232,17): error TS1005: '...' expected.
src/components/ui/Navigation/SideNavigation.tsx(233,13): error TS1003: Identifier expected.
src/components/ui/Navigation/SideNavigation.tsx(248,11): error TS1128: Declaration or statement expected.
src/components/ui/Navigation/SideNavigation.tsx(249,9): error TS1109: Expression expected.
src/components/ui/Navigation/SideNavigation.tsx(249,10): error TS1128: Declaration or statement expected.
src/components/ui/Navigation/SideNavigation.tsx(250,7): error TS1128: Declaration or statement expected.
src/components/ui/Navigation/SideNavigation.tsx(251,5): error TS1109: Expression expected.
src/components/ui/Navigation/SideNavigation.tsx(252,3): error TS1128: Declaration or statement expected.
src/components/ui/Navigation/SideNavigation.tsx(258,18): error TS1005: '}' expected.
src/components/ui/Navigation/SideNavigation.tsx(260,11): error TS1005: '...' expected.
src/components/ui/Navigation/SideNavigation.tsx(261,11): error TS1005: '...' expected.
src/components/ui/Navigation/SideNavigation.tsx(262,7): error TS1003: Identifier expected.
src/components/ui/Navigation/SideNavigation.tsx(328,1): error TS1128: Declaration or statement expected.
src/components/ui/Navigation/SideNavigation.tsx(329,1): error TS1128: Declaration or statement expected.
src/components/ui/NetworkDisplay.tsx(9,14): error TS1005: ';' expected.
src/components/ui/NetworkDisplay.tsx(18,32): error TS1005: '}' expected.
src/components/ui/NetworkDisplay.tsx(18,72): error TS1005: '...' expected.
src/components/ui/NetworkDisplay.tsx(18,82): error TS1003: Identifier expected.
src/components/ui/NetworkDisplay.tsx(18,83): error TS1005: ';' expected.
src/components/ui/NetworkDisplay.tsx(19,7): error TS2657: JSX expressions must have one parent element.
src/components/ui/NetworkDisplay.tsx(60,5): error TS1128: Declaration or statement expected.
src/components/ui/NetworkDisplay.tsx(61,3): error TS1109: Expression expected.
src/components/ui/NetworkDisplay.tsx(62,1): error TS1128: Declaration or statement expected.
src/components/ui/NetworkDisplay.tsx(63,1): error TS1128: Declaration or statement expected.
src/components/ui/OfflineIndicator.tsx(12,14): error TS1005: ';' expected.
src/components/ui/OfflineIndicator.tsx(26,11): error TS1005: '}' expected.
src/components/ui/OfflineIndicator.tsx(27,11): error TS1005: '}' expected.
src/components/ui/OfflineIndicator.tsx(28,11): error TS1005: '}' expected.
src/components/ui/OfflineIndicator.tsx(29,11): error TS1005: '}' expected.
src/components/ui/OfflineIndicator.tsx(29,28): error TS1005: '}' expected.
src/components/ui/OfflineIndicator.tsx(29,56): error TS1005: '...' expected.
src/components/ui/OfflineIndicator.tsx(29,66): error TS1003: Identifier expected.
src/components/ui/OfflineIndicator.tsx(30,9): error TS1382: Unexpected token. Did you mean `{'>'}` or `&gt;`?
src/components/ui/OfflineIndicator.tsx(33,20): error TS1005: '}' expected.
src/components/ui/OfflineIndicator.tsx(34,17): error TS1005: '...' expected.
src/components/ui/OfflineIndicator.tsx(53,11): error TS17002: Expected corresponding JSX closing tag for 'AnimatePresence'.
src/components/ui/OfflineIndicator.tsx(55,5): error TS1131: Property or signature expected.
src/components/ui/OfflineIndicator.tsx(55,7): error TS1131: Property or signature expected.
src/components/ui/OfflineIndicator.tsx(56,3): error TS1109: Expression expected.
src/components/ui/OfflineIndicator.tsx(57,1): error TS1128: Declaration or statement expected.
src/components/ui/OfflineIndicator.tsx(64,14): error TS1005: ';' expected.
src/components/ui/OfflineIndicator.tsx(74,11): error TS1005: '}' expected.
src/components/ui/OfflineIndicator.tsx(75,11): error TS1005: '}' expected.
src/components/ui/OfflineIndicator.tsx(76,11): error TS1005: '}' expected.
src/components/ui/OfflineIndicator.tsx(77,11): error TS1005: '}' expected.
src/components/ui/OfflineIndicator.tsx(77,28): error TS1005: '}' expected.
src/components/ui/OfflineIndicator.tsx(77,52): error TS1005: '...' expected.
src/components/ui/OfflineIndicator.tsx(77,62): error TS1003: Identifier expected.
src/components/ui/OfflineIndicator.tsx(78,9): error TS1382: Unexpected token. Did you mean `{'>'}` or `&gt;`?
src/components/ui/OfflineIndicator.tsx(96,21): error TS1005: '}' expected.
src/components/ui/OfflineIndicator.tsx(104,11): error TS17002: Expected corresponding JSX closing tag for 'AnimatePresence'.
src/components/ui/OfflineIndicator.tsx(106,5): error TS1131: Property or signature expected.
src/components/ui/OfflineIndicator.tsx(106,7): error TS1131: Property or signature expected.
src/components/ui/OfflineIndicator.tsx(107,3): error TS1109: Expression expected.
src/components/ui/OfflineIndicator.tsx(108,1): error TS1128: Declaration or statement expected.
src/components/ui/OfflineIndicator.tsx(115,14): error TS1005: ';' expected.
src/components/ui/OfflineIndicator.tsx(139,4): error TS1128: Declaration or statement expected.
src/components/ui/OfflineIndicator.tsx(139,31): error TS1005: ';' expected.
src/components/ui/OfflineIndicator.tsx(148,7): error TS1005: 'try' expected.
src/components/ui/OfflineIndicator.tsx(163,5): error TS2657: JSX expressions must have one parent element.
src/components/ui/OfflineIndicator.tsx(167,11): error TS1005: '}' expected.
src/components/ui/OfflineIndicator.tsx(168,11): error TS1005: '}' expected.
src/components/ui/OfflineIndicator.tsx(169,11): error TS1005: '}' expected.
src/components/ui/OfflineIndicator.tsx(175,11): error TS1005: '}' expected.
src/components/ui/OfflineIndicator.tsx(175,28): error TS1005: '}' expected.
src/components/ui/OfflineIndicator.tsx(175,35): error TS1005: '...' expected.
src/components/ui/OfflineIndicator.tsx(176,13): error TS1005: '...' expected.
src/components/ui/OfflineIndicator.tsx(179,12): error TS1003: Identifier expected.
src/components/ui/OfflineIndicator.tsx(180,9): error TS1382: Unexpected token. Did you mean `{'>'}` or `&gt;`?
src/components/ui/OfflineIndicator.tsx(182,22): error TS1005: '}' expected.
src/components/ui/OfflineIndicator.tsx(183,15): error TS1005: '...' expected.
src/components/ui/OfflineIndicator.tsx(193,35): error TS1005: '}' expected.
src/components/ui/OfflineIndicator.tsx(194,19): error TS1005: '...' expected.
src/components/ui/OfflineIndicator.tsx(195,15): error TS1003: Identifier expected.
src/components/ui/OfflineIndicator.tsx(195,16): error TS1382: Unexpected token. Did you mean `{'>'}` or `&gt;`?
src/components/ui/OfflineIndicator.tsx(201,33): error TS1005: '}' expected.
src/components/ui/OfflineIndicator.tsx(202,21): error TS1005: '...' expected.
src/components/ui/OfflineIndicator.tsx(203,17): error TS1003: Identifier expected.
src/components/ui/OfflineIndicator.tsx(203,18): error TS1382: Unexpected token. Did you mean `{'>'}` or `&gt;`?
src/components/ui/OfflineIndicator.tsx(205,19): error TS17002: Expected corresponding JSX closing tag for 'div'.
src/components/ui/OfflineIndicator.tsx(208,33): error TS1005: '}' expected.
src/components/ui/OfflineIndicator.tsx(209,21): error TS1005: '...' expected.
src/components/ui/OfflineIndicator.tsx(210,17): error TS1003: Identifier expected.
src/components/ui/OfflineIndicator.tsx(210,18): error TS1382: Unexpected token. Did you mean `{'>'}` or `&gt;`?
src/components/ui/OfflineIndicator.tsx(214,17): error TS1005: '}' expected.
src/components/ui/OfflineIndicator.tsx(214,19): error TS17002: Expected corresponding JSX closing tag for 'div'.
src/components/ui/OfflineIndicator.tsx(234,24): error TS1005: '}' expected.
src/components/ui/OfflineIndicator.tsx(235,21): error TS1005: '...' expected.
src/components/ui/OfflineIndicator.tsx(236,17): error TS1003: Identifier expected.
src/components/ui/OfflineIndicator.tsx(236,18): error TS1382: Unexpected token. Did you mean `{'>'}` or `&gt;`?
src/components/ui/OfflineIndicator.tsx(241,40): error TS1005: '}' expected.
src/components/ui/OfflineIndicator.tsx(245,25): error TS1005: '...' expected.
src/components/ui/OfflineIndicator.tsx(248,23): error TS1005: '}' expected.
src/components/ui/OfflineIndicator.tsx(248,25): error TS1005: '...' expected.
src/components/ui/OfflineIndicator.tsx(249,21): error TS1003: Identifier expected.
src/components/ui/OfflineIndicator.tsx(250,19): error TS1382: Unexpected token. Did you mean `{'>'}` or `&gt;`?
src/components/ui/OfflineIndicator.tsx(263,21): error TS1005: '}' expected.
src/components/ui/OfflineIndicator.tsx(264,21): error TS17002: Expected corresponding JSX closing tag for 'AnimatePresence'.
src/components/ui/OfflineIndicator.tsx(269,37): error TS1005: '}' expected.
src/components/ui/OfflineIndicator.tsx(271,25): error TS1005: '...' expected.
src/components/ui/OfflineIndicator.tsx(278,17): error TS1005: ')' expected.
src/components/ui/OfflineIndicator.tsx(279,15): error TS1109: Expression expected.
src/components/ui/OfflineIndicator.tsx(280,13): error TS1109: Expression expected.
src/components/ui/OfflineIndicator.tsx(281,11): error TS1109: Expression expected.
src/components/ui/OfflineIndicator.tsx(282,9): error TS1109: Expression expected.
src/components/ui/OfflineIndicator.tsx(283,7): error TS1109: Expression expected.
src/components/ui/OfflineIndicator.tsx(284,5): error TS1131: Property or signature expected.
src/components/ui/OfflineIndicator.tsx(284,7): error TS1131: Property or signature expected.
src/components/ui/OfflineIndicator.tsx(285,3): error TS1109: Expression expected.
src/components/ui/OfflineIndicator.tsx(286,1): error TS1128: Declaration or statement expected.
src/components/ui/OfflineIndicator.tsx(293,14): error TS1005: ';' expected.
src/components/ui/OfflineIndicator.tsx(303,11): error TS1005: '}' expected.
src/components/ui/OfflineIndicator.tsx(304,11): error TS1005: '}' expected.
src/components/ui/OfflineIndicator.tsx(305,11): error TS1005: '}' expected.
src/components/ui/OfflineIndicator.tsx(306,11): error TS1005: '}' expected.
src/components/ui/OfflineIndicator.tsx(306,28): error TS1005: '}' expected.
src/components/ui/OfflineIndicator.tsx(306,59): error TS1005: '...' expected.
src/components/ui/OfflineIndicator.tsx(306,69): error TS1003: Identifier expected.
src/components/ui/OfflineIndicator.tsx(307,9): error TS1382: Unexpected token. Did you mean `{'>'}` or `&gt;`?
src/components/ui/OfflineIndicator.tsx(376,11): error TS17002: Expected corresponding JSX closing tag for 'AnimatePresence'.
src/components/ui/OfflineIndicator.tsx(378,5): error TS1131: Property or signature expected.
src/components/ui/OfflineIndicator.tsx(378,7): error TS1131: Property or signature expected.
src/components/ui/OfflineIndicator.tsx(379,3): error TS1109: Expression expected.
src/components/ui/OfflineIndicator.tsx(380,1): error TS1128: Declaration or statement expected.
src/components/ui/OfflineIndicator.tsx(383,1): error TS1128: Declaration or statement expected.
src/components/ui/OfflineIndicator.tsx(384,1): error TS1128: Declaration or statement expected.
src/components/ui/OptimizedImage.tsx(3,26): error TS1003: Identifier expected.
src/components/ui/OptimizedImage.tsx(4,24): error TS1003: Identifier expected.
src/components/ui/OptimizedImage.tsx(5,20): error TS1003: Identifier expected.
src/components/ui/OptimizedImage.tsx(6,27): error TS1003: Identifier expected.
src/components/ui/OptimizedImage.tsx(7,25): error TS1003: Identifier expected.
src/components/ui/OptimizedImage.tsx(8,27): error TS1005: ',' expected.
src/components/ui/OptimizedImage.tsx(13,1): error TS1128: Declaration or statement expected.
src/components/ui/OptimizedImage.tsx(14,1): error TS1128: Declaration or statement expected.
src/components/ui/OptimizedImage.tsx(15,1): error TS1128: Declaration or statement expected.
src/components/ui/OptimizedImage.tsx(16,1): error TS1128: Declaration or statement expected.
src/components/ui/OptimizedImage.tsx(19,15): error TS1109: Expression expected.
src/components/ui/OptimizedImage.tsx(20,20): error TS1109: Expression expected.
src/components/ui/OptimizedImage.tsx(21,18): error TS1109: Expression expected.
src/components/ui/OptimizedImage.tsx(22,19): error TS1109: Expression expected.
src/components/ui/OptimizedImage.tsx(23,16): error TS1109: Expression expected.
src/components/ui/OptimizedImage.tsx(24,14): error TS1109: Expression expected.
src/components/ui/OptimizedImage.tsx(25,16): error TS1109: Expression expected.
src/components/ui/OptimizedImage.tsx(26,19): error TS1109: Expression expected.
src/components/ui/OptimizedImage.tsx(27,15): error TS1109: Expression expected.
src/components/ui/OptimizedImage.tsx(28,12): error TS1109: Expression expected.
src/components/ui/OptimizedImage.tsx(66,4): error TS1128: Declaration or statement expected.
src/components/ui/OptimizedImage.tsx(66,64): error TS1005: ';' expected.
src/components/ui/OptimizedImage.tsx(77,8): error TS1128: Declaration or statement expected.
src/components/ui/OptimizedImage.tsx(80,19): error TS1005: ';' expected.
src/components/ui/OptimizedImage.tsx(81,9): error TS1109: Expression expected.
src/components/ui/OptimizedImage.tsx(88,4): error TS1128: Declaration or statement expected.
src/components/ui/OptimizedImage.tsx(88,33): error TS1005: ';' expected.
src/components/ui/OptimizedImage.tsx(137,13): error TS1128: Declaration or statement expected.
src/components/ui/OptimizedImage.tsx(145,9): error TS1005: 'try' expected.
src/components/ui/OptimizedImage.tsx(152,4): error TS1128: Declaration or statement expected.
src/components/ui/OptimizedImage.tsx(152,74): error TS1005: ';' expected.
src/components/ui/OptimizedImage.tsx(168,21): error TS1005: '}' expected.
src/components/ui/OptimizedImage.tsx(168,22): error TS1005: '...' expected.
src/components/ui/OptimizedImage.tsx(168,35): error TS1005: '...' expected.
src/components/ui/OptimizedImage.tsx(168,116): error TS1003: Identifier expected.
src/components/ui/OptimizedImage.tsx(169,16): error TS1136: Property assignment expected.
src/components/ui/OptimizedImage.tsx(170,47): error TS1005: ',' expected.
src/components/ui/OptimizedImage.tsx(171,25): error TS1005: ';' expected.
src/components/ui/OptimizedImage.tsx(172,29): error TS1005: ';' expected.
src/components/ui/OptimizedImage.tsx(173,11): error TS1109: Expression expected.
src/components/ui/OptimizedImage.tsx(174,9): error TS1128: Declaration or statement expected.
src/components/ui/OptimizedImage.tsx(175,10): error TS1128: Declaration or statement expected.
src/components/ui/OptimizedImage.tsx(176,7): error TS1109: Expression expected.
src/components/ui/OptimizedImage.tsx(178,11): error TS1003: Identifier expected.
src/components/ui/OptimizedImage.tsx(178,29): error TS1005: ',' expected.
src/components/ui/OptimizedImage.tsx(178,30): error TS1109: Expression expected.
src/components/ui/OptimizedImage.tsx(179,9): error TS1109: Expression expected.
src/components/ui/OptimizedImage.tsx(179,11): error TS1128: Declaration or statement expected.
src/components/ui/OptimizedImage.tsx(195,10): error TS1128: Declaration or statement expected.
src/components/ui/OptimizedImage.tsx(196,7): error TS1128: Declaration or statement expected.
src/components/ui/OptimizedImage.tsx(197,5): error TS1109: Expression expected.
src/components/ui/OptimizedImage.tsx(203,21): error TS1005: '}' expected.
src/components/ui/OptimizedImage.tsx(203,22): error TS1005: '...' expected.
src/components/ui/OptimizedImage.tsx(203,35): error TS1005: '...' expected.
src/components/ui/OptimizedImage.tsx(203,164): error TS1003: Identifier expected.
src/components/ui/OptimizedImage.tsx(205,10): error TS1128: Declaration or statement expected.
src/components/ui/OptimizedImage.tsx(206,7): error TS1109: Expression expected.
src/components/ui/OptimizedImage.tsx(208,11): error TS1003: Identifier expected.
src/components/ui/OptimizedImage.tsx(208,27): error TS1005: ',' expected.
src/components/ui/OptimizedImage.tsx(208,42): error TS1109: Expression expected.
src/components/ui/OptimizedImage.tsx(209,9): error TS1109: Expression expected.
src/components/ui/OptimizedImage.tsx(211,13): error TS1005: '(' expected.
src/components/ui/OptimizedImage.tsx(212,15): error TS1005: ',' expected.
src/components/ui/OptimizedImage.tsx(213,15): error TS1005: ',' expected.
src/components/ui/OptimizedImage.tsx(214,15): error TS1005: ',' expected.
src/components/ui/OptimizedImage.tsx(215,15): error TS1005: ',' expected.
src/components/ui/OptimizedImage.tsx(217,15): error TS1005: '(' expected.
src/components/ui/OptimizedImage.tsx(218,17): error TS1005: ',' expected.
src/components/ui/OptimizedImage.tsx(219,17): error TS1005: ',' expected.
src/components/ui/OptimizedImage.tsx(220,17): error TS1005: ',' expected.
src/components/ui/OptimizedImage.tsx(221,17): error TS1005: ',' expected.
src/components/ui/OptimizedImage.tsx(222,15): error TS1005: ',' expected.
src/components/ui/OptimizedImage.tsx(222,16): error TS1109: Expression expected.
src/components/ui/OptimizedImage.tsx(223,13): error TS1109: Expression expected.
src/components/ui/OptimizedImage.tsx(224,13): error TS2657: JSX expressions must have one parent element.
src/components/ui/OptimizedImage.tsx(231,11): error TS1128: Declaration or statement expected.
src/components/ui/OptimizedImage.tsx(231,13): error TS1109: Expression expected.
src/components/ui/OptimizedImage.tsx(232,9): error TS1109: Expression expected.
src/components/ui/OptimizedImage.tsx(232,10): error TS1128: Declaration or statement expected.
src/components/ui/OptimizedImage.tsx(233,7): error TS1128: Declaration or statement expected.
src/components/ui/OptimizedImage.tsx(234,5): error TS1109: Expression expected.
src/components/ui/OptimizedImage.tsx(244,19): error TS1005: '}' expected.
src/components/ui/OptimizedImage.tsx(244,20): error TS1005: '...' expected.
src/components/ui/OptimizedImage.tsx(244,33): error TS1005: '...' expected.
src/components/ui/OptimizedImage.tsx(244,109): error TS1003: Identifier expected.
src/components/ui/OptimizedImage.tsx(251,1): error TS1128: Declaration or statement expected.
src/components/ui/OptimizedImage.tsx(269,14): error TS1005: ';' expected.
src/components/ui/OptimizedImage.tsx(294,35): error TS1005: '}' expected.
src/components/ui/OptimizedImage.tsx(294,51): error TS1005: '...' expected.
src/components/ui/OptimizedImage.tsx(294,61): error TS1003: Identifier expected.
src/components/ui/OptimizedImage.tsx(300,7): error TS1128: Declaration or statement expected.
src/components/ui/OptimizedImage.tsx(301,5): error TS1109: Expression expected.
src/components/ui/OptimizedImage.tsx(312,22): error TS1005: '}' expected.
src/components/ui/OptimizedImage.tsx(312,23): error TS1005: '...' expected.
src/components/ui/OptimizedImage.tsx(312,29): error TS1003: Identifier expected.
src/components/ui/OptimizedImage.tsx(317,10): error TS1382: Unexpected token. Did you mean `{'>'}` or `&gt;`?
src/components/ui/OptimizedImage.tsx(318,9): error TS1381: Unexpected token. Did you mean `{'}'}` or `&rbrace;`?
src/components/ui/OptimizedImage.tsx(330,26): error TS1005: '}' expected.
src/components/ui/OptimizedImage.tsx(330,27): error TS1005: '...' expected.
src/components/ui/OptimizedImage.tsx(330,33): error TS1003: Identifier expected.
src/components/ui/OptimizedImage.tsx(334,10): error TS1382: Unexpected token. Did you mean `{'>'}` or `&gt;`?
src/components/ui/OptimizedImage.tsx(335,9): error TS1381: Unexpected token. Did you mean `{'}'}` or `&rbrace;`?
src/components/ui/OptimizedImage.tsx(352,8): error TS1005: ';' expected.
src/components/ui/OptimizedImage.tsx(352,16): error TS1005: ';' expected.
src/components/ui/OptimizedImage.tsx(354,1): error TS1128: Declaration or statement expected.
src/components/ui/Performance/__tests__/PerformanceDashboard.test.tsx(38,2): error TS1128: Declaration or statement expected.
src/components/ui/Performance/__tests__/PerformanceDashboard.test.tsx(335,1): error TS1128: Declaration or statement expected.
src/components/ui/Performance/PerformanceAlert.tsx(9,1): error TS1131: Property or signature expected.
src/components/ui/Performance/PerformanceAlert.tsx(11,1): error TS1128: Declaration or statement expected.
src/components/ui/Performance/PerformanceAlert.tsx(12,1): error TS1128: Declaration or statement expected.
src/components/ui/Performance/PerformanceAlert.tsx(17,10): error TS1109: Expression expected.
src/components/ui/Performance/PerformanceAlert.tsx(41,26): error TS1005: ',' expected.
src/components/ui/Performance/PerformanceAlert.tsx(41,33): error TS1005: ',' expected.
src/components/ui/Performance/PerformanceAlert.tsx(41,39): error TS1005: ',' expected.
src/components/ui/Performance/PerformanceAlert.tsx(41,41): error TS1005: ',' expected.
src/components/ui/Performance/PerformanceAlert.tsx(41,48): error TS1005: ',' expected.
src/components/ui/Performance/PerformanceAlert.tsx(48,27): error TS1005: ',' expected.
src/components/ui/Performance/PerformanceAlert.tsx(48,37): error TS1005: ',' expected.
src/components/ui/Performance/PerformanceAlert.tsx(48,44): error TS1005: ',' expected.
src/components/ui/Performance/PerformanceAlert.tsx(48,53): error TS1005: ',' expected.
src/components/ui/Performance/PerformanceAlert.tsx(48,60): error TS1005: ',' expected.
src/components/ui/Performance/PerformanceAlert.tsx(48,82): error TS1005: ',' expected.
src/components/ui/Performance/PerformanceAlert.tsx(49,22): error TS1005: ',' expected.
src/components/ui/Performance/PerformanceAlert.tsx(51,11): error TS1005: ',' expected.
src/components/ui/Performance/PerformanceAlert.tsx(51,12): error TS1128: Declaration or statement expected.
src/components/ui/Performance/PerformanceAlert.tsx(52,8): error TS1005: ',' expected.
src/components/ui/Performance/PerformanceAlert.tsx(60,37): error TS1005: ',' expected.
src/components/ui/Performance/PerformanceAlert.tsx(97,27): error TS1005: '}' expected.
src/components/ui/Performance/PerformanceAlert.tsx(97,29): error TS1005: '...' expected.
src/components/ui/Performance/PerformanceAlert.tsx(97,74): error TS1003: Identifier expected.
src/components/ui/Performance/PerformanceAlert.tsx(97,75): error TS1109: Expression expected.
src/components/ui/Performance/PerformanceAlert.tsx(98,14): error TS1005: ',' expected.
src/components/ui/Performance/PerformanceAlert.tsx(101,26): error TS1005: '}' expected.
src/components/ui/Performance/PerformanceAlert.tsx(102,13): error TS1005: '...' expected.
src/components/ui/Performance/PerformanceAlert.tsx(105,29): error TS1003: Identifier expected.
src/components/ui/Performance/PerformanceAlert.tsx(136,9): error TS1128: Declaration or statement expected.
src/components/ui/Performance/PerformanceAlert.tsx(137,7): error TS1109: Expression expected.
src/components/ui/Performance/PerformanceAlert.tsx(137,8): error TS1128: Declaration or statement expected.
src/components/ui/Performance/PerformanceAlert.tsx(137,9): error TS1128: Declaration or statement expected.
src/components/ui/Performance/PerformanceAlert.tsx(147,5): error TS1128: Declaration or statement expected.
src/components/ui/Performance/PerformanceAlert.tsx(148,3): error TS1109: Expression expected.
src/components/ui/Performance/PerformanceAlert.tsx(149,1): error TS1128: Declaration or statement expected.
src/components/ui/Performance/PerformanceAlert.tsx(176,8): error TS1005: ',' expected.
src/components/ui/Performance/PerformanceAlert.tsx(199,24): error TS1005: '}' expected.
src/components/ui/Performance/PerformanceAlert.tsx(199,65): error TS1005: '...' expected.
src/components/ui/Performance/PerformanceAlert.tsx(199,185): error TS1003: Identifier expected.
src/components/ui/Performance/PerformanceAlert.tsx(200,26): error TS1005: ',' expected.
src/components/ui/Performance/PerformanceAlert.tsx(200,35): error TS1005: ',' expected.
src/components/ui/Performance/PerformanceAlert.tsx(200,43): error TS1127: Invalid character.
src/components/ui/Performance/PerformanceAlert.tsx(200,44): error TS1434: Unexpected keyword or identifier.
src/components/ui/Performance/PerformanceAlert.tsx(200,51): error TS1434: Unexpected keyword or identifier.
src/components/ui/Performance/PerformanceAlert.tsx(200,54): error TS1434: Unexpected keyword or identifier.
src/components/ui/Performance/PerformanceAlert.tsx(201,5): error TS1109: Expression expected.
src/components/ui/Performance/PerformanceAlert.tsx(203,5): error TS1128: Declaration or statement expected.
src/components/ui/Performance/PerformanceAlert.tsx(204,3): error TS1109: Expression expected.
src/components/ui/Performance/PerformanceAlert.tsx(205,1): error TS1128: Declaration or statement expected.
src/components/ui/Performance/PerformanceAlert.tsx(208,1): error TS1128: Declaration or statement expected.
src/components/ui/Performance/PerformanceAlert.tsx(209,1): error TS1128: Declaration or statement expected.
src/components/ui/Performance/PerformanceDashboard.tsx(12,1): error TS1131: Property or signature expected.
src/components/ui/Performance/PerformanceDashboard.tsx(14,1): error TS1128: Declaration or statement expected.
src/components/ui/Performance/PerformanceDashboard.tsx(15,1): error TS1128: Declaration or statement expected.
src/components/ui/Performance/PerformanceDashboard.tsx(20,13): error TS1109: Expression expected.
src/components/ui/Performance/PerformanceDashboard.tsx(25,13): error TS1109: Expression expected.
src/components/ui/Performance/PerformanceDashboard.tsx(30,13): error TS1109: Expression expected.
src/components/ui/Performance/PerformanceDashboard.tsx(32,14): error TS1109: Expression expected.
src/components/ui/Performance/PerformanceDashboard.tsx(54,13): error TS1005: ';' expected.
src/components/ui/Performance/PerformanceDashboard.tsx(77,39): error TS1005: ';' expected.
src/components/ui/Performance/PerformanceDashboard.tsx(77,65): error TS1128: Declaration or statement expected.
src/components/ui/Performance/PerformanceDashboard.tsx(93,5): error TS2657: JSX expressions must have one parent element.
src/components/ui/Performance/PerformanceDashboard.tsx(115,10): error TS17008: JSX element 'Card' has no corresponding closing tag.
src/components/ui/Performance/PerformanceDashboard.tsx(123,37): error TS1005: '}' expected.
src/components/ui/Performance/PerformanceDashboard.tsx(123,39): error TS1005: '...' expected.
src/components/ui/Performance/PerformanceDashboard.tsx(123,113): error TS1003: Identifier expected.
src/components/ui/Performance/PerformanceDashboard.tsx(123,114): error TS1382: Unexpected token. Did you mean `{'>'}` or `&gt;`?
src/components/ui/Performance/PerformanceDashboard.tsx(125,17): error TS17002: Expected corresponding JSX closing tag for 'div'.
src/components/ui/Performance/PerformanceDashboard.tsx(126,14): error TS1381: Unexpected token. Did you mean `{'}'}` or `&rbrace;`?
src/components/ui/Performance/PerformanceDashboard.tsx(128,11): error TS17002: Expected corresponding JSX closing tag for 'div'.
src/components/ui/Performance/PerformanceDashboard.tsx(138,37): error TS1005: '}' expected.
src/components/ui/Performance/PerformanceDashboard.tsx(138,39): error TS1005: '...' expected.
src/components/ui/Performance/PerformanceDashboard.tsx(138,109): error TS1003: Identifier expected.
src/components/ui/Performance/PerformanceDashboard.tsx(138,110): error TS1382: Unexpected token. Did you mean `{'>'}` or `&gt;`?
src/components/ui/Performance/PerformanceDashboard.tsx(140,17): error TS17002: Expected corresponding JSX closing tag for 'div'.
src/components/ui/Performance/PerformanceDashboard.tsx(141,14): error TS1381: Unexpected token. Did you mean `{'}'}` or `&rbrace;`?
src/components/ui/Performance/PerformanceDashboard.tsx(142,13): error TS17002: Expected corresponding JSX closing tag for 'Card'.
src/components/ui/Performance/PerformanceDashboard.tsx(143,9): error TS1005: ')' expected.
src/components/ui/Performance/PerformanceDashboard.tsx(153,37): error TS1005: '}' expected.
src/components/ui/Performance/PerformanceDashboard.tsx(153,39): error TS1005: '...' expected.
src/components/ui/Performance/PerformanceDashboard.tsx(153,110): error TS1003: Identifier expected.
src/components/ui/Performance/PerformanceDashboard.tsx(153,111): error TS1382: Unexpected token. Did you mean `{'>'}` or `&gt;`?
src/components/ui/Performance/PerformanceDashboard.tsx(155,17): error TS17002: Expected corresponding JSX closing tag for 'div'.
src/components/ui/Performance/PerformanceDashboard.tsx(156,14): error TS1381: Unexpected token. Did you mean `{'}'}` or `&rbrace;`?
src/components/ui/Performance/PerformanceDashboard.tsx(157,13): error TS17002: Expected corresponding JSX closing tag for 'Card'.
src/components/ui/Performance/PerformanceDashboard.tsx(158,9): error TS1128: Declaration or statement expected.
src/components/ui/Performance/PerformanceDashboard.tsx(180,7): error TS1128: Declaration or statement expected.
src/components/ui/Performance/PerformanceDashboard.tsx(215,23): error TS2657: JSX expressions must have one parent element.
src/components/ui/Performance/PerformanceDashboard.tsx(217,55): error TS1005: ':' expected.
src/components/ui/Performance/PerformanceDashboard.tsx(217,102): error TS1381: Unexpected token. Did you mean `{'}'}` or `&rbrace;`?
src/components/ui/Performance/PerformanceDashboard.tsx(226,56): error TS1005: '}' expected.
src/components/ui/Performance/PerformanceDashboard.tsx(227,29): error TS1005: '...' expected.
src/components/ui/Performance/PerformanceDashboard.tsx(230,28): error TS1003: Identifier expected.
src/components/ui/Performance/PerformanceDashboard.tsx(230,29): error TS1382: Unexpected token. Did you mean `{'>'}` or `&gt;`?
src/components/ui/Performance/PerformanceDashboard.tsx(232,29): error TS17002: Expected corresponding JSX closing tag for 'td'.
src/components/ui/Performance/PerformanceDashboard.tsx(233,27): error TS17002: Expected corresponding JSX closing tag for 'tr'.
src/components/ui/Performance/PerformanceDashboard.tsx(249,23): error TS1005: ')' expected.
src/components/ui/Performance/PerformanceDashboard.tsx(249,25): error TS17002: Expected corresponding JSX closing tag for 'tbody'.
src/components/ui/Performance/PerformanceDashboard.tsx(251,19): error TS1381: Unexpected token. Did you mean `{'}'}` or `&rbrace;`?
src/components/ui/Performance/PerformanceDashboard.tsx(251,21): error TS1381: Unexpected token. Did you mean `{'}'}` or `&rbrace;`?
src/components/ui/Performance/PerformanceDashboard.tsx(252,19): error TS17002: Expected corresponding JSX closing tag for 'table'.
src/components/ui/Performance/PerformanceDashboard.tsx(253,17): error TS17002: Expected corresponding JSX closing tag for 'div'.
src/components/ui/Performance/PerformanceDashboard.tsx(254,13): error TS1005: ')' expected.
src/components/ui/Performance/PerformanceDashboard.tsx(254,15): error TS17002: Expected corresponding JSX closing tag for 'Card'.
src/components/ui/Performance/PerformanceDashboard.tsx(256,9): error TS1128: Declaration or statement expected.
src/components/ui/Performance/PerformanceDashboard.tsx(257,7): error TS1109: Expression expected.
src/components/ui/Performance/PerformanceDashboard.tsx(257,8): error TS1128: Declaration or statement expected.
src/components/ui/Performance/PerformanceDashboard.tsx(281,5): error TS1128: Declaration or statement expected.
src/components/ui/Performance/PerformanceDashboard.tsx(282,3): error TS1109: Expression expected.
src/components/ui/Performance/PerformanceDashboard.tsx(283,1): error TS1128: Declaration or statement expected.
src/components/ui/Performance/PerformanceDashboard.tsx(286,1): error TS1128: Declaration or statement expected.
src/components/ui/PushNotificationSettings.tsx(9,7): error TS1005: ';' expected.
src/components/ui/PushNotificationSettings.tsx(72,36): error TS1005: '}' expected.
src/components/ui/PushNotificationSettings.tsx(72,78): error TS1005: '...' expected.
src/components/ui/PushNotificationSettings.tsx(72,88): error TS1003: Identifier expected.
src/components/ui/PushNotificationSettings.tsx(72,89): error TS1109: Expression expected.
src/components/ui/PushNotificationSettings.tsx(84,7): error TS1128: Declaration or statement expected.
src/components/ui/PushNotificationSettings.tsx(85,5): error TS1109: Expression expected.
src/components/ui/PushNotificationSettings.tsx(88,30): error TS1005: '}' expected.
src/components/ui/PushNotificationSettings.tsx(88,70): error TS1005: '...' expected.
src/components/ui/PushNotificationSettings.tsx(88,80): error TS1003: Identifier expected.
src/components/ui/PushNotificationSettings.tsx(88,81): error TS1005: ';' expected.
src/components/ui/PushNotificationSettings.tsx(97,42): error TS1005: '}' expected.
src/components/ui/PushNotificationSettings.tsx(97,48): error TS1005: '...' expected.
src/components/ui/PushNotificationSettings.tsx(97,71): error TS1003: Identifier expected.
src/components/ui/PushNotificationSettings.tsx(97,74): error TS1382: Unexpected token. Did you mean `{'>'}` or `&gt;`?
src/components/ui/PushNotificationSettings.tsx(98,36): error TS1005: '}' expected.
src/components/ui/PushNotificationSettings.tsx(98,38): error TS1005: '...' expected.
src/components/ui/PushNotificationSettings.tsx(98,61): error TS1003: Identifier expected.
src/components/ui/PushNotificationSettings.tsx(98,62): error TS1382: Unexpected token. Did you mean `{'>'}` or `&gt;`?
src/components/ui/PushNotificationSettings.tsx(100,13): error TS17002: Expected corresponding JSX closing tag for 'div'.
src/components/ui/PushNotificationSettings.tsx(102,7): error TS1128: Declaration or statement expected.
src/components/ui/PushNotificationSettings.tsx(136,13): error TS1005: '}' expected.
src/components/ui/PushNotificationSettings.tsx(161,13): error TS1005: '}' expected.
src/components/ui/PushNotificationSettings.tsx(255,5): error TS1128: Declaration or statement expected.
src/components/ui/PushNotificationSettings.tsx(256,3): error TS1109: Expression expected.
src/components/ui/PushNotificationSettings.tsx(257,1): error TS1128: Declaration or statement expected.
src/components/ui/PushNotificationSettings.tsx(260,1): error TS1128: Declaration or statement expected.
src/components/ui/PushNotificationSettings.tsx(261,1): error TS1128: Declaration or statement expected.
src/components/ui/Select/__tests__/Dropdown.test.tsx(9,3): error TS1136: Property assignment expected.
src/components/ui/Select/__tests__/Dropdown.test.tsx(12,1): error TS1005: ',' expected.
src/components/ui/Select/__tests__/Dropdown.test.tsx(146,1): error TS1128: Declaration or statement expected.
src/components/ui/Select/__tests__/MultiSelect.test.tsx(16,1): error TS1005: ',' expected.
src/components/ui/Select/__tests__/MultiSelect.test.tsx(124,1): error TS1128: Declaration or statement expected.
src/components/ui/Select/__tests__/Select.test.tsx(15,1): error TS1005: ',' expected.
src/components/ui/Select/__tests__/Select.test.tsx(227,1): error TS1128: Declaration or statement expected.
src/components/ui/Settings/SettingsPanel.tsx(14,1): error TS1131: Property or signature expected.
src/components/ui/Settings/SettingsPanel.tsx(16,1): error TS1128: Declaration or statement expected.
src/components/ui/Settings/SettingsPanel.tsx(17,1): error TS1128: Declaration or statement expected.
src/components/ui/Settings/SettingsPanel.tsx(30,1): error TS1131: Property or signature expected.
src/components/ui/Settings/SettingsPanel.tsx(32,1): error TS1128: Declaration or statement expected.
src/components/ui/Settings/SettingsPanel.tsx(33,1): error TS1128: Declaration or statement expected.
src/components/ui/Settings/SettingsPanel.tsx(47,14): error TS1005: ';' expected.
src/components/ui/Settings/SettingsPanel.tsx(67,3): error TS1005: ',' expected.
src/components/ui/Settings/SettingsPanel.tsx(328,28): error TS1351: An identifier or keyword cannot immediately follow a numeric literal.
src/components/ui/Settings/SettingsPanel.tsx(328,41): error TS1005: '...' expected.
src/components/ui/Settings/SettingsPanel.tsx(328,51): error TS1003: Identifier expected.
src/components/ui/Settings/SettingsPanel.tsx(328,52): error TS1005: ',' expected.
src/components/ui/Settings/SettingsPanel.tsx(343,32): error TS1005: '}' expected.
src/components/ui/Settings/SettingsPanel.tsx(344,27): error TS1005: '...' expected.
src/components/ui/Settings/SettingsPanel.tsx(364,17): error TS1005: '}' expected.
src/components/ui/Settings/SettingsPanel.tsx(365,17): error TS1005: '}' expected.
src/components/ui/Settings/SettingsPanel.tsx(368,15): error TS1005: '}' expected.
src/components/ui/Settings/SettingsPanel.tsx(368,17): error TS17002: Expected corresponding JSX closing tag for 'div'.
src/components/ui/Settings/SettingsPanel.tsx(396,19): error TS1005: '}' expected.
src/components/ui/Settings/SettingsPanel.tsx(409,11): error TS17002: Expected corresponding JSX closing tag for 'Card'.
src/components/ui/Settings/SettingsPanel.tsx(410,7): error TS1128: Declaration or statement expected.
src/components/ui/Settings/SettingsPanel.tsx(411,5): error TS1109: Expression expected.
src/components/ui/Settings/SettingsPanel.tsx(412,3): error TS1109: Expression expected.
src/components/ui/Settings/SettingsPanel.tsx(415,1): error TS1128: Declaration or statement expected.
src/components/ui/SkipLinks/SkipLinks.tsx(8,1): error TS1131: Property or signature expected.
src/components/ui/SkipLinks/SkipLinks.tsx(10,1): error TS1128: Declaration or statement expected.
src/components/ui/SkipLinks/SkipLinks.tsx(11,1): error TS1128: Declaration or statement expected.
src/components/ui/SkipLinks/SkipLinks.tsx(12,9): error TS1109: Expression expected.
src/components/ui/SkipLinks/SkipLinks.tsx(12,20): error TS1011: An element access expression should take an argument.
src/components/ui/SkipLinks/SkipLinks.tsx(13,13): error TS1109: Expression expected.
src/components/ui/SkipLinks/SkipLinks.tsx(41,35): error TS1005: ',' expected.
src/components/ui/SkipLinks/SkipLinks.tsx(41,38): error TS1005: ',' expected.
src/components/ui/SkipLinks/SkipLinks.tsx(41,39): error TS1005: ',' expected.
src/components/ui/SkipLinks/SkipLinks.tsx(41,46): error TS1005: ',' expected.
src/components/ui/SkipLinks/SkipLinks.tsx(45,32): error TS1005: '}' expected.
src/components/ui/SkipLinks/SkipLinks.tsx(45,34): error TS1005: '...' expected.
src/components/ui/SkipLinks/SkipLinks.tsx(45,44): error TS1003: Identifier expected.
src/components/ui/SkipLinks/SkipLinks.tsx(45,45): error TS1109: Expression expected.
src/components/ui/SkipLinks/SkipLinks.tsx(46,13): error TS1005: ',' expected.
src/components/ui/SkipLinks/SkipLinks.tsx(49,19): error TS1005: '}' expected.
src/components/ui/SkipLinks/SkipLinks.tsx(49,20): error TS1005: '...' expected.
src/components/ui/SkipLinks/SkipLinks.tsx(49,29): error TS1003: Identifier expected.
src/components/ui/SkipLinks/SkipLinks.tsx(50,20): error TS1136: Property assignment expected.
src/components/ui/SkipLinks/SkipLinks.tsx(50,24): error TS1005: ';' expected.
src/components/ui/SkipLinks/SkipLinks.tsx(50,55): error TS1128: Declaration or statement expected.
src/components/ui/SkipLinks/SkipLinks.tsx(51,22): error TS1002: Unterminated string literal.
src/components/ui/SkipLinks/SkipLinks.tsx(70,12): error TS1002: Unterminated string literal.
src/components/ui/SkipLinks/SkipLinks.tsx(71,27): error TS1005: ';' expected.
src/components/ui/SkipLinks/SkipLinks.tsx(71,29): error TS1434: Unexpected keyword or identifier.
src/components/ui/SkipLinks/SkipLinks.tsx(72,9): error TS1109: Expression expected.
src/components/ui/SkipLinks/SkipLinks.tsx(74,17): error TS1005: ';' expected.
src/components/ui/SkipLinks/SkipLinks.tsx(74,22): error TS1005: ',' expected.
src/components/ui/SkipLinks/SkipLinks.tsx(74,49): error TS1128: Declaration or statement expected.
src/components/ui/SkipLinks/SkipLinks.tsx(75,19): error TS1005: ';' expected.
src/components/ui/SkipLinks/SkipLinks.tsx(75,25): error TS1434: Unexpected keyword or identifier.
src/components/ui/SkipLinks/SkipLinks.tsx(75,28): error TS1434: Unexpected keyword or identifier.
src/components/ui/SkipLinks/SkipLinks.tsx(75,33): error TS1434: Unexpected keyword or identifier.
src/components/ui/SkipLinks/SkipLinks.tsx(76,11): error TS1128: Declaration or statement expected.
src/components/ui/SkipLinks/SkipLinks.tsx(77,9): error TS1109: Expression expected.
src/components/ui/SkipLinks/SkipLinks.tsx(78,7): error TS1109: Expression expected.
src/components/ui/SkipLinks/SkipLinks.tsx(78,8): error TS1128: Declaration or statement expected.
src/components/ui/SkipLinks/SkipLinks.tsx(78,9): error TS1128: Declaration or statement expected.
src/components/ui/SkipLinks/SkipLinks.tsx(79,5): error TS1128: Declaration or statement expected.
src/components/ui/SkipLinks/SkipLinks.tsx(80,3): error TS1109: Expression expected.
src/components/ui/SkipLinks/SkipLinks.tsx(81,1): error TS1128: Declaration or statement expected.
src/components/ui/SkipLinks/SkipLinks.tsx(84,1): error TS1128: Declaration or statement expected.
src/components/ui/ThemeToggle.tsx(17,14): error TS1005: ';' expected.
src/components/ui/ThemeToggle.tsx(42,12): error TS1005: '}' expected.
src/components/ui/ThemeToggle.tsx(42,13): error TS1005: '...' expected.
src/components/ui/ThemeToggle.tsx(50,13): error TS1005: '...' expected.
src/components/ui/ThemeToggle.tsx(51,9): error TS1003: Identifier expected.
src/components/ui/ThemeToggle.tsx(52,23): error TS1005: ',' expected.
src/components/ui/ThemeToggle.tsx(52,26): error TS1005: ',' expected.
src/components/ui/ThemeToggle.tsx(52,27): error TS1005: ',' expected.
src/components/ui/ThemeToggle.tsx(53,9): error TS1131: Property or signature expected.
src/components/ui/ThemeToggle.tsx(53,19): error TS1005: ';' expected.
src/components/ui/ThemeToggle.tsx(53,21): error TS1435: Unknown keyword or identifier. Did you mean 'switch'?
src/components/ui/ThemeToggle.tsx(53,28): error TS1434: Unexpected keyword or identifier.
src/components/ui/ThemeToggle.tsx(53,31): error TS1434: Unexpected keyword or identifier.
src/components/ui/ThemeToggle.tsx(54,7): error TS1109: Expression expected.
src/components/ui/ThemeToggle.tsx(56,11): error TS1003: Identifier expected.
src/components/ui/ThemeToggle.tsx(56,16): error TS1005: ',' expected.
src/components/ui/ThemeToggle.tsx(56,31): error TS1005: ',' expected.
src/components/ui/ThemeToggle.tsx(56,37): error TS1005: ':' expected.
src/components/ui/ThemeToggle.tsx(56,39): error TS1005: ',' expected.
src/components/ui/ThemeToggle.tsx(56,68): error TS1109: Expression expected.
src/components/ui/ThemeToggle.tsx(57,9): error TS1109: Expression expected.
src/components/ui/ThemeToggle.tsx(58,17): error TS1005: ',' expected.
src/components/ui/ThemeToggle.tsx(58,23): error TS1131: Property or signature expected.
src/components/ui/ThemeToggle.tsx(58,32): error TS1005: ',' expected.
src/components/ui/ThemeToggle.tsx(58,38): error TS1005: ')' expected.
src/components/ui/ThemeToggle.tsx(58,40): error TS1005: ';' expected.
src/components/ui/ThemeToggle.tsx(58,67): error TS1109: Expression expected.
src/components/ui/ThemeToggle.tsx(59,9): error TS1109: Expression expected.
src/components/ui/ThemeToggle.tsx(59,10): error TS1128: Declaration or statement expected.
src/components/ui/ThemeToggle.tsx(65,7): error TS1128: Declaration or statement expected.
src/components/ui/ThemeToggle.tsx(66,5): error TS1109: Expression expected.
src/components/ui/ThemeToggle.tsx(70,28): error TS1005: '}' expected.
src/components/ui/ThemeToggle.tsx(70,53): error TS1005: '...' expected.
src/components/ui/ThemeToggle.tsx(70,63): error TS1003: Identifier expected.
src/components/ui/ThemeToggle.tsx(70,64): error TS1109: Expression expected.
src/components/ui/ThemeToggle.tsx(71,20): error TS1005: ',' expected.
src/components/ui/ThemeToggle.tsx(75,10): error TS1128: Declaration or statement expected.
src/components/ui/ThemeToggle.tsx(79,22): error TS1005: '}' expected.
src/components/ui/ThemeToggle.tsx(82,15): error TS1005: '...' expected.
src/components/ui/ThemeToggle.tsx(83,11): error TS1003: Identifier expected.
src/components/ui/ThemeToggle.tsx(86,30): error TS1005: '}' expected.
src/components/ui/ThemeToggle.tsx(86,35): error TS1005: '...' expected.
src/components/ui/ThemeToggle.tsx(86,67): error TS1003: Identifier expected.
src/components/ui/ThemeToggle.tsx(90,28): error TS1005: '}' expected.
src/components/ui/ThemeToggle.tsx(92,17): error TS1005: '...' expected.
src/components/ui/ThemeToggle.tsx(93,13): error TS1003: Identifier expected.
src/components/ui/ThemeToggle.tsx(94,11): error TS1382: Unexpected token. Did you mean `{'>'}` or `&gt;`?
src/components/ui/ThemeToggle.tsx(100,13): error TS17002: Expected corresponding JSX closing tag for 'button'.
src/components/ui/ThemeToggle.tsx(101,9): error TS1128: Declaration or statement expected.
src/components/ui/ThemeToggle.tsx(102,7): error TS1109: Expression expected.
src/components/ui/ThemeToggle.tsx(103,5): error TS1109: Expression expected.
src/components/ui/ThemeToggle.tsx(107,32): error TS1005: '}' expected.
src/components/ui/ThemeToggle.tsx(107,34): error TS1005: '...' expected.
src/components/ui/ThemeToggle.tsx(107,44): error TS1003: Identifier expected.
src/components/ui/ThemeToggle.tsx(107,45): error TS1109: Expression expected.
src/components/ui/ThemeToggle.tsx(108,9): error TS2657: JSX expressions must have one parent element.
src/components/ui/ThemeToggle.tsx(112,14): error TS1005: '}' expected.
src/components/ui/ThemeToggle.tsx(112,15): error TS1005: '...' expected.
src/components/ui/ThemeToggle.tsx(118,11): error TS1003: Identifier expected.
src/components/ui/ThemeToggle.tsx(127,7): error TS1128: Declaration or statement expected.
src/components/ui/ThemeToggle.tsx(128,5): error TS1109: Expression expected.
src/components/ui/ThemeToggle.tsx(131,1): error TS1128: Declaration or statement expected.
src/components/ui/ThemeToggle.tsx(138,1): error TS1128: Declaration or statement expected.
src/components/ui/ThemeToggle.tsx(139,1): error TS1128: Declaration or statement expected.
src/components/ui/ThemeToggle.tsx(140,1): error TS1128: Declaration or statement expected.
src/components/ui/ThemeToggle.tsx(141,1): error TS1128: Declaration or statement expected.
src/components/ui/ThemeToggle.tsx(142,17): error TS1109: Expression expected.
src/components/ui/ThemeToggle.tsx(181,26): error TS1005: '}' expected.
src/components/ui/ThemeToggle.tsx(181,51): error TS1005: '...' expected.
src/components/ui/ThemeToggle.tsx(181,61): error TS1003: Identifier expected.
src/components/ui/ThemeToggle.tsx(181,62): error TS1005: ',' expected.
src/components/ui/ThemeToggle.tsx(182,14): error TS1005: ',' expected.
src/components/ui/ThemeToggle.tsx(187,25): error TS1005: '}' expected.
src/components/ui/ThemeToggle.tsx(192,15): error TS1005: '...' expected.
src/components/ui/ThemeToggle.tsx(196,25): error TS1005: '}' expected.
src/components/ui/ThemeToggle.tsx(196,30): error TS1005: '...' expected.
src/components/ui/ThemeToggle.tsx(196,56): error TS1003: Identifier expected.
src/components/ui/ThemeToggle.tsx(197,21): error TS1005: ';' expected.
src/components/ui/ThemeToggle.tsx(197,23): error TS1435: Unknown keyword or identifier. Did you mean 'switch'?
src/components/ui/ThemeToggle.tsx(197,30): error TS1434: Unexpected keyword or identifier.
src/components/ui/ThemeToggle.tsx(197,33): error TS1434: Unexpected keyword or identifier.
src/components/ui/ThemeToggle.tsx(198,9): error TS1109: Expression expected.
src/components/ui/ThemeToggle.tsx(201,9): error TS1128: Declaration or statement expected.
src/components/ui/ThemeToggle.tsx(202,7): error TS1109: Expression expected.
src/components/ui/ThemeToggle.tsx(202,8): error TS1128: Declaration or statement expected.
src/components/ui/ThemeToggle.tsx(202,9): error TS1128: Declaration or statement expected.
src/components/ui/ThemeToggle.tsx(203,5): error TS1128: Declaration or statement expected.
src/components/ui/ThemeToggle.tsx(204,3): error TS1109: Expression expected.
src/components/ui/ThemeToggle.tsx(205,1): error TS1128: Declaration or statement expected.
src/components/ui/ThemeToggle.tsx(208,1): error TS1128: Declaration or statement expected.
src/components/ui/Tooltip/__tests__/Tooltip.test.tsx(11,2): error TS1005: ',' expected.
src/components/ui/Tooltip/__tests__/Tooltip.test.tsx(16,40): error TS1005: ',' expected.
src/components/ui/Tooltip/__tests__/Tooltip.test.tsx(18,14): error TS1138: Parameter declaration expected.
src/components/ui/Tooltip/__tests__/Tooltip.test.tsx(18,17): error TS1005: ';' expected.
src/components/ui/Tooltip/__tests__/Tooltip.test.tsx(20,4): error TS1128: Declaration or statement expected.
src/components/ui/Tooltip/__tests__/Tooltip.test.tsx(179,80): error TS1109: Expression expected.
src/components/ui/Tooltip/__tests__/Tooltip.test.tsx(179,81): error TS1109: Expression expected.
src/components/ui/Tooltip/__tests__/Tooltip.test.tsx(206,4): error TS1128: Declaration or statement expected.
src/components/ui/Tooltip/__tests__/Tooltip.test.tsx(207,1): error TS1128: Declaration or statement expected.
src/components/ui/Tooltip/__tests__/Tooltip.test.tsx(207,2): error TS1128: Declaration or statement expected.
src/components/ui/Tooltip/__tests__/Tooltip.test.tsx(208,1): error TS1128: Declaration or statement expected.
src/components/ui/Tooltip/__tests__/Tooltip.test.tsx(209,1): error TS1128: Declaration or statement expected.
src/components/ui/Tooltip/Tooltip.tsx(15,7): error TS1005: ';' expected.
src/components/ui/Tooltip/Tooltip.tsx(89,4): error TS1128: Declaration or statement expected.
src/components/ui/Tooltip/Tooltip.tsx(89,27): error TS1005: ';' expected.
src/components/ui/Tooltip/Tooltip.tsx(106,17): error TS1005: ';' expected.
src/components/ui/Tooltip/Tooltip.tsx(121,7): error TS1005: ';' expected.
src/components/ui/Tooltip/Tooltip.tsx(133,17): error TS1005: ';' expected.
src/components/ui/Tooltip/Tooltip.tsx(133,39): error TS1005: ';' expected.
src/components/ui/Tooltip/Tooltip.tsx(135,17): error TS1005: ';' expected.
src/components/ui/Tooltip/Tooltip.tsx(135,36): error TS1005: ';' expected.
src/components/ui/Tooltip/Tooltip.tsx(137,17): error TS1005: ';' expected.
src/components/ui/Tooltip/Tooltip.tsx(137,38): error TS1005: ';' expected.
src/components/ui/Tooltip/Tooltip.tsx(139,17): error TS1005: ';' expected.
src/components/ui/Tooltip/Tooltip.tsx(139,37): error TS1005: ';' expected.
src/components/ui/Tooltip/Tooltip.tsx(160,4): error TS1005: ',' expected.
src/components/ui/Tooltip/Tooltip.tsx(163,5): error TS1003: Identifier expected.
src/components/ui/Tooltip/Tooltip.tsx(163,6): error TS1138: Parameter declaration expected.
src/components/ui/Tooltip/Tooltip.tsx(166,33): error TS1005: '}' expected.
src/components/ui/Tooltip/Tooltip.tsx(166,35): error TS1005: '...' expected.
src/components/ui/Tooltip/Tooltip.tsx(166,45): error TS1003: Identifier expected.
src/components/ui/Tooltip/Tooltip.tsx(167,10): error TS1128: Declaration or statement expected.
src/components/ui/Tooltip/Tooltip.tsx(168,7): error TS1109: Expression expected.
src/components/ui/Tooltip/Tooltip.tsx(170,7): error TS1128: Declaration or statement expected.
src/components/ui/Tooltip/Tooltip.tsx(181,13): error TS1005: '}' expected.
src/components/ui/Tooltip/Tooltip.tsx(188,26): error TS1005: '}' expected.
src/components/ui/Tooltip/Tooltip.tsx(189,29): error TS1005: '...' expected.
src/components/ui/Tooltip/Tooltip.tsx(190,15): error TS1003: Identifier expected.
src/components/ui/Tooltip/Tooltip.tsx(192,13): error TS1382: Unexpected token. Did you mean `{'>'}` or `&gt;`?
src/components/ui/Tooltip/Tooltip.tsx(195,13): error TS1005: '}' expected.
src/components/ui/Tooltip/Tooltip.tsx(195,15): error TS17002: Expected corresponding JSX closing tag for 'motion.div'.
src/components/ui/Tooltip/Tooltip.tsx(196,11): error TS1005: ')' expected.
src/components/ui/Tooltip/Tooltip.tsx(196,13): error TS17002: Expected corresponding JSX closing tag for 'AnimatePresence'.
src/components/ui/Tooltip/Tooltip.tsx(197,9): error TS1128: Declaration or statement expected.
src/components/ui/Tooltip/Tooltip.tsx(198,7): error TS1131: Property or signature expected.
src/components/ui/Tooltip/Tooltip.tsx(198,9): error TS1131: Property or signature expected.
src/components/ui/Tooltip/Tooltip.tsx(199,5): error TS1109: Expression expected.
src/components/ui/Tooltip/Tooltip.tsx(199,7): error TS1109: Expression expected.
src/components/ui/Tooltip/Tooltip.tsx(200,3): error TS1109: Expression expected.
src/components/ui/Tooltip/Tooltip.tsx(201,1): error TS1128: Declaration or statement expected.
src/components/ui/Tooltip/Tooltip.tsx(204,1): error TS1128: Declaration or statement expected.
src/components/ui/Tooltip/Tooltip.tsx(205,1): error TS1128: Declaration or statement expected.
src/components/ui/VerificationResult/__tests__/VerificationResult.test.tsx(203,9): error TS1005: '}' expected.
src/components/ui/VerificationResult/__tests__/VerificationResult.test.tsx(213,9): error TS1005: '}' expected.
src/components/ui/VerificationResult/__tests__/VerificationResult.test.tsx(223,9): error TS1005: '}' expected.
src/components/ui/VerificationResult/VerificationResult.tsx(9,16): error TS1003: Identifier expected.
src/components/ui/VerificationResult/VerificationResult.tsx(10,12): error TS1003: Identifier expected.
src/components/ui/VerificationResult/VerificationResult.tsx(11,10): error TS1003: Identifier expected.
src/components/ui/VerificationResult/VerificationResult.tsx(12,8): error TS1003: Identifier expected.
src/components/ui/VerificationResult/VerificationResult.tsx(13,7): error TS1003: Identifier expected.
src/components/ui/VerificationResult/VerificationResult.tsx(14,6): error TS1005: ',' expected.
src/components/ui/VerificationResult/VerificationResult.tsx(42,7): error TS1005: ';' expected.
src/components/ui/VerificationResult/VerificationResult.tsx(61,4): error TS1128: Declaration or statement expected.
src/components/ui/VerificationResult/VerificationResult.tsx(61,40): error TS1005: ';' expected.
src/components/ui/VerificationResult/VerificationResult.tsx(140,27): error TS1005: '}' expected.
src/components/ui/VerificationResult/VerificationResult.tsx(141,11): error TS1005: '...' expected.
src/components/ui/VerificationResult/VerificationResult.tsx(144,10): error TS1003: Identifier expected.
src/components/ui/VerificationResult/VerificationResult.tsx(146,9): error TS1005: '}' expected.
src/components/ui/VerificationResult/VerificationResult.tsx(146,28): error TS1005: ',' expected.
src/components/ui/VerificationResult/VerificationResult.tsx(146,42): error TS1381: Unexpected token. Did you mean `{'}'}` or `&rbrace;`?
src/components/ui/VerificationResult/VerificationResult.tsx(148,8): error TS1109: Expression expected.
src/components/ui/VerificationResult/VerificationResult.tsx(149,5): error TS1109: Expression expected.
src/components/ui/VerificationResult/VerificationResult.tsx(155,30): error TS1005: '}' expected.
src/components/ui/VerificationResult/VerificationResult.tsx(155,32): error TS1005: '...' expected.
src/components/ui/VerificationResult/VerificationResult.tsx(155,42): error TS1003: Identifier expected.
src/components/ui/VerificationResult/VerificationResult.tsx(157,9): error TS1005: '}' expected.
src/components/ui/VerificationResult/VerificationResult.tsx(158,9): error TS1005: '}' expected.
src/components/ui/VerificationResult/VerificationResult.tsx(162,11): error TS1005: '}' expected.
src/components/ui/VerificationResult/VerificationResult.tsx(164,23): error TS1005: '}' expected.
src/components/ui/VerificationResult/VerificationResult.tsx(164,70): error TS1381: Unexpected token. Did you mean `{'}'}` or `&rbrace;`?
src/components/ui/VerificationResult/VerificationResult.tsx(165,9): error TS1382: Unexpected token. Did you mean `{'>'}` or `&gt;`?
src/components/ui/VerificationResult/VerificationResult.tsx(168,13): error TS1005: '}' expected.
src/components/ui/VerificationResult/VerificationResult.tsx(169,13): error TS1005: '}' expected.
src/components/ui/VerificationResult/VerificationResult.tsx(174,34): error TS1005: '}' expected.
src/components/ui/VerificationResult/VerificationResult.tsx(174,49): error TS1005: '...' expected.
src/components/ui/VerificationResult/VerificationResult.tsx(174,64): error TS1003: Identifier expected.
src/components/ui/VerificationResult/VerificationResult.tsx(176,19): error TS1005: '}' expected.
src/components/ui/VerificationResult/VerificationResult.tsx(177,19): error TS1005: '}' expected.
src/components/ui/VerificationResult/VerificationResult.tsx(183,47): error TS1005: '}' expected.
src/components/ui/VerificationResult/VerificationResult.tsx(183,53): error TS1005: '...' expected.
src/components/ui/VerificationResult/VerificationResult.tsx(183,66): error TS1003: Identifier expected.
src/components/ui/VerificationResult/VerificationResult.tsx(183,69): error TS1382: Unexpected token. Did you mean `{'>'}` or `&gt;`?
src/components/ui/VerificationResult/VerificationResult.tsx(184,19): error TS17002: Expected corresponding JSX closing tag for 'div'.
src/components/ui/VerificationResult/VerificationResult.tsx(188,38): error TS1351: An identifier or keyword cannot immediately follow a numeric literal.
src/components/ui/VerificationResult/VerificationResult.tsx(188,53): error TS1005: '...' expected.
src/components/ui/VerificationResult/VerificationResult.tsx(188,66): error TS1003: Identifier expected.
src/components/ui/VerificationResult/VerificationResult.tsx(190,21): error TS1005: '}' expected.
src/components/ui/VerificationResult/VerificationResult.tsx(191,21): error TS1005: '}' expected.
src/components/ui/VerificationResult/VerificationResult.tsx(193,28): error TS1005: ',' expected.
src/components/ui/VerificationResult/VerificationResult.tsx(194,19): error TS1005: '}' expected.
src/components/ui/VerificationResult/VerificationResult.tsx(194,21): error TS17002: Expected corresponding JSX closing tag for 'div'.
src/components/ui/VerificationResult/VerificationResult.tsx(198,21): error TS1005: '}' expected.
src/components/ui/VerificationResult/VerificationResult.tsx(199,21): error TS1005: '}' expected.
src/components/ui/VerificationResult/VerificationResult.tsx(201,28): error TS1005: ',' expected.
src/components/ui/VerificationResult/VerificationResult.tsx(202,19): error TS1005: '}' expected.
src/components/ui/VerificationResult/VerificationResult.tsx(202,21): error TS17002: Expected corresponding JSX closing tag for 'div'.
src/components/ui/VerificationResult/VerificationResult.tsx(203,17): error TS1005: '}' expected.
src/components/ui/VerificationResult/VerificationResult.tsx(203,19): error TS17015: Expected corresponding closing tag for JSX fragment.
src/components/ui/VerificationResult/VerificationResult.tsx(204,15): error TS1005: ')' expected.
src/components/ui/VerificationResult/VerificationResult.tsx(206,15): error TS2657: JSX expressions must have one parent element.
src/components/ui/VerificationResult/VerificationResult.tsx(208,17): error TS1005: '}' expected.
src/components/ui/VerificationResult/VerificationResult.tsx(209,17): error TS1005: '}' expected.
src/components/ui/VerificationResult/VerificationResult.tsx(218,15): error TS1005: '}' expected.
src/components/ui/VerificationResult/VerificationResult.tsx(218,23): error TS1003: Identifier expected.
src/components/ui/VerificationResult/VerificationResult.tsx(219,15): error TS17002: Expected corresponding JSX closing tag for 'motion.div'.
src/components/ui/VerificationResult/VerificationResult.tsx(224,15): error TS1005: '}' expected.
src/components/ui/VerificationResult/VerificationResult.tsx(225,15): error TS1005: '}' expected.
src/components/ui/VerificationResult/VerificationResult.tsx(227,22): error TS1005: ',' expected.
src/components/ui/VerificationResult/VerificationResult.tsx(228,13): error TS1005: '}' expected.
src/components/ui/VerificationResult/VerificationResult.tsx(228,21): error TS1003: Identifier expected.
src/components/ui/VerificationResult/VerificationResult.tsx(235,17): error TS1005: '}' expected.
src/components/ui/VerificationResult/VerificationResult.tsx(236,17): error TS1005: '}' expected.
src/components/ui/VerificationResult/VerificationResult.tsx(242,44): error TS1005: '}' expected.
src/components/ui/VerificationResult/VerificationResult.tsx(242,56): error TS1005: '...' expected.
src/components/ui/VerificationResult/VerificationResult.tsx(242,69): error TS1003: Identifier expected.
src/components/ui/VerificationResult/VerificationResult.tsx(242,70): error TS1382: Unexpected token. Did you mean `{'>'}` or `&gt;`?
src/components/ui/VerificationResult/VerificationResult.tsx(244,21): error TS17002: Expected corresponding JSX closing tag for 'div'.
src/components/ui/VerificationResult/VerificationResult.tsx(245,17): error TS1005: '}' expected.
src/components/ui/VerificationResult/VerificationResult.tsx(245,19): error TS17002: Expected corresponding JSX closing tag for 'motion.p'.
src/components/ui/VerificationResult/VerificationResult.tsx(247,15): error TS1128: Declaration or statement expected.
src/components/ui/VerificationResult/VerificationResult.tsx(248,13): error TS1109: Expression expected.
src/components/ui/VerificationResult/VerificationResult.tsx(249,13): error TS1131: Property or signature expected.
src/components/ui/VerificationResult/VerificationResult.tsx(253,15): error TS1005: '}' expected.
src/components/ui/VerificationResult/VerificationResult.tsx(254,15): error TS1005: '}' expected.
src/components/ui/VerificationResult/VerificationResult.tsx(263,15): error TS1005: '}' expected.
src/components/ui/VerificationResult/VerificationResult.tsx(263,16): error TS1005: '...' expected.
src/components/ui/VerificationResult/VerificationResult.tsx(272,13): error TS1003: Identifier expected.
src/components/ui/VerificationResult/VerificationResult.tsx(272,21): error TS1003: Identifier expected.
src/components/ui/VerificationResult/VerificationResult.tsx(274,9): error TS1128: Declaration or statement expected.
src/components/ui/VerificationResult/VerificationResult.tsx(281,15): error TS1005: '}' expected.
src/components/ui/VerificationResult/VerificationResult.tsx(282,15): error TS1005: '}' expected.
src/components/ui/VerificationResult/VerificationResult.tsx(284,15): error TS2657: JSX expressions must have one parent element.
src/components/ui/VerificationResult/VerificationResult.tsx(314,13): error TS1005: '}' expected.
src/components/ui/VerificationResult/VerificationResult.tsx(314,15): error TS17002: Expected corresponding JSX closing tag for 'Card'.
src/components/ui/VerificationResult/VerificationResult.tsx(315,11): error TS1005: ')' expected.
src/components/ui/VerificationResult/VerificationResult.tsx(316,9): error TS1109: Expression expected.
src/components/ui/VerificationResult/VerificationResult.tsx(322,15): error TS1005: '}' expected.
src/components/ui/VerificationResult/VerificationResult.tsx(323,15): error TS1005: '}' expected.
src/components/ui/VerificationResult/VerificationResult.tsx(325,15): error TS2657: JSX expressions must have one parent element.
src/components/ui/VerificationResult/VerificationResult.tsx(363,13): error TS1005: '}' expected.
src/components/ui/VerificationResult/VerificationResult.tsx(363,15): error TS17002: Expected corresponding JSX closing tag for 'Card'.
src/components/ui/VerificationResult/VerificationResult.tsx(364,11): error TS1005: ')' expected.
src/components/ui/VerificationResult/VerificationResult.tsx(365,9): error TS1109: Expression expected.
src/components/ui/VerificationResult/VerificationResult.tsx(370,11): error TS1005: '}' expected.
src/components/ui/VerificationResult/VerificationResult.tsx(371,11): error TS1005: '}' expected.
src/components/ui/VerificationResult/VerificationResult.tsx(373,23): error TS1005: ',' expected.
src/components/ui/VerificationResult/VerificationResult.tsx(384,12): error TS1005: '...' expected.
src/components/ui/VerificationResult/VerificationResult.tsx(395,12): error TS1005: '...' expected.
src/components/ui/VerificationResult/VerificationResult.tsx(406,9): error TS1003: Identifier expected.
src/components/ui/VerificationResult/VerificationResult.tsx(406,17): error TS1003: Identifier expected.
src/components/ui/VerificationResult/VerificationResult.tsx(438,5): error TS1128: Declaration or statement expected.
src/components/ui/VerificationResult/VerificationResult.tsx(438,7): error TS1109: Expression expected.
src/components/ui/VerificationResult/VerificationResult.tsx(439,3): error TS1109: Expression expected.
src/components/ui/VerificationResult/VerificationResult.tsx(440,1): error TS1128: Declaration or statement expected.
src/components/ui/VerificationResult/VerificationResult.tsx(443,1): error TS1128: Declaration or statement expected.
src/components/ui/VerificationResult/VerificationResult.tsx(444,1): error TS1128: Declaration or statement expected.
src/components/ui/VerificationResults/VerificationResults.tsx(19,1): error TS1131: Property or signature expected.
src/components/ui/VerificationResults/VerificationResults.tsx(25,14): error TS1005: ';' expected.
src/components/ui/VerificationResults/VerificationResults.tsx(65,7): error TS1005: '}' expected.
src/components/ui/VerificationResults/VerificationResults.tsx(66,7): error TS1005: '}' expected.
src/components/ui/VerificationResults/VerificationResults.tsx(67,7): error TS1005: '}' expected.
src/components/ui/VerificationResults/VerificationResults.tsx(69,25): error TS1005: '}' expected.
src/components/ui/VerificationResults/VerificationResults.tsx(69,26): error TS1005: '...' expected.
src/components/ui/VerificationResults/VerificationResults.tsx(69,44): error TS1005: '...' expected.
src/components/ui/VerificationResults/VerificationResults.tsx(69,76): error TS1003: Identifier expected.
src/components/ui/VerificationResults/VerificationResults.tsx(69,77): error TS1382: Unexpected token. Did you mean `{'>'}` or `&gt;`?
src/components/ui/VerificationResults/VerificationResults.tsx(72,31): error TS1005: '}' expected.
src/components/ui/VerificationResults/VerificationResults.tsx(72,46): error TS1005: '...' expected.
src/components/ui/VerificationResults/VerificationResults.tsx(72,66): error TS1003: Identifier expected.
src/components/ui/VerificationResults/VerificationResults.tsx(72,67): error TS1382: Unexpected token. Did you mean `{'>'}` or `&gt;`?
src/components/ui/VerificationResults/VerificationResults.tsx(73,34): error TS1005: '}' expected.
src/components/ui/VerificationResults/VerificationResults.tsx(73,40): error TS1005: '...' expected.
src/components/ui/VerificationResults/VerificationResults.tsx(73,53): error TS1003: Identifier expected.
src/components/ui/VerificationResults/VerificationResults.tsx(73,56): error TS1382: Unexpected token. Did you mean `{'>'}` or `&gt;`?
src/components/ui/VerificationResults/VerificationResults.tsx(81,11): error TS17002: Expected corresponding JSX closing tag for 'motion.div'.
src/components/ui/VerificationResults/VerificationResults.tsx(83,9): error TS1005: ')' expected.
src/components/ui/VerificationResults/VerificationResults.tsx(127,7): error TS1128: Declaration or statement expected.
src/components/ui/VerificationResults/VerificationResults.tsx(128,5): error TS1109: Expression expected.
src/components/ui/VerificationResults/VerificationResults.tsx(129,3): error TS1109: Expression expected.
src/components/ui/VerificationResults/VerificationResults.tsx(132,1): error TS1128: Declaration or statement expected.
src/components/ui/Wizard/CertificateWizard.tsx(18,1): error TS1131: Property or signature expected.
src/components/ui/Wizard/CertificateWizard.tsx(20,1): error TS1128: Declaration or statement expected.
src/components/ui/Wizard/CertificateWizard.tsx(21,1): error TS1128: Declaration or statement expected.
src/components/ui/Wizard/CertificateWizard.tsx(23,13): error TS1109: Expression expected.
src/components/ui/Wizard/CertificateWizard.tsx(24,17): error TS1109: Expression expected.
src/components/ui/Wizard/CertificateWizard.tsx(25,15): error TS1109: Expression expected.
src/components/ui/Wizard/CertificateWizard.tsx(26,13): error TS1109: Expression expected.
src/components/ui/Wizard/CertificateWizard.tsx(27,12): error TS1109: Expression expected.
src/components/ui/Wizard/CertificateWizard.tsx(27,24): error TS1109: Expression expected.
src/components/ui/Wizard/CertificateWizard.tsx(37,1): error TS1131: Property or signature expected.
src/components/ui/Wizard/CertificateWizard.tsx(39,1): error TS1128: Declaration or statement expected.
src/components/ui/Wizard/CertificateWizard.tsx(40,1): error TS1128: Declaration or statement expected.
src/components/ui/Wizard/CertificateWizard.tsx(52,3): error TS1136: Property assignment expected.
src/components/ui/Wizard/CertificateWizard.tsx(57,3): error TS1136: Property assignment expected.
src/components/ui/Wizard/CertificateWizard.tsx(62,3): error TS1136: Property assignment expected.
src/components/ui/Wizard/CertificateWizard.tsx(67,3): error TS1136: Property assignment expected.
src/components/ui/Wizard/CertificateWizard.tsx(72,1): error TS1005: ',' expected.
src/components/ui/Wizard/CertificateWizard.tsx(97,4): error TS1128: Declaration or statement expected.
src/components/ui/Wizard/CertificateWizard.tsx(97,60): error TS1005: ';' expected.
src/components/ui/Wizard/CertificateWizard.tsx(110,7): error TS1128: Declaration or statement expected.
src/components/ui/Wizard/CertificateWizard.tsx(119,7): error TS1128: Declaration or statement expected.
src/components/ui/Wizard/CertificateWizard.tsx(128,7): error TS1128: Declaration or statement expected.
src/components/ui/Wizard/CertificateWizard.tsx(137,7): error TS1128: Declaration or statement expected.
src/components/ui/Wizard/CertificateWizard.tsx(147,7): error TS1128: Declaration or statement expected.
src/components/ui/Wizard/CertificateWizard.tsx(152,7): error TS1128: Declaration or statement expected.
src/components/ui/Wizard/CertificateWizard.tsx(175,6): error TS1128: Declaration or statement expected.
src/components/ui/Wizard/CertificateWizard.tsx(245,6): error TS1128: Declaration or statement expected.
src/components/ui/Wizard/CertificateWizard.tsx(278,6): error TS1005: ',' expected.
src/components/ui/Wizard/CertificateWizard.tsx(280,24): error TS1005: ',' expected.
src/components/ui/Wizard/CertificateWizard.tsx(280,27): error TS1005: ',' expected.
src/components/ui/Wizard/CertificateWizard.tsx(280,29): error TS1136: Property assignment expected.
src/components/ui/Wizard/CertificateWizard.tsx(281,12): error TS1005: ':' expected.
src/components/ui/Wizard/CertificateWizard.tsx(282,9): error TS1359: Identifier expected. 'return' is a reserved word that cannot be used here.
src/components/ui/Wizard/CertificateWizard.tsx(282,16): error TS1005: ':' expected.
src/components/ui/Wizard/CertificateWizard.tsx(290,13): error TS1005: '}' expected.
src/components/ui/Wizard/CertificateWizard.tsx(310,35): error TS1005: '}' expected.
src/components/ui/Wizard/CertificateWizard.tsx(311,19): error TS1005: '...' expected.
src/components/ui/Wizard/CertificateWizard.tsx(314,18): error TS1003: Identifier expected.
src/components/ui/Wizard/CertificateWizard.tsx(316,16): error TS1382: Unexpected token. Did you mean `{'>'}` or `&gt;`?
src/components/ui/Wizard/CertificateWizard.tsx(337,35): error TS1005: '}' expected.
src/components/ui/Wizard/CertificateWizard.tsx(338,19): error TS1005: '...' expected.
src/components/ui/Wizard/CertificateWizard.tsx(341,18): error TS1003: Identifier expected.
src/components/ui/Wizard/CertificateWizard.tsx(343,16): error TS1382: Unexpected token. Did you mean `{'>'}` or `&gt;`?
src/components/ui/Wizard/CertificateWizard.tsx(354,7): error TS1128: Declaration or statement expected.
src/components/ui/Wizard/CertificateWizard.tsx(354,25): error TS1005: ';' expected.
src/components/ui/Wizard/CertificateWizard.tsx(363,13): error TS1005: '}' expected.
src/components/ui/Wizard/CertificateWizard.tsx(383,35): error TS1005: '}' expected.
src/components/ui/Wizard/CertificateWizard.tsx(384,19): error TS1005: '...' expected.
src/components/ui/Wizard/CertificateWizard.tsx(387,18): error TS1003: Identifier expected.
src/components/ui/Wizard/CertificateWizard.tsx(389,16): error TS1382: Unexpected token. Did you mean `{'>'}` or `&gt;`?
src/components/ui/Wizard/CertificateWizard.tsx(400,7): error TS1128: Declaration or statement expected.
src/components/ui/Wizard/CertificateWizard.tsx(400,25): error TS1005: ';' expected.
src/components/ui/Wizard/CertificateWizard.tsx(409,13): error TS1005: '}' expected.
src/components/ui/Wizard/CertificateWizard.tsx(429,35): error TS1005: '}' expected.
src/components/ui/Wizard/CertificateWizard.tsx(430,19): error TS1005: '...' expected.
src/components/ui/Wizard/CertificateWizard.tsx(433,18): error TS1003: Identifier expected.
src/components/ui/Wizard/CertificateWizard.tsx(435,16): error TS1382: Unexpected token. Did you mean `{'>'}` or `&gt;`?
src/components/ui/Wizard/CertificateWizard.tsx(446,7): error TS1128: Declaration or statement expected.
src/components/ui/Wizard/CertificateWizard.tsx(446,22): error TS1005: ';' expected.
src/components/ui/Wizard/CertificateWizard.tsx(455,13): error TS1005: '}' expected.
src/components/ui/Wizard/CertificateWizard.tsx(475,35): error TS1005: '}' expected.
src/components/ui/Wizard/CertificateWizard.tsx(476,19): error TS1005: '...' expected.
src/components/ui/Wizard/CertificateWizard.tsx(479,18): error TS1003: Identifier expected.
src/components/ui/Wizard/CertificateWizard.tsx(481,16): error TS1382: Unexpected token. Did you mean `{'>'}` or `&gt;`?
src/components/ui/Wizard/CertificateWizard.tsx(502,35): error TS1005: '}' expected.
src/components/ui/Wizard/CertificateWizard.tsx(503,19): error TS1005: '...' expected.
src/components/ui/Wizard/CertificateWizard.tsx(506,18): error TS1003: Identifier expected.
src/components/ui/Wizard/CertificateWizard.tsx(508,16): error TS1382: Unexpected token. Did you mean `{'>'}` or `&gt;`?
src/components/ui/Wizard/CertificateWizard.tsx(522,7): error TS1128: Declaration or statement expected.
src/components/ui/Wizard/CertificateWizard.tsx(522,20): error TS1005: ';' expected.
src/components/ui/Wizard/CertificateWizard.tsx(531,13): error TS1005: '}' expected.
src/components/ui/Wizard/CertificateWizard.tsx(621,7): error TS1128: Declaration or statement expected.
src/components/ui/Wizard/CertificateWizard.tsx(621,14): error TS1128: Declaration or statement expected.
src/components/ui/Wizard/CertificateWizard.tsx(626,30): error TS1005: '}' expected.
src/components/ui/Wizard/CertificateWizard.tsx(626,53): error TS1005: '...' expected.
src/components/ui/Wizard/CertificateWizard.tsx(626,63): error TS1003: Identifier expected.
src/components/ui/Wizard/CertificateWizard.tsx(702,21): error TS1005: '}' expected.
src/components/ui/Wizard/CertificateWizard.tsx(703,21): error TS1005: '}' expected.
src/components/ui/Wizard/CertificateWizard.tsx(719,1): error TS1128: Declaration or statement expected.
src/components/ui/Wizard/CertificateWizard.tsx(720,1): error TS1128: Declaration or statement expected.
src/components/UIComponentsDemo.tsx(15,8): error TS1003: Identifier expected.
src/components/UIComponentsDemo.tsx(16,13): error TS1003: Identifier expected.
src/components/UIComponentsDemo.tsx(17,8): error TS1003: Identifier expected.
src/components/UIComponentsDemo.tsx(18,15): error TS1003: Identifier expected.
src/components/UIComponentsDemo.tsx(19,17): error TS1003: Identifier expected.
src/components/UIComponentsDemo.tsx(20,4): error TS1005: ',' expected.
src/components/UIComponentsDemo.tsx(191,11): error TS1005: '}' expected.
src/components/UIComponentsDemo.tsx(191,13): error TS17002: Expected corresponding JSX closing tag for 'section'.
src/components/UIComponentsDemo.tsx(192,11): error TS17002: Expected corresponding JSX closing tag for 'div'.
src/components/UIComponentsDemo.tsx(290,10): error TS17008: JSX element 'section' has no corresponding closing tag.
src/components/UIComponentsDemo.tsx(330,13): error TS1005: '}' expected.
src/components/UIComponentsDemo.tsx(330,15): error TS17002: Expected corresponding JSX closing tag for 'div'.
src/components/UIComponentsDemo.tsx(332,9): error TS1005: ')' expected.
src/components/UIComponentsDemo.tsx(335,18): error TS1005: ';' expected.
src/components/UIComponentsDemo.tsx(336,11): error TS2657: JSX expressions must have one parent element.
src/components/UIComponentsDemo.tsx(419,9): error TS1128: Declaration or statement expected.
src/components/UIComponentsDemo.tsx(422,17): error TS1005: ';' expected.
src/components/UIComponentsDemo.tsx(424,9): error TS1128: Declaration or statement expected.
src/components/UIComponentsDemo.tsx(425,7): error TS1109: Expression expected.
src/components/UIComponentsDemo.tsx(426,5): error TS1109: Expression expected.
src/components/UIComponentsDemo.tsx(427,3): error TS1109: Expression expected.
src/components/UIComponentsDemo.tsx(428,1): error TS1128: Declaration or statement expected.
src/components/UIComponentsDemo.tsx(431,1): error TS1128: Declaration or statement expected.
src/components/user/ChangePasswordForm.tsx(117,29): error TS1005: '}' expected.
src/components/user/ChangePasswordForm.tsx(118,13): error TS1005: '...' expected.
src/components/user/ChangePasswordForm.tsx(119,12): error TS1003: Identifier expected.
src/components/user/ChangePasswordForm.tsx(121,10): error TS1382: Unexpected token. Did you mean `{'>'}` or `&gt;`?
src/components/user/ChangePasswordForm.tsx(128,9): error TS1005: '}' expected.
src/components/user/ChangePasswordForm.tsx(174,37): error TS1005: '}' expected.
src/components/user/ChangePasswordForm.tsx(175,23): error TS1005: '...' expected.
src/components/user/ChangePasswordForm.tsx(178,22): error TS1003: Identifier expected.
src/components/user/ChangePasswordForm.tsx(179,20): error TS1382: Unexpected token. Did you mean `{'>'}` or `&gt;`?
src/components/user/ChangePasswordForm.tsx(216,2): error TS1005: '}' expected.
src/components/VerificationResultDemo.tsx(51,4): error TS1005: ',' expected.
src/components/VerificationResultDemo.tsx(53,9): error TS1005: ':' expected.
src/components/VerificationResultDemo.tsx(55,4): error TS1005: ',' expected.
src/components/VerificationResultDemo.tsx(57,9): error TS1005: ':' expected.
src/components/VerificationResultDemo.tsx(59,4): error TS1005: ',' expected.
src/components/VerificationResultDemo.tsx(61,9): error TS1005: ':' expected.
src/components/VerificationResultDemo.tsx(63,4): error TS1005: ',' expected.
src/components/VerificationResultDemo.tsx(66,5): error TS1003: Identifier expected.
src/components/VerificationResultDemo.tsx(66,10): error TS1005: ',' expected.
src/components/VerificationResultDemo.tsx(76,7): error TS1005: ',' expected.
src/components/VerificationResultDemo.tsx(77,7): error TS1005: ',' expected.
src/components/VerificationResultDemo.tsx(77,13): error TS1005: ',' expected.
src/components/VerificationResultDemo.tsx(77,32): error TS1005: ',' expected.
src/components/VerificationResultDemo.tsx(78,9): error TS2657: JSX expressions must have one parent element.
src/components/VerificationResultDemo.tsx(109,7): error TS1005: ',' expected.
src/components/VerificationResultDemo.tsx(114,18): error TS1136: Property assignment expected.
src/components/VerificationResultDemo.tsx(114,33): error TS1005: ';' expected.
src/components/VerificationResultDemo.tsx(115,18): error TS1136: Property assignment expected.
src/components/VerificationResultDemo.tsx(115,33): error TS1005: ';' expected.
src/components/VerificationResultDemo.tsx(116,21): error TS1136: Property assignment expected.
src/components/VerificationResultDemo.tsx(117,7): error TS1109: Expression expected.
src/components/VerificationResultDemo.tsx(125,7): error TS1128: Declaration or statement expected.
src/components/VerificationResultDemo.tsx(128,13): error TS1005: ';' expected.
src/components/VerificationResultDemo.tsx(128,32): error TS1005: ';' expected.
src/components/VerificationResultDemo.tsx(129,9): error TS2657: JSX expressions must have one parent element.
src/components/VerificationResultDemo.tsx(171,7): error TS1128: Declaration or statement expected.
src/components/VerificationResultDemo.tsx(172,5): error TS1109: Expression expected.
src/components/VerificationResultDemo.tsx(173,3): error TS1109: Expression expected.
src/components/VerificationResultDemo.tsx(174,1): error TS1128: Declaration or statement expected.
src/components/VerificationResultDemo.tsx(177,1): error TS1128: Declaration or statement expected.
src/components/WalletConnect.tsx(12,1): error TS1131: Property or signature expected.
src/components/WalletConnect.tsx(14,1): error TS1128: Declaration or statement expected.
src/components/WalletConnect.tsx(15,1): error TS1128: Declaration or statement expected.
src/components/WalletConnect.tsx(71,4): error TS1128: Declaration or statement expected.
src/components/WalletConnect.tsx(71,8): error TS1005: ';' expected.
src/components/WalletConnect.tsx(97,9): error TS1128: Declaration or statement expected.
src/components/WalletConnect.tsx(101,4): error TS1128: Declaration or statement expected.
src/components/WalletConnect.tsx(101,8): error TS1005: ';' expected.
src/components/WalletConnect.tsx(127,25): error TS1125: Hexadecimal digit expected.
src/components/WalletConnect.tsx(127,26): error TS1005: ',' expected.
src/components/WalletConnect.tsx(127,34): error TS1005: ',' expected.
src/components/WalletConnect.tsx(127,42): error TS1005: ',' expected.
src/components/WalletConnect.tsx(127,51): error TS1005: ',' expected.
src/components/WalletConnect.tsx(138,30): error TS1125: Hexadecimal digit expected.
src/components/WalletConnect.tsx(138,31): error TS1005: ',' expected.
src/components/WalletConnect.tsx(138,42): error TS1005: ',' expected.
src/components/WalletConnect.tsx(138,50): error TS1005: ',' expected.
src/components/WalletConnect.tsx(138,59): error TS1005: ',' expected.
src/components/WalletConnect.tsx(171,7): error TS1005: 'try' expected.
src/components/WalletConnect.tsx(179,4): error TS1128: Declaration or statement expected.
src/components/WalletConnect.tsx(179,92): error TS1005: ';' expected.
src/components/WalletConnect.tsx(208,4): error TS1128: Declaration or statement expected.
src/components/WalletConnect.tsx(208,78): error TS1005: ';' expected.
src/components/WalletConnect.tsx(218,4): error TS1128: Declaration or statement expected.
src/components/WalletConnect.tsx(218,39): error TS1005: ';' expected.
src/components/WalletConnect.tsx(232,70): error TS1005: ';' expected.
src/components/WalletConnect.tsx(247,29): error TS1125: Hexadecimal digit expected.
src/components/WalletConnect.tsx(247,30): error TS1005: ',' expected.
src/components/WalletConnect.tsx(247,38): error TS1005: ',' expected.
src/components/WalletConnect.tsx(247,46): error TS1005: ',' expected.
src/components/WalletConnect.tsx(247,55): error TS1005: ',' expected.
src/components/WalletConnect.tsx(271,54): error TS1005: ',' expected.
src/components/WalletConnect.tsx(274,13): error TS1005: ';' expected.
src/components/WalletConnect.tsx(274,34): error TS1128: Declaration or statement expected.
src/components/WalletConnect.tsx(274,37): error TS1434: Unexpected keyword or identifier.
src/components/WalletConnect.tsx(282,33): error TS1005: '}' expected.
src/components/WalletConnect.tsx(282,75): error TS1005: '...' expected.
src/components/WalletConnect.tsx(282,85): error TS1003: Identifier expected.
src/components/WalletConnect.tsx(284,24): error TS1005: ';' expected.
src/components/WalletConnect.tsx(284,26): error TS1434: Unexpected keyword or identifier.
src/components/WalletConnect.tsx(285,25): error TS1005: ';' expected.
src/components/WalletConnect.tsx(285,27): error TS1434: Unexpected keyword or identifier.
src/components/WalletConnect.tsx(286,7): error TS1109: Expression expected.
src/components/WalletConnect.tsx(287,9): error TS2657: JSX expressions must have one parent element.
src/components/WalletConnect.tsx(294,22): error TS1005: '}' expected.
src/components/WalletConnect.tsx(294,23): error TS1005: '...' expected.
src/components/WalletConnect.tsx(294,33): error TS1003: Identifier expected.
src/components/WalletConnect.tsx(294,39): error TS1381: Unexpected token. Did you mean `{'}'}` or `&rbrace;`?
src/components/WalletConnect.tsx(294,88): error TS1382: Unexpected token. Did you mean `{'>'}` or `&gt;`?
src/components/WalletConnect.tsx(296,15): error TS17002: Expected corresponding JSX closing tag for 'div'.
src/components/WalletConnect.tsx(297,21): error TS1005: '}' expected.
src/components/WalletConnect.tsx(297,22): error TS1005: '...' expected.
src/components/WalletConnect.tsx(297,32): error TS1003: Identifier expected.
src/components/WalletConnect.tsx(297,44): error TS1381: Unexpected token. Did you mean `{'}'}` or `&rbrace;`?
src/components/WalletConnect.tsx(297,86): error TS1382: Unexpected token. Did you mean `{'>'}` or `&gt;`?
src/components/WalletConnect.tsx(299,15): error TS17002: Expected corresponding JSX closing tag for 'div'.
src/components/WalletConnect.tsx(307,11): error TS1128: Declaration or statement expected.
src/components/WalletConnect.tsx(308,9): error TS1109: Expression expected.
src/components/WalletConnect.tsx(309,7): error TS1109: Expression expected.
src/components/WalletConnect.tsx(310,5): error TS1109: Expression expected.
src/components/WalletConnect.tsx(313,22): error TS1005: '}' expected.
src/components/WalletConnect.tsx(313,23): error TS1005: '...' expected.
src/components/WalletConnect.tsx(313,33): error TS1003: Identifier expected.
src/components/WalletConnect.tsx(313,34): error TS1109: Expression expected.
src/components/WalletConnect.tsx(314,8): error TS1136: Property assignment expected.
src/components/WalletConnect.tsx(314,9): error TS1005: ';' expected.
src/components/WalletConnect.tsx(326,23): error TS1005: ',' expected.
src/components/WalletConnect.tsx(335,13): error TS2657: JSX expressions must have one parent element.
src/components/WalletConnect.tsx(343,15): error TS1005: '}' expected.
src/components/WalletConnect.tsx(343,17): error TS17015: Expected corresponding closing tag for JSX fragment.
src/components/WalletConnect.tsx(345,13): error TS1005: ')' expected.
src/components/WalletConnect.tsx(345,15): error TS1136: Property assignment expected.
src/components/WalletConnect.tsx(346,11): error TS1109: Expression expected.
src/components/WalletConnect.tsx(346,12): error TS1003: Identifier expected.
src/components/WalletConnect.tsx(347,9): error TS1003: Identifier expected.
src/components/WalletConnect.tsx(387,8): error TS1381: Unexpected token. Did you mean `{'}'}` or `&rbrace;`?
src/components/WalletConnect.tsx(388,7): error TS17002: Expected corresponding JSX closing tag for 'button'.
src/components/WalletConnect.tsx(389,4): error TS1005: ':' expected.
src/components/WalletConnect.tsx(390,1): error TS1128: Declaration or statement expected.
src/components/WalletConnect.tsx(391,1): error TS1128: Declaration or statement expected.
src/config/__tests__/routes.test.ts(52,8): error TS1005: ',' expected.
src/config/__tests__/routes.test.ts(62,41): error TS1005: ',' expected.
src/config/__tests__/routes.test.ts(62,42): error TS1005: ',' expected.
src/config/__tests__/routes.test.ts(62,49): error TS1005: ',' expected.
src/config/__tests__/routes.test.ts(62,58): error TS1005: ',' expected.
src/config/__tests__/routes.test.ts(62,61): error TS1005: ',' expected.
src/config/__tests__/routes.test.ts(62,66): error TS1005: ',' expected.
src/config/__tests__/routes.test.ts(62,67): error TS1005: ',' expected.
src/config/__tests__/routes.test.ts(62,74): error TS1005: ',' expected.
src/config/__tests__/routes.test.ts(63,7): error TS1005: ',' expected.
src/config/__tests__/routes.test.ts(76,8): error TS1005: ',' expected.
src/config/__tests__/routes.test.ts(107,6): error TS1128: Declaration or statement expected.
src/config/__tests__/routes.test.ts(114,6): error TS1128: Declaration or statement expected.
src/config/__tests__/routes.test.ts(148,1): error TS1128: Declaration or statement expected.
src/config/__tests__/routes.test.ts(148,2): error TS1128: Declaration or statement expected.
src/config/__tests__/routes.test.ts(149,1): error TS1128: Declaration or statement expected.
src/config/__tests__/routes.test.ts(150,1): error TS1128: Declaration or statement expected.
src/config/motion.ts(21,2): error TS1005: ',' expected.
src/config/motion.ts(24,14): error TS1005: ':' expected.
src/config/motion.ts(29,2): error TS1005: ',' expected.
src/config/motion.ts(32,14): error TS1005: ':' expected.
src/config/motion.ts(37,2): error TS1005: ',' expected.
src/config/motion.ts(40,14): error TS1005: ':' expected.
src/config/motion.ts(55,2): error TS1005: ',' expected.
src/config/motion.ts(58,14): error TS1005: ':' expected.
src/config/motion.ts(61,2): error TS1005: ',' expected.
src/config/motion.ts(62,2): error TS1005: '}' expected.
src/config/networks.ts(18,14): error TS1005: ';' expected.
src/config/networks.ts(34,14): error TS1005: ';' expected.
src/config/networks.ts(50,1): error TS1131: Property or signature expected.
src/config/networks.ts(67,29): error TS1125: Hexadecimal digit expected.
src/config/networks.ts(67,30): error TS1005: ',' expected.
src/config/networks.ts(67,43): error TS1005: ',' expected.
src/config/networks.ts(67,66): error TS1005: ',' expected.
src/config/networks.ts(67,67): error TS1005: ',' expected.
src/config/networks.ts(67,68): error TS1135: Argument expression expected.
src/config/networks.ts(68,5): error TS1135: Argument expression expected.
src/config/networks.ts(68,6): error TS1472: 'catch' or 'finally' expected.
src/config/networks.ts(69,5): error TS1005: 'try' expected.
src/config/networks.ts(76,24): error TS1125: Hexadecimal digit expected.
src/config/networks.ts(76,25): error TS1005: ',' expected.
src/config/networks.ts(76,38): error TS1005: ',' expected.
src/config/networks.ts(77,22): error TS1005: ',' expected.
src/config/networks.ts(78,27): error TS1005: ',' expected.
src/config/networks.ts(79,20): error TS1005: ',' expected.
src/config/networks.ts(80,30): error TS1005: ',' expected.
src/config/networks.ts(81,11): error TS1137: Expression or comma expected.
src/config/networks.ts(82,9): error TS1135: Argument expression expected.
src/config/networks.ts(82,10): error TS1128: Declaration or statement expected.
src/config/networks.ts(83,7): error TS1128: Declaration or statement expected.
src/config/networks.ts(83,8): error TS1128: Declaration or statement expected.
src/config/networks.ts(84,5): error TS1128: Declaration or statement expected.
src/config/networks.ts(84,7): error TS1128: Declaration or statement expected.
src/config/networks.ts(115,50): error TS1005: ';' expected.
src/config/networks.ts(115,60): error TS1005: ',' expected.
src/config/networks.ts(125,15): error TS1005: ';' expected.
src/config/networks.ts(125,43): error TS1005: ';' expected.
src/config/networks.ts(127,15): error TS1005: ';' expected.
src/config/networks.ts(127,48): error TS1005: ';' expected.
src/config/networks.ts(129,15): error TS1005: ';' expected.
src/config/networks.ts(129,46): error TS1005: ';' expected.
src/config/networks.ts(147,2): error TS1005: '}' expected.
src/config/routes.ts(9,14): error TS1005: ';' expected.
src/config/routes.ts(9,44): error TS1137: Expression or comma expected.
src/config/routes.ts(23,39): error TS1005: ',' expected.
src/config/routes.ts(23,51): error TS1005: ',' expected.
src/config/routes.ts(23,53): error TS1005: ':' expected.
src/config/routes.ts(23,60): error TS1005: ',' expected.
src/config/routes.ts(29,44): error TS1005: ',' expected.
src/config/routes.ts(29,46): error TS1005: ':' expected.
src/config/routes.ts(29,53): error TS1005: ',' expected.
src/config/routes.ts(42,1): error TS1005: ',' expected.
src/config/routes.ts(44,1): error TS1131: Property or signature expected.
src/config/routes.ts(49,32): error TS1109: Expression expected.
src/config/routes.ts(49,34): error TS1005: ',' expected.
src/config/routes.ts(49,43): error TS1005: ',' expected.
src/config/routes.ts(52,4): error TS1128: Declaration or statement expected.
src/config/routes.ts(55,104): error TS1005: ';' expected.
src/config/routes.ts(65,32): error TS1109: Expression expected.
src/config/routes.ts(65,34): error TS1005: ',' expected.
src/config/routes.ts(65,43): error TS1005: ',' expected.
src/config/routes.ts(81,2): error TS1005: '}' expected.
src/contexts/FeedbackContext.tsx(20,1): error TS1131: Property or signature expected.
src/contexts/FeedbackContext.tsx(24,1): error TS1128: Declaration or statement expected.
src/contexts/FeedbackContext.tsx(52,20): error TS1005: ',' expected.
src/contexts/FeedbackContext.tsx(52,27): error TS1005: ',' expected.
src/contexts/FeedbackContext.tsx(52,39): error TS1005: ',' expected.
src/contexts/FeedbackContext.tsx(52,41): error TS1005: ',' expected.
src/contexts/FeedbackContext.tsx(52,48): error TS1005: ',' expected.
src/contexts/FeedbackContext.tsx(53,6): error TS1005: ')' expected.
src/contexts/FeedbackContext.tsx(59,8): error TS1005: ',' expected.
src/contexts/FeedbackContext.tsx(90,1): error TS1128: Declaration or statement expected.
src/contexts/NavigationContext.tsx(16,1): error TS1131: Property or signature expected.
src/contexts/NavigationContext.tsx(18,1): error TS1128: Declaration or statement expected.
src/contexts/NavigationContext.tsx(25,35): error TS1011: An element access expression should take an argument.
src/contexts/NavigationContext.tsx(32,29): error TS1011: An element access expression should take an argument.
src/contexts/NavigationContext.tsx(83,1): error TS1131: Property or signature expected.
src/contexts/NavigationContext.tsx(85,1): error TS1128: Declaration or statement expected.
src/contexts/NavigationContext.tsx(96,14): error TS1005: ';' expected.
src/contexts/NavigationContext.tsx(138,3): error TS1005: ',' expected.
src/contexts/NavigationContext.tsx(184,12): error TS1128: Declaration or statement expected.
src/contexts/NavigationContext.tsx(185,8): error TS1128: Declaration or statement expected.
src/contexts/NavigationContext.tsx(201,8): error TS1128: Declaration or statement expected.
src/contexts/NavigationContext.tsx(261,12): error TS1128: Declaration or statement expected.
src/contexts/NavigationContext.tsx(278,10): error TS1128: Declaration or statement expected.
src/contexts/NavigationContext.tsx(279,6): error TS1128: Declaration or statement expected.
src/contexts/NavigationContext.tsx(296,8): error TS1128: Declaration or statement expected.
src/contexts/NavigationContext.tsx(299,14): error TS1005: ';' expected.
src/contexts/NavigationContext.tsx(305,18): error TS1005: ';' expected.
src/contexts/NavigationContext.tsx(312,24): error TS1005: ';' expected.
src/contexts/NavigationContext.tsx(319,21): error TS1005: ';' expected.
src/contexts/NavigationContext.tsx(326,22): error TS1005: ';' expected.
src/contexts/NavigationContext.tsx(333,18): error TS1005: ';' expected.
src/contexts/NavigationContext.tsx(340,19): error TS1005: ';' expected.
src/contexts/NavigationContext.tsx(347,18): error TS1005: ';' expected.
src/contexts/NavigationContext.tsx(354,21): error TS1005: ';' expected.
src/contexts/NavigationContext.tsx(365,26): error TS1005: ';' expected.
src/contexts/NavigationContext.tsx(372,20): error TS1005: ';' expected.
src/contexts/NavigationContext.tsx(383,9): error TS1005: ',' expected.
src/contexts/NavigationContext.tsx(388,28): error TS1005: ';' expected.
src/contexts/NavigationContext.tsx(394,8): error TS1005: ',' expected.
src/contexts/NavigationContext.tsx(397,31): error TS1005: ';' expected.
src/contexts/NavigationContext.tsx(403,8): error TS1005: ',' expected.
src/contexts/NavigationContext.tsx(406,26): error TS1005: ';' expected.
src/contexts/NavigationContext.tsx(412,8): error TS1005: ',' expected.
src/contexts/NavigationContext.tsx(415,26): error TS1005: ';' expected.
src/contexts/NavigationContext.tsx(421,8): error TS1005: ',' expected.
src/contexts/NavigationContext.tsx(425,20): error TS1005: ';' expected.
src/contexts/NavigationContext.tsx(434,18): error TS1005: ';' expected.
src/contexts/NavigationContext.tsx(443,26): error TS1005: ';' expected.
src/contexts/NavigationContext.tsx(450,24): error TS1005: ';' expected.
src/contexts/NavigationContext.tsx(478,2): error TS1005: '}' expected.
src/contexts/ThemeContext.tsx(20,14): error TS1005: ';' expected.
src/contexts/ThemeContext.tsx(35,1): error TS1131: Property or signature expected.
src/contexts/ThemeContext.tsx(47,45): error TS1138: Parameter declaration expected.
src/contexts/ThemeContext.tsx(49,1): error TS1128: Declaration or statement expected.
src/contexts/ThemeContext.tsx(49,3): error TS1128: Declaration or statement expected.
src/contexts/ThemeContext.tsx(55,45): error TS1005: ',' expected.
src/contexts/ThemeContext.tsx(55,55): error TS1005: ',' expected.
src/contexts/ThemeContext.tsx(59,1): error TS1128: Declaration or statement expected.
src/hooks/__tests__/useActiveIndicator.test.tsx(73,5): error TS1005: ',' expected.
src/hooks/__tests__/useActiveIndicator.test.tsx(86,5): error TS1005: ',' expected.
src/hooks/__tests__/useActiveIndicator.test.tsx(99,5): error TS1005: ',' expected.
src/hooks/__tests__/useActiveIndicator.test.tsx(112,5): error TS1005: ',' expected.
src/hooks/__tests__/useActiveIndicator.test.tsx(124,5): error TS1005: ',' expected.
src/hooks/__tests__/useActiveIndicator.test.tsx(137,5): error TS1005: ',' expected.
src/hooks/__tests__/useActiveIndicator.test.tsx(149,5): error TS1005: ',' expected.
src/hooks/__tests__/useActiveIndicator.test.tsx(160,5): error TS1005: ',' expected.
src/hooks/__tests__/useActiveIndicator.test.tsx(172,5): error TS1005: ',' expected.
src/hooks/__tests__/useActiveIndicator.test.tsx(177,1): error TS1128: Declaration or statement expected.
src/hooks/__tests__/useActiveIndicator.test.tsx(178,1): error TS1128: Declaration or statement expected.
src/hooks/__tests__/useBreadcrumbs.test.tsx(12,141): error TS1005: ',' expected.
src/hooks/__tests__/useBreadcrumbs.test.tsx(12,153): error TS1005: ',' expected.
src/hooks/__tests__/useBreadcrumbs.test.tsx(12,155): error TS1005: ':' expected.
src/hooks/__tests__/useBreadcrumbs.test.tsx(12,162): error TS1005: ',' expected.
src/hooks/__tests__/useBreadcrumbs.test.tsx(13,127): error TS1005: ',' expected.
src/hooks/__tests__/useBreadcrumbs.test.tsx(13,129): error TS1005: ':' expected.
src/hooks/__tests__/useBreadcrumbs.test.tsx(13,136): error TS1005: ',' expected.
src/hooks/__tests__/useBreadcrumbs.test.tsx(15,3): error TS1005: ',' expected.
src/hooks/__tests__/useBreadcrumbs.test.tsx(44,5): error TS1005: ',' expected.
src/hooks/__tests__/useBreadcrumbs.test.tsx(59,5): error TS1005: ',' expected.
src/hooks/__tests__/useBreadcrumbs.test.tsx(70,48): error TS1005: ',' expected.
src/hooks/__tests__/useBreadcrumbs.test.tsx(70,60): error TS1005: ',' expected.
src/hooks/__tests__/useBreadcrumbs.test.tsx(70,62): error TS1005: ':' expected.
src/hooks/__tests__/useBreadcrumbs.test.tsx(70,69): error TS1005: ',' expected.
src/hooks/__tests__/useBreadcrumbs.test.tsx(73,6): error TS1005: ',' expected.
src/hooks/__tests__/useBreadcrumbs.test.tsx(81,5): error TS1005: ',' expected.
src/hooks/__tests__/useBreadcrumbs.test.tsx(91,53): error TS1005: ',' expected.
src/hooks/__tests__/useBreadcrumbs.test.tsx(91,55): error TS1005: ':' expected.
src/hooks/__tests__/useBreadcrumbs.test.tsx(91,62): error TS1005: ',' expected.
src/hooks/__tests__/useBreadcrumbs.test.tsx(94,6): error TS1005: ',' expected.
src/hooks/__tests__/useBreadcrumbs.test.tsx(101,5): error TS1005: ',' expected.
src/hooks/__tests__/useBreadcrumbs.test.tsx(113,5): error TS1005: ',' expected.
src/hooks/__tests__/useBreadcrumbs.test.tsx(130,5): error TS1005: ',' expected.
src/hooks/__tests__/useBreadcrumbs.test.tsx(143,5): error TS1005: ',' expected.
src/hooks/__tests__/useBreadcrumbs.test.tsx(146,1): error TS1128: Declaration or statement expected.
src/hooks/__tests__/useBreadcrumbs.test.tsx(147,1): error TS1128: Declaration or statement expected.
src/hooks/__tests__/useValidationAnimation.test.tsx(3,10): error TS1003: Identifier expected.
src/hooks/__tests__/useValidationAnimation.test.tsx(4,27): error TS1003: Identifier expected.
src/hooks/__tests__/useValidationAnimation.test.tsx(5,34): error TS1003: Identifier expected.
src/hooks/__tests__/useValidationAnimation.test.tsx(6,30): error TS1005: ',' expected.
src/hooks/__tests__/useValidationAnimation.test.tsx(18,5): error TS1005: ',' expected.
src/hooks/__tests__/useValidationAnimation.test.tsx(23,5): error TS1005: ',' expected.
src/hooks/__tests__/useValidationAnimation.test.tsx(28,5): error TS1005: ',' expected.
src/hooks/__tests__/useValidationAnimation.test.tsx(29,2): error TS1005: ',' expected.
src/hooks/__tests__/useValidationAnimation.test.tsx(112,5): error TS1005: ',' expected.
src/hooks/__tests__/useValidationAnimation.test.tsx(141,5): error TS1005: ',' expected.
src/hooks/__tests__/useValidationAnimation.test.tsx(163,5): error TS1005: ',' expected.
src/hooks/__tests__/useValidationAnimation.test.tsx(185,5): error TS1005: ',' expected.
src/hooks/__tests__/useValidationAnimation.test.tsx(206,5): error TS1005: ',' expected.
src/hooks/__tests__/useValidationAnimation.test.tsx(222,5): error TS1005: ',' expected.
src/hooks/__tests__/useValidationAnimation.test.tsx(243,1): error TS1128: Declaration or statement expected.
src/hooks/__tests__/useValidationAnimation.test.tsx(244,1): error TS1128: Declaration or statement expected.
src/hooks/useActiveIndicator.ts(10,1): error TS1131: Property or signature expected.
src/hooks/useActiveIndicator.ts(32,24): error TS1005: ':' expected.
src/hooks/useActiveIndicator.ts(32,32): error TS1005: ',' expected.
src/hooks/useActiveIndicator.ts(32,34): error TS1005: ';' expected.
src/hooks/useActiveIndicator.ts(32,55): error TS1434: Unexpected keyword or identifier.
src/hooks/useActiveIndicator.ts(37,24): error TS1005: ':' expected.
src/hooks/useActiveIndicator.ts(37,32): error TS1005: ',' expected.
src/hooks/useActiveIndicator.ts(37,34): error TS1005: ';' expected.
src/hooks/useActiveIndicator.ts(37,55): error TS1434: Unexpected keyword or identifier.
src/hooks/useActiveIndicator.ts(37,75): error TS1434: Unexpected keyword or identifier.
src/hooks/useActiveIndicator.ts(38,7): error TS1128: Declaration or statement expected.
src/hooks/useActiveIndicator.ts(54,43): error TS1005: ';' expected.
src/hooks/useActiveIndicator.ts(54,50): error TS1005: ';' expected.
src/hooks/useActiveIndicator.ts(54,56): error TS1005: ';' expected.
src/hooks/useActiveIndicator.ts(54,65): error TS1005: ';' expected.
src/hooks/useActiveIndicator.ts(54,69): error TS1005: ';' expected.
src/hooks/useActiveIndicator.ts(54,84): error TS1005: ';' expected.
src/hooks/useActiveIndicator.ts(54,99): error TS1005: ';' expected.
src/hooks/useActiveIndicator.ts(58,43): error TS1005: ';' expected.
src/hooks/useActiveIndicator.ts(58,51): error TS1005: ';' expected.
src/hooks/useActiveIndicator.ts(58,57): error TS1005: ';' expected.
src/hooks/useActiveIndicator.ts(58,66): error TS1005: ';' expected.
src/hooks/useActiveIndicator.ts(58,70): error TS1005: ';' expected.
src/hooks/useActiveIndicator.ts(58,85): error TS1005: ';' expected.
src/hooks/useActiveIndicator.ts(58,100): error TS1005: ';' expected.
src/hooks/useActiveIndicator.ts(62,43): error TS1005: ';' expected.
src/hooks/useActiveIndicator.ts(62,49): error TS1005: ';' expected.
src/hooks/useActiveIndicator.ts(62,56): error TS1005: ';' expected.
src/hooks/useActiveIndicator.ts(62,64): error TS1005: ';' expected.
src/hooks/useActiveIndicator.ts(62,68): error TS1005: ';' expected.
src/hooks/useActiveIndicator.ts(62,83): error TS1005: ';' expected.
src/hooks/useActiveIndicator.ts(62,98): error TS1005: ';' expected.
src/hooks/useActiveIndicator.ts(66,43): error TS1005: ';' expected.
src/hooks/useActiveIndicator.ts(66,52): error TS1005: ';' expected.
src/hooks/useActiveIndicator.ts(66,59): error TS1005: ';' expected.
src/hooks/useActiveIndicator.ts(66,67): error TS1005: ';' expected.
src/hooks/useActiveIndicator.ts(66,71): error TS1005: ';' expected.
src/hooks/useActiveIndicator.ts(66,86): error TS1005: ';' expected.
src/hooks/useActiveIndicator.ts(66,101): error TS1005: ';' expected.
src/hooks/useActiveIndicator.ts(74,43): error TS1005: ';' expected.
src/hooks/useActiveIndicator.ts(74,50): error TS1005: ';' expected.
src/hooks/useActiveIndicator.ts(74,58): error TS1005: ';' expected.
src/hooks/useActiveIndicator.ts(74,85): error TS1005: ';' expected.
src/hooks/useActiveIndicator.ts(74,89): error TS1005: ';' expected.
src/hooks/useActiveIndicator.ts(74,93): error TS1005: ';' expected.
src/hooks/useActiveIndicator.ts(74,108): error TS1005: ';' expected.
src/hooks/useActiveIndicator.ts(74,121): error TS1005: ';' expected.
src/hooks/useActiveIndicator.ts(78,43): error TS1005: ';' expected.
src/hooks/useActiveIndicator.ts(78,51): error TS1005: ';' expected.
src/hooks/useActiveIndicator.ts(78,59): error TS1005: ';' expected.
src/hooks/useActiveIndicator.ts(78,86): error TS1005: ';' expected.
src/hooks/useActiveIndicator.ts(78,90): error TS1005: ';' expected.
src/hooks/useActiveIndicator.ts(78,94): error TS1005: ';' expected.
src/hooks/useActiveIndicator.ts(78,109): error TS1005: ';' expected.
src/hooks/useActiveIndicator.ts(78,122): error TS1005: ';' expected.
src/hooks/useActiveIndicator.ts(82,43): error TS1005: ';' expected.
src/hooks/useActiveIndicator.ts(82,49): error TS1005: ';' expected.
src/hooks/useActiveIndicator.ts(82,58): error TS1005: ';' expected.
src/hooks/useActiveIndicator.ts(82,85): error TS1005: ';' expected.
src/hooks/useActiveIndicator.ts(82,89): error TS1005: ';' expected.
src/hooks/useActiveIndicator.ts(82,93): error TS1005: ';' expected.
src/hooks/useActiveIndicator.ts(82,108): error TS1005: ';' expected.
src/hooks/useActiveIndicator.ts(82,121): error TS1005: ';' expected.
src/hooks/useActiveIndicator.ts(86,43): error TS1005: ';' expected.
src/hooks/useActiveIndicator.ts(86,52): error TS1005: ';' expected.
src/hooks/useActiveIndicator.ts(86,61): error TS1005: ';' expected.
src/hooks/useActiveIndicator.ts(86,88): error TS1005: ';' expected.
src/hooks/useActiveIndicator.ts(86,92): error TS1005: ';' expected.
src/hooks/useActiveIndicator.ts(86,96): error TS1005: ';' expected.
src/hooks/useActiveIndicator.ts(86,111): error TS1005: ';' expected.
src/hooks/useActiveIndicator.ts(86,124): error TS1005: ';' expected.
src/hooks/useActiveIndicator.ts(92,39): error TS1005: ';' expected.
src/hooks/useActiveIndicator.ts(92,47): error TS1005: ';' expected.
src/hooks/useActiveIndicator.ts(92,62): error TS1005: ';' expected.
src/hooks/useActiveIndicator.ts(92,73): error TS1005: ';' expected.
src/hooks/useActiveIndicator.ts(97,39): error TS1005: ';' expected.
src/hooks/useActiveIndicator.ts(97,47): error TS1005: ';' expected.
src/hooks/useActiveIndicator.ts(97,56): error TS1005: ';' expected.
src/hooks/useActiveIndicator.ts(97,75): error TS1005: ';' expected.
src/hooks/useActiveIndicator.ts(97,86): error TS1005: ';' expected.
src/hooks/useActiveIndicator.ts(115,29): error TS1005: ';' expected.
src/hooks/useActiveIndicator.ts(118,35): error TS1005: ',' expected.
src/hooks/useActiveIndicator.ts(118,40): error TS1005: ',' expected.
src/hooks/useActiveIndicator.ts(118,44): error TS1005: ',' expected.
src/hooks/useActiveIndicator.ts(119,29): error TS1005: ';' expected.
src/hooks/useActiveIndicator.ts(126,26): error TS1005: ',' expected.
src/hooks/useActiveIndicator.ts(126,45): error TS1434: Unexpected keyword or identifier.
src/hooks/useActiveIndicator.ts(126,71): error TS1128: Declaration or statement expected.
src/hooks/useActiveIndicator.ts(127,25): error TS1434: Unexpected keyword or identifier.
src/hooks/useActiveIndicator.ts(127,45): error TS1434: Unexpected keyword or identifier.
src/hooks/useActiveIndicator.ts(127,71): error TS1128: Declaration or statement expected.
src/hooks/useActiveIndicator.ts(128,20): error TS1434: Unexpected keyword or identifier.
src/hooks/useActiveIndicator.ts(128,35): error TS1434: Unexpected keyword or identifier.
src/hooks/useActiveIndicator.ts(128,61): error TS1128: Declaration or statement expected.
src/hooks/useActiveIndicator.ts(131,4): error TS1129: Statement expected.
src/hooks/useActiveIndicator.ts(140,4): error TS1005: ';' expected.
src/hooks/useActiveIndicator.ts(147,2): error TS1005: '}' expected.
src/hooks/useAnimation.ts(37,8): error TS1005: ',' expected.
src/hooks/useAnimation.ts(40,7): error TS1128: Declaration or statement expected.
src/hooks/useAnimation.ts(40,12): error TS1005: ':' expected.
src/hooks/useAnimation.ts(40,18): error TS1005: ',' expected.
src/hooks/useAnimation.ts(41,16): error TS1005: ':' expected.
src/hooks/useAnimation.ts(45,10): error TS1005: ',' expected.
src/hooks/useAnimation.ts(46,12): error TS1005: ':' expected.
src/hooks/useAnimation.ts(46,19): error TS1005: ',' expected.
src/hooks/useAnimation.ts(47,16): error TS1005: ':' expected.
src/hooks/useAnimation.ts(51,10): error TS1005: ',' expected.
src/hooks/useAnimation.ts(52,12): error TS1005: ':' expected.
src/hooks/useAnimation.ts(52,19): error TS1005: ',' expected.
src/hooks/useAnimation.ts(53,16): error TS1005: ':' expected.
src/hooks/useAnimation.ts(57,10): error TS1005: ',' expected.
src/hooks/useAnimation.ts(58,12): error TS1005: ':' expected.
src/hooks/useAnimation.ts(58,20): error TS1005: ',' expected.
src/hooks/useAnimation.ts(59,16): error TS1005: ':' expected.
src/hooks/useAnimation.ts(63,10): error TS1005: ',' expected.
src/hooks/useAnimation.ts(65,9): error TS1109: Expression expected.
src/hooks/useAnimation.ts(65,16): error TS1005: ':' expected.
src/hooks/useAnimation.ts(69,10): error TS1005: ',' expected.
src/hooks/useAnimation.ts(70,4): error TS1005: ',' expected.
src/hooks/useAnimation.ts(72,10): error TS1005: ':' expected.
src/hooks/useAnimation.ts(80,4): error TS1005: ',' expected.
src/hooks/useAnimation.ts(81,2): error TS1005: ',' expected.
src/hooks/useAnimation.ts(83,8): error TS1005: ':' expected.
src/hooks/useAnimation.ts(83,16): error TS1005: ':' expected.
src/hooks/useAnimation.ts(83,28): error TS1005: ',' expected.
src/hooks/useAnimation.ts(85,2): error TS1005: '}' expected.
src/hooks/useBreadcrumbs.ts(11,1): error TS1131: Property or signature expected.
src/hooks/useBreadcrumbs.ts(27,7): error TS1005: ',' expected.
src/hooks/useBreadcrumbs.ts(77,4): error TS1128: Declaration or statement expected.
src/hooks/useBreadcrumbs.ts(77,25): error TS1005: ';' expected.
src/hooks/useBreadcrumbs.ts(81,1): error TS1128: Declaration or statement expected.
src/hooks/useBreadcrumbs.ts(82,1): error TS1128: Declaration or statement expected.
src/hooks/useFeedbackAnimations.ts(10,1): error TS1131: Property or signature expected.
src/hooks/useFeedbackAnimations.ts(26,17): error TS1005: ';' expected.
src/hooks/useFeedbackAnimations.ts(27,16): error TS1351: An identifier or keyword cannot immediately follow a numeric literal.
src/hooks/useFeedbackAnimations.ts(28,18): error TS1351: An identifier or keyword cannot immediately follow a numeric literal.
src/hooks/useFeedbackAnimations.ts(29,18): error TS1005: ';' expected.
src/hooks/useFeedbackAnimations.ts(29,21): error TS1351: An identifier or keyword cannot immediately follow a numeric literal.
src/hooks/useFeedbackAnimations.ts(30,20): error TS1434: Unexpected keyword or identifier.
src/hooks/useFeedbackAnimations.ts(30,30): error TS1005: ';' expected.
src/hooks/useFeedbackAnimations.ts(30,30): error TS1351: An identifier or keyword cannot immediately follow a numeric literal.
src/hooks/useFeedbackAnimations.ts(30,41): error TS1005: ';' expected.
src/hooks/useFeedbackAnimations.ts(31,23): error TS1005: ';' expected.
src/hooks/useFeedbackAnimations.ts(32,16): error TS1005: ';' expected.
src/hooks/useFeedbackAnimations.ts(39,11): error TS1109: Expression expected.
src/hooks/useFeedbackAnimations.ts(39,21): error TS1146: Declaration expected.
src/hooks/useFeedbackAnimations.ts(39,22): error TS1434: Unexpected keyword or identifier.
src/hooks/useFeedbackAnimations.ts(40,43): error TS1005: ',' expected.
src/hooks/useFeedbackAnimations.ts(40,50): error TS1003: Identifier expected.
src/hooks/useFeedbackAnimations.ts(40,51): error TS1351: An identifier or keyword cannot immediately follow a numeric literal.
src/hooks/useFeedbackAnimations.ts(40,57): error TS1005: ',' expected.
src/hooks/useFeedbackAnimations.ts(40,67): error TS1005: ',' expected.
src/hooks/useFeedbackAnimations.ts(41,16): error TS1005: ':' expected.
src/hooks/useFeedbackAnimations.ts(41,46): error TS1351: An identifier or keyword cannot immediately follow a numeric literal.
src/hooks/useFeedbackAnimations.ts(41,50): error TS1005: ',' expected.
src/hooks/useFeedbackAnimations.ts(41,57): error TS1003: Identifier expected.
src/hooks/useFeedbackAnimations.ts(41,60): error TS1351: An identifier or keyword cannot immediately follow a numeric literal.
src/hooks/useFeedbackAnimations.ts(41,66): error TS1005: ',' expected.
src/hooks/useFeedbackAnimations.ts(41,76): error TS1005: ',' expected.
src/hooks/useFeedbackAnimations.ts(42,17): error TS1005: ',' expected.
src/hooks/useFeedbackAnimations.ts(42,41): error TS1005: ',' expected.
src/hooks/useFeedbackAnimations.ts(44,15): error TS1005: ',' expected.
src/hooks/useFeedbackAnimations.ts(44,49): error TS1005: ',' expected.
src/hooks/useFeedbackAnimations.ts(45,18): error TS1138: Parameter declaration expected.
src/hooks/useFeedbackAnimations.ts(45,21): error TS1005: ',' expected.
src/hooks/useFeedbackAnimations.ts(47,8): error TS1128: Declaration or statement expected.
src/hooks/useFeedbackAnimations.ts(47,14): error TS1005: ';' expected.
src/hooks/useFeedbackAnimations.ts(48,3): error TS1128: Declaration or statement expected.
src/hooks/useFeedbackAnimations.ts(48,4): error TS1128: Declaration or statement expected.
src/hooks/useFeedbackAnimations.ts(48,8): error TS1005: ';' expected.
src/hooks/useFeedbackAnimations.ts(70,11): error TS1109: Expression expected.
src/hooks/useFeedbackAnimations.ts(70,21): error TS1146: Declaration expected.
src/hooks/useFeedbackAnimations.ts(70,22): error TS1434: Unexpected keyword or identifier.
src/hooks/useFeedbackAnimations.ts(71,15): error TS1109: Expression expected.
src/hooks/useFeedbackAnimations.ts(71,48): error TS1005: ',' expected.
src/hooks/useFeedbackAnimations.ts(72,15): error TS1005: ':' expected.
src/hooks/useFeedbackAnimations.ts(72,43): error TS1351: An identifier or keyword cannot immediately follow a numeric literal.
src/hooks/useFeedbackAnimations.ts(72,46): error TS1005: ',' expected.
src/hooks/useFeedbackAnimations.ts(73,15): error TS1005: ':' expected.
src/hooks/useFeedbackAnimations.ts(73,42): error TS1351: An identifier or keyword cannot immediately follow a numeric literal.
src/hooks/useFeedbackAnimations.ts(73,45): error TS1005: ',' expected.
src/hooks/useFeedbackAnimations.ts(74,17): error TS1005: ',' expected.
src/hooks/useFeedbackAnimations.ts(74,41): error TS1005: ',' expected.
src/hooks/useFeedbackAnimations.ts(75,7): error TS1109: Expression expected.
src/hooks/useFeedbackAnimations.ts(75,8): error TS1005: ':' expected.
src/hooks/useFeedbackAnimations.ts(103,1): error TS1128: Declaration or statement expected.
src/hooks/useFeedbackAnimations.ts(104,1): error TS1128: Declaration or statement expected.
src/hooks/useFeedbackAnimations.ts(105,1): error TS1128: Declaration or statement expected.
src/hooks/useFeedbackTrigger.ts(20,1): error TS1131: Property or signature expected.
src/hooks/useFeedbackTrigger.ts(22,1): error TS1128: Declaration or statement expected.
src/hooks/useFeedbackTrigger.ts(23,1): error TS1128: Declaration or statement expected.
src/hooks/useFeedbackTrigger.ts(27,22): error TS1109: Expression expected.
src/hooks/useFeedbackTrigger.ts(28,22): error TS1109: Expression expected.
src/hooks/useFeedbackTrigger.ts(29,20): error TS1109: Expression expected.
src/hooks/useFeedbackTrigger.ts(82,32): error TS1005: ',' expected.
src/hooks/useFeedbackTrigger.ts(105,4): error TS1128: Declaration or statement expected.
src/hooks/useFeedbackTrigger.ts(105,93): error TS1005: ';' expected.
src/hooks/useFeedbackTrigger.ts(134,29): error TS1005: ',' expected.
src/hooks/useFeedbackTrigger.ts(134,32): error TS1005: ',' expected.
src/hooks/useFeedbackTrigger.ts(134,51): error TS1128: Declaration or statement expected.
src/hooks/useFeedbackTrigger.ts(134,59): error TS1434: Unexpected keyword or identifier.
src/hooks/useFeedbackTrigger.ts(134,100): error TS1005: ';' expected.
src/hooks/useFeedbackTrigger.ts(134,102): error TS1434: Unexpected keyword or identifier.
src/hooks/useFeedbackTrigger.ts(134,133): error TS1109: Expression expected.
src/hooks/useFeedbackTrigger.ts(134,134): error TS1109: Expression expected.
src/hooks/useFeedbackTrigger.ts(139,1): error TS1128: Declaration or statement expected.
src/hooks/useFeedbackTrigger.ts(165,28): error TS1005: ':' expected.
src/hooks/useFeedbackTrigger.ts(165,39): error TS1005: ',' expected.
src/hooks/useFeedbackTrigger.ts(165,45): error TS1005: ',' expected.
src/hooks/useFeedbackTrigger.ts(165,55): error TS1005: ',' expected.
src/hooks/useFeedbackTrigger.ts(166,3): error TS1005: ',' expected.
src/hooks/useFeedbackTrigger.ts(166,4): error TS1005: ',' expected.
src/hooks/useFeedbackTrigger.ts(167,1): error TS1128: Declaration or statement expected.
src/hooks/useFeedbackTrigger.ts(168,1): error TS1128: Declaration or statement expected.
src/hooks/useFocusManagement.ts(72,4): error TS1128: Declaration or statement expected.
src/hooks/useFocusManagement.ts(72,41): error TS1005: ';' expected.
src/hooks/useFocusManagement.ts(81,4): error TS1128: Declaration or statement expected.
src/hooks/useFocusManagement.ts(81,31): error TS1005: ';' expected.
src/hooks/useFocusManagement.ts(87,4): error TS1128: Declaration or statement expected.
src/hooks/useFocusManagement.ts(87,31): error TS1005: ';' expected.
src/hooks/useFocusManagement.ts(106,4): error TS1128: Declaration or statement expected.
src/hooks/useFocusManagement.ts(106,28): error TS1005: ';' expected.
src/hooks/useFocusManagement.ts(113,4): error TS1128: Declaration or statement expected.
src/hooks/useFocusManagement.ts(113,31): error TS1005: ';' expected.
src/hooks/useFocusManagement.ts(137,4): error TS1128: Declaration or statement expected.
src/hooks/useFocusManagement.ts(137,8): error TS1005: ';' expected.
src/hooks/useFocusManagement.ts(150,6): error TS1128: Declaration or statement expected.
src/hooks/useFocusManagement.ts(186,4): error TS1129: Statement expected.
src/hooks/useFocusManagement.ts(186,13): error TS1005: ';' expected.
src/hooks/useFocusManagement.ts(207,4): error TS1128: Declaration or statement expected.
src/hooks/useFocusManagement.ts(207,8): error TS1005: ';' expected.
src/hooks/useFocusManagement.ts(219,4): error TS1128: Declaration or statement expected.
src/hooks/useFocusManagement.ts(219,8): error TS1005: ';' expected.
src/hooks/useFocusManagement.ts(255,4): error TS1128: Declaration or statement expected.
src/hooks/useFocusManagement.ts(255,14): error TS1005: ';' expected.
src/hooks/useFocusManagement.ts(266,4): error TS1128: Declaration or statement expected.
src/hooks/useFocusManagement.ts(266,34): error TS1005: ';' expected.
src/hooks/useFocusManagement.ts(272,4): error TS1128: Declaration or statement expected.
src/hooks/useFocusManagement.ts(272,33): error TS1005: ';' expected.
src/hooks/useFocusManagement.ts(291,4): error TS1128: Declaration or statement expected.
src/hooks/useFocusManagement.ts(291,8): error TS1005: ';' expected.
src/hooks/useFocusManagement.ts(295,15): error TS1005: ',' expected.
src/hooks/useFocusManagement.ts(295,25): error TS1128: Declaration or statement expected.
src/hooks/useFocusManagement.ts(300,16): error TS1005: ';' expected.
src/hooks/useFocusManagement.ts(301,15): error TS1005: ';' expected.
src/hooks/useFocusManagement.ts(302,5): error TS1109: Expression expected.
src/hooks/useFocusManagement.ts(302,6): error TS1005: ')' expected.
src/hooks/useFocusManagement.ts(303,21): error TS1005: ',' expected.
src/hooks/useFocusManagement.ts(306,1): error TS1128: Declaration or statement expected.
src/hooks/useFocusManagement.ts(307,1): error TS1128: Declaration or statement expected.
src/hooks/useFocusManagement.ts(308,1): error TS1128: Declaration or statement expected.
src/hooks/useImageOptimization.ts(27,9): error TS1005: 'try' expected.
src/hooks/useImageOptimization.ts(38,4): error TS1472: 'catch' or 'finally' expected.
src/hooks/useImageOptimization.ts(38,8): error TS1005: ';' expected.
src/hooks/useImageOptimization.ts(68,19): error TS1005: ',' expected.
src/hooks/useImageOptimization.ts(94,31): error TS1005: ',' expected.
src/hooks/useImageOptimization.ts(94,34): error TS1005: ',' expected.
src/hooks/useImageOptimization.ts(94,42): error TS1005: ',' expected.
src/hooks/useImageOptimization.ts(94,43): error TS1005: ',' expected.
src/hooks/useImageOptimization.ts(94,54): error TS1005: ',' expected.
src/hooks/useImageOptimization.ts(94,55): error TS1135: Argument expression expected.
src/hooks/useImageOptimization.ts(103,4): error TS1128: Declaration or statement expected.
src/hooks/useImageOptimization.ts(103,18): error TS1005: ';' expected.
src/hooks/useImageOptimization.ts(164,1): error TS1128: Declaration or statement expected.
src/hooks/useImageOptimization.ts(165,1): error TS1128: Declaration or statement expected.
src/hooks/useInteractionAnimations.ts(17,1): error TS1131: Property or signature expected.
src/hooks/useInteractionAnimations.ts(46,6): error TS1005: ',' expected.
src/hooks/useInteractionAnimations.ts(49,10): error TS1005: ':' expected.
src/hooks/useInteractionAnimations.ts(49,53): error TS1005: ',' expected.
src/hooks/useInteractionAnimations.ts(50,2): error TS1005: ',' expected.
src/hooks/useInteractionAnimations.ts(53,14): error TS1005: ':' expected.
src/hooks/useInteractionAnimations.ts(59,2): error TS1005: ',' expected.
src/hooks/useInteractionAnimations.ts(61,14): error TS1005: ':' expected.
src/hooks/useInteractionAnimations.ts(67,2): error TS1005: ',' expected.
src/hooks/useInteractionAnimations.ts(69,14): error TS1005: ':' expected.
src/hooks/useInteractionAnimations.ts(75,2): error TS1005: ',' expected.
src/hooks/useInteractionAnimations.ts(77,14): error TS1005: ':' expected.
src/hooks/useInteractionAnimations.ts(83,2): error TS1005: ',' expected.
src/hooks/useInteractionAnimations.ts(85,14): error TS1005: ':' expected.
src/hooks/useInteractionAnimations.ts(91,2): error TS1005: ',' expected.
src/hooks/useInteractionAnimations.ts(93,14): error TS1005: ':' expected.
src/hooks/useInteractionAnimations.ts(99,2): error TS1005: ',' expected.
src/hooks/useInteractionAnimations.ts(101,14): error TS1005: ':' expected.
src/hooks/useInteractionAnimations.ts(107,2): error TS1005: ',' expected.
src/hooks/useInteractionAnimations.ts(110,14): error TS1005: ':' expected.
src/hooks/useInteractionAnimations.ts(129,4): error TS1005: ',' expected.
src/hooks/useInteractionAnimations.ts(130,2): error TS1005: ',' expected.
src/hooks/useInteractionAnimations.ts(133,14): error TS1005: ':' expected.
src/hooks/useInteractionAnimations.ts(149,4): error TS1005: ',' expected.
src/hooks/useInteractionAnimations.ts(150,2): error TS1005: ',' expected.
src/hooks/useInteractionAnimations.ts(153,14): error TS1005: ':' expected.
src/hooks/useInteractionAnimations.ts(160,2): error TS1005: ',' expected.
src/hooks/useInteractionAnimations.ts(162,8): error TS1005: ':' expected.
src/hooks/useInteractionAnimations.ts(162,16): error TS1005: ':' expected.
src/hooks/useInteractionAnimations.ts(162,40): error TS1005: ',' expected.
src/hooks/useInteractionAnimations.ts(164,2): error TS1005: '}' expected.
src/hooks/useNavigationSync.ts(15,1): error TS1131: Property or signature expected.
src/hooks/useNavigationSync.ts(45,10): error TS1128: Declaration or statement expected.
src/hooks/useNavigationSync.ts(46,6): error TS1128: Declaration or statement expected.
src/hooks/useNavigationSync.ts(56,4): error TS1128: Declaration or statement expected.
src/hooks/useNavigationSync.ts(56,99): error TS1005: ';' expected.
src/hooks/useNavigationSync.ts(69,4): error TS1128: Declaration or statement expected.
src/hooks/useNavigationSync.ts(69,36): error TS1005: ';' expected.
src/hooks/useNavigationSync.ts(75,4): error TS1128: Declaration or statement expected.
src/hooks/useNavigationSync.ts(75,64): error TS1005: ';' expected.
src/hooks/useNavigationSync.ts(119,4): error TS1128: Declaration or statement expected.
src/hooks/useNavigationSync.ts(119,15): error TS1005: ';' expected.
src/hooks/useNavigationSync.ts(153,1): error TS1128: Declaration or statement expected.
src/hooks/useNavigationTransitions.ts(11,1): error TS1131: Property or signature expected.
src/hooks/useNavigationTransitions.ts(13,1): error TS1128: Declaration or statement expected.
src/hooks/useNavigationTransitions.ts(14,1): error TS1128: Declaration or statement expected.
src/hooks/useNavigationTransitions.ts(42,4): error TS1128: Declaration or statement expected.
src/hooks/useNavigationTransitions.ts(42,45): error TS1005: ';' expected.
src/hooks/useNavigationTransitions.ts(49,3): error TS1131: Property or signature expected.
src/hooks/useNavigationTransitions.ts(79,6): error TS1128: Declaration or statement expected.
src/hooks/useNavigationTransitions.ts(79,8): error TS1434: Unexpected keyword or identifier.
src/hooks/useNavigationTransitions.ts(79,24): error TS1128: Declaration or statement expected.
src/hooks/useNavigationTransitions.ts(84,4): error TS1128: Declaration or statement expected.
src/hooks/useNavigationTransitions.ts(84,84): error TS1005: ';' expected.
src/hooks/useNavigationTransitions.ts(100,6): error TS1128: Declaration or statement expected.
src/hooks/useNavigationTransitions.ts(100,12): error TS1005: ';' expected.
src/hooks/useNavigationTransitions.ts(125,34): error TS1005: ';' expected.
src/hooks/useNavigationTransitions.ts(125,44): error TS1005: ';' expected.
src/hooks/useNavigationTransitions.ts(125,65): error TS1434: Unexpected keyword or identifier.
src/hooks/useNavigationTransitions.ts(125,85): error TS1434: Unexpected keyword or identifier.
src/hooks/useNavigationTransitions.ts(131,28): error TS1005: ';' expected.
src/hooks/useNavigationTransitions.ts(136,32): error TS1005: ';' expected.
src/hooks/useNavigationTransitions.ts(136,55): error TS1005: ';' expected.
src/hooks/useNavigationTransitions.ts(139,4): error TS1128: Declaration or statement expected.
src/hooks/useNavigationTransitions.ts(139,30): error TS1005: ';' expected.
src/hooks/useNavigationTransitions.ts(157,4): error TS1128: Declaration or statement expected.
src/hooks/useNavigationTransitions.ts(157,8): error TS1005: ';' expected.
src/hooks/useNavigationTransitions.ts(180,1): error TS1128: Declaration or statement expected.
src/hooks/useNavigationTransitions.ts(181,1): error TS1128: Declaration or statement expected.
src/hooks/usePerformanceMonitoring.ts(11,1): error TS1131: Property or signature expected.
src/hooks/usePerformanceMonitoring.ts(36,23): error TS1127: Invalid character.
src/hooks/usePerformanceMonitoring.ts(36,36): error TS1005: ',' expected.
src/hooks/usePerformanceMonitoring.ts(36,37): error TS1005: ',' expected.
src/hooks/usePerformanceMonitoring.ts(36,53): error TS1005: ',' expected.
src/hooks/usePerformanceMonitoring.ts(36,62): error TS1005: ',' expected.
src/hooks/usePerformanceMonitoring.ts(36,63): error TS1135: Argument expression expected.
src/hooks/usePerformanceMonitoring.ts(37,29): error TS1005: ',' expected.
src/hooks/usePerformanceMonitoring.ts(37,43): error TS1005: ',' expected.
src/hooks/usePerformanceMonitoring.ts(37,55): error TS1005: ',' expected.
src/hooks/usePerformanceMonitoring.ts(38,24): error TS1005: ',' expected.
src/hooks/usePerformanceMonitoring.ts(39,30): error TS1005: ',' expected.
src/hooks/usePerformanceMonitoring.ts(40,16): error TS1005: ':' expected.
src/hooks/usePerformanceMonitoring.ts(40,17): error TS1136: Property assignment expected.
src/hooks/usePerformanceMonitoring.ts(40,65): error TS1005: ',' expected.
src/hooks/usePerformanceMonitoring.ts(41,12): error TS1005: ';' expected.
src/hooks/usePerformanceMonitoring.ts(43,3): error TS1128: Declaration or statement expected.
src/hooks/usePerformanceMonitoring.ts(43,4): error TS1128: Declaration or statement expected.
src/hooks/usePerformanceMonitoring.ts(43,35): error TS1005: ';' expected.
src/hooks/usePerformanceMonitoring.ts(58,24): error TS1127: Invalid character.
src/hooks/usePerformanceMonitoring.ts(58,25): error TS1127: Invalid character.
src/hooks/usePerformanceMonitoring.ts(58,32): error TS1005: ',' expected.
src/hooks/usePerformanceMonitoring.ts(58,39): error TS1005: ',' expected.
src/hooks/usePerformanceMonitoring.ts(58,52): error TS1005: ',' expected.
src/hooks/usePerformanceMonitoring.ts(58,67): error TS1005: ',' expected.
src/hooks/usePerformanceMonitoring.ts(58,70): error TS1005: ',' expected.
src/hooks/usePerformanceMonitoring.ts(58,81): error TS1005: ',' expected.
src/hooks/usePerformanceMonitoring.ts(58,93): error TS1005: ',' expected.
src/hooks/usePerformanceMonitoring.ts(61,48): error TS1005: ',' expected.
src/hooks/usePerformanceMonitoring.ts(61,63): error TS1005: ',' expected.
src/hooks/usePerformanceMonitoring.ts(61,65): error TS1005: ',' expected.
src/hooks/usePerformanceMonitoring.ts(61,77): error TS1005: ',' expected.
src/hooks/usePerformanceMonitoring.ts(62,46): error TS1005: ',' expected.
src/hooks/usePerformanceMonitoring.ts(62,61): error TS1005: ',' expected.
src/hooks/usePerformanceMonitoring.ts(62,63): error TS1005: ',' expected.
src/hooks/usePerformanceMonitoring.ts(62,75): error TS1005: ',' expected.
src/hooks/usePerformanceMonitoring.ts(70,4): error TS1005: ',' expected.
src/hooks/usePerformanceMonitoring.ts(77,23): error TS1005: ',' expected.
src/hooks/usePerformanceMonitoring.ts(77,38): error TS1005: ',' expected.
src/hooks/usePerformanceMonitoring.ts(77,40): error TS1005: ',' expected.
src/hooks/usePerformanceMonitoring.ts(90,4): error TS1128: Declaration or statement expected.
src/hooks/usePerformanceMonitoring.ts(90,21): error TS1005: ';' expected.
src/hooks/usePerformanceMonitoring.ts(96,23): error TS1005: ',' expected.
src/hooks/usePerformanceMonitoring.ts(96,38): error TS1005: ',' expected.
src/hooks/usePerformanceMonitoring.ts(96,40): error TS1005: ',' expected.
src/hooks/usePerformanceMonitoring.ts(109,4): error TS1128: Declaration or statement expected.
src/hooks/usePerformanceMonitoring.ts(109,21): error TS1005: ';' expected.
src/hooks/usePerformanceMonitoring.ts(112,37): error TS1005: ',' expected.
src/hooks/usePerformanceMonitoring.ts(112,52): error TS1005: ',' expected.
src/hooks/usePerformanceMonitoring.ts(112,54): error TS1005: ',' expected.
src/hooks/usePerformanceMonitoring.ts(116,35): error TS1005: ',' expected.
src/hooks/usePerformanceMonitoring.ts(116,50): error TS1005: ',' expected.
src/hooks/usePerformanceMonitoring.ts(116,52): error TS1005: ',' expected.
src/hooks/usePerformanceMonitoring.ts(127,1): error TS1128: Declaration or statement expected.
src/hooks/usePerformanceMonitoring.ts(149,4): error TS1128: Declaration or statement expected.
src/hooks/usePerformanceMonitoring.ts(149,8): error TS1005: ';' expected.
src/hooks/usePerformanceMonitoring.ts(161,32): error TS1005: ',' expected.
src/hooks/usePerformanceMonitoring.ts(161,39): error TS1005: ',' expected.
src/hooks/usePerformanceMonitoring.ts(161,51): error TS1005: ',' expected.
src/hooks/usePerformanceMonitoring.ts(161,52): error TS1109: Expression expected.
src/hooks/usePerformanceMonitoring.ts(161,54): error TS1005: ',' expected.
src/hooks/usePerformanceMonitoring.ts(161,56): error TS1005: ',' expected.
src/hooks/usePerformanceMonitoring.ts(161,65): error TS1005: ',' expected.
src/hooks/usePerformanceMonitoring.ts(161,96): error TS1005: ')' expected.
src/hooks/usePerformanceMonitoring.ts(187,4): error TS1128: Declaration or statement expected.
src/hooks/usePerformanceMonitoring.ts(187,8): error TS1005: ';' expected.
src/hooks/usePerformanceMonitoring.ts(195,41): error TS1005: ',' expected.
src/hooks/usePerformanceMonitoring.ts(195,51): error TS1005: ',' expected.
src/hooks/usePerformanceMonitoring.ts(195,59): error TS1005: ',' expected.
src/hooks/usePerformanceMonitoring.ts(195,82): error TS1005: ',' expected.
src/hooks/usePerformanceMonitoring.ts(195,87): error TS1005: ',' expected.
src/hooks/usePerformanceMonitoring.ts(195,95): error TS1005: ',' expected.
src/hooks/usePerformanceMonitoring.ts(195,126): error TS1005: ')' expected.
src/hooks/usePerformanceMonitoring.ts(212,8): error TS1005: ',' expected.
src/hooks/usePerformanceMonitoring.ts(215,1): error TS1128: Declaration or statement expected.
src/hooks/usePerformanceMonitoring.ts(218,1): error TS1128: Declaration or statement expected.
src/hooks/usePerformanceMonitoring.ts(219,1): error TS1128: Declaration or statement expected.
src/hooks/usePushNotifications.ts(12,1): error TS1131: Property or signature expected.
src/hooks/usePushNotifications.ts(14,1): error TS1128: Declaration or statement expected.
src/hooks/usePushNotifications.ts(15,1): error TS1128: Declaration or statement expected.
src/hooks/usePushNotifications.ts(16,1): error TS1128: Declaration or statement expected.
src/hooks/usePushNotifications.ts(17,1): error TS1128: Declaration or statement expected.
src/hooks/usePushNotifications.ts(22,25): error TS1109: Expression expected.
src/hooks/usePushNotifications.ts(65,9): error TS1005: 'try' expected.
src/hooks/usePushNotifications.ts(75,4): error TS1472: 'catch' or 'finally' expected.
src/hooks/usePushNotifications.ts(75,8): error TS1005: ';' expected.
src/hooks/usePushNotifications.ts(100,7): error TS1005: 'try' expected.
src/hooks/usePushNotifications.ts(108,4): error TS1128: Declaration or statement expected.
src/hooks/usePushNotifications.ts(108,8): error TS1005: ';' expected.
src/hooks/usePushNotifications.ts(133,7): error TS1005: 'try' expected.
src/hooks/usePushNotifications.ts(141,4): error TS1128: Declaration or statement expected.
src/hooks/usePushNotifications.ts(141,8): error TS1005: ';' expected.
src/hooks/usePushNotifications.ts(157,7): error TS1005: 'try' expected.
src/hooks/usePushNotifications.ts(164,4): error TS1128: Declaration or statement expected.
src/hooks/usePushNotifications.ts(164,8): error TS1005: ';' expected.
src/hooks/usePushNotifications.ts(186,4): error TS1128: Declaration or statement expected.
src/hooks/usePushNotifications.ts(186,8): error TS1005: ';' expected.
src/hooks/usePushNotifications.ts(204,1): error TS1128: Declaration or statement expected.
src/hooks/usePushNotifications.ts(205,1): error TS1128: Declaration or statement expected.
src/hooks/useResponsive.ts(12,14): error TS1005: ';' expected.
src/hooks/useResponsive.ts(21,1): error TS1131: Property or signature expected.
src/hooks/useResponsive.ts(35,1): error TS1131: Property or signature expected.
src/hooks/useResponsive.ts(135,1): error TS1138: Parameter declaration expected.
src/hooks/useResponsive.ts(136,15): error TS1138: Parameter declaration expected.
src/hooks/useResponsive.ts(137,33): error TS1005: ',' expected.
src/hooks/useResponsive.ts(154,1): error TS1138: Parameter declaration expected.
src/hooks/useResponsive.ts(155,29): error TS1138: Parameter declaration expected.
src/hooks/useResponsive.ts(156,33): error TS1005: ',' expected.
src/hooks/useResponsive.ts(169,1): error TS1138: Parameter declaration expected.
src/hooks/useResponsive.ts(170,20): error TS1138: Parameter declaration expected.
src/hooks/useResponsive.ts(171,33): error TS1005: ',' expected.
src/hooks/useResponsive.ts(179,1): error TS1138: Parameter declaration expected.
src/hooks/useResponsive.ts(180,20): error TS1138: Parameter declaration expected.
src/hooks/useResponsive.ts(181,33): error TS1005: ',' expected.
src/hooks/useResponsive.ts(187,2): error TS1005: '}' expected.
src/hooks/useServiceWorker.ts(4,15): error TS1003: Identifier expected.
src/hooks/useServiceWorker.ts(5,13): error TS1003: Identifier expected.
src/hooks/useServiceWorker.ts(6,29): error TS1003: Identifier expected.
src/hooks/useServiceWorker.ts(7,16): error TS1003: Identifier expected.
src/hooks/useServiceWorker.ts(8,18): error TS1003: Identifier expected.
src/hooks/useServiceWorker.ts(9,15): error TS1005: ',' expected.
src/hooks/useServiceWorker.ts(11,10): error TS1003: Identifier expected.
src/hooks/useServiceWorker.ts(12,18): error TS1003: Identifier expected.
src/hooks/useServiceWorker.ts(13,28): error TS1003: Identifier expected.
src/hooks/useServiceWorker.ts(14,27): error TS1003: Identifier expected.
src/hooks/useServiceWorker.ts(15,16): error TS1005: ',' expected.
src/hooks/useServiceWorker.ts(28,1): error TS1131: Property or signature expected.
src/hooks/useServiceWorker.ts(30,1): error TS1128: Declaration or statement expected.
src/hooks/useServiceWorker.ts(31,1): error TS1128: Declaration or statement expected.
src/hooks/useServiceWorker.ts(32,23): error TS1109: Expression expected.
src/hooks/useServiceWorker.ts(33,21): error TS1109: Expression expected.
src/hooks/useServiceWorker.ts(90,6): error TS1005: ',' expected.
src/hooks/useServiceWorker.ts(91,4): error TS1128: Declaration or statement expected.
src/hooks/useServiceWorker.ts(91,25): error TS1005: ';' expected.
src/hooks/useServiceWorker.ts(111,4): error TS1128: Declaration or statement expected.
src/hooks/useServiceWorker.ts(111,8): error TS1005: ';' expected.
src/hooks/useServiceWorker.ts(120,4): error TS1128: Declaration or statement expected.
src/hooks/useServiceWorker.ts(120,8): error TS1005: ';' expected.
src/hooks/useServiceWorker.ts(144,4): error TS1128: Declaration or statement expected.
src/hooks/useServiceWorker.ts(144,55): error TS1005: ';' expected.
src/hooks/useServiceWorker.ts(217,10): error TS1128: Declaration or statement expected.
src/hooks/useServiceWorker.ts(217,16): error TS1005: ';' expected.
src/hooks/useServiceWorker.ts(234,4): error TS1128: Declaration or statement expected.
src/hooks/useServiceWorker.ts(234,72): error TS1005: ';' expected.
src/hooks/useServiceWorker.ts(272,7): error TS1005: 'try' expected.
src/hooks/useServiceWorker.ts(277,4): error TS1128: Declaration or statement expected.
src/hooks/useServiceWorker.ts(277,46): error TS1005: ';' expected.
src/hooks/useServiceWorker.ts(298,2): error TS1005: '}' expected.
src/hooks/useTheme.ts(26,1): error TS1131: Property or signature expected.
src/hooks/useTheme.ts(41,3): error TS1005: 'try' expected.
src/hooks/useTheme.ts(76,4): error TS1128: Declaration or statement expected.
src/hooks/useTheme.ts(76,8): error TS1005: ';' expected.
src/hooks/useTheme.ts(112,7): error TS1005: 'try' expected.
src/hooks/useTheme.ts(115,4): error TS1128: Declaration or statement expected.
src/hooks/useTheme.ts(115,18): error TS1005: ';' expected.
src/hooks/useTheme.ts(155,5): error TS1005: 'try' expected.
src/hooks/useTheme.ts(185,1): error TS1472: 'catch' or 'finally' expected.
src/hooks/useTheme.ts(185,2): error TS1005: '}' expected.
src/hooks/useValidationAnimation.ts(8,10): error TS1003: Identifier expected.
src/hooks/useValidationAnimation.ts(9,31): error TS1003: Identifier expected.
src/hooks/useValidationAnimation.ts(10,33): error TS1003: Identifier expected.
src/hooks/useValidationAnimation.ts(11,23): error TS1003: Identifier expected.
src/hooks/useValidationAnimation.ts(12,28): error TS1005: ',' expected.
src/hooks/useValidationAnimation.ts(21,1): error TS1131: Property or signature expected.
src/hooks/useValidationAnimation.ts(23,1): error TS1128: Declaration or statement expected.
src/hooks/useValidationAnimation.ts(24,1): error TS1128: Declaration or statement expected.
src/hooks/useValidationAnimation.ts(37,1): error TS1131: Property or signature expected.
src/hooks/useValidationAnimation.ts(37,40): error TS1109: Expression expected.
src/hooks/useValidationAnimation.ts(38,64): error TS1109: Expression expected.
src/hooks/useValidationAnimation.ts(41,1): error TS1128: Declaration or statement expected.
src/hooks/useValidationAnimation.ts(41,2): error TS1128: Declaration or statement expected.
src/hooks/useValidationAnimation.ts(41,58): error TS1005: ';' expected.
src/hooks/useValidationAnimation.ts(71,4): error TS1128: Declaration or statement expected.
src/hooks/useValidationAnimation.ts(71,23): error TS1005: ';' expected.
src/hooks/useValidationAnimation.ts(84,4): error TS1128: Declaration or statement expected.
src/hooks/useValidationAnimation.ts(84,23): error TS1005: ';' expected.
src/hooks/useValidationAnimation.ts(97,4): error TS1128: Declaration or statement expected.
src/hooks/useValidationAnimation.ts(97,23): error TS1005: ';' expected.
src/hooks/useValidationAnimation.ts(103,43): error TS1005: ']' expected.
src/hooks/useValidationAnimation.ts(103,50): error TS1005: ',' expected.
src/hooks/useValidationAnimation.ts(103,59): error TS1005: ',' expected.
src/hooks/useValidationAnimation.ts(103,62): error TS1005: ',' expected.
src/hooks/useValidationAnimation.ts(103,68): error TS1005: ',' expected.
src/hooks/useValidationAnimation.ts(103,94): error TS1005: ';' expected.
src/hooks/useValidationAnimation.ts(123,12): error TS1128: Declaration or statement expected.
src/hooks/useValidationAnimation.ts(123,14): error TS1434: Unexpected keyword or identifier.
src/hooks/useValidationAnimation.ts(123,19): error TS1128: Declaration or statement expected.
src/hooks/useValidationAnimation.ts(130,4): error TS1128: Declaration or statement expected.
src/hooks/useValidationAnimation.ts(130,39): error TS1005: ';' expected.
src/hooks/useValidationAnimation.ts(150,6): error TS1128: Declaration or statement expected.
src/hooks/useValidationAnimation.ts(150,8): error TS1434: Unexpected keyword or identifier.
src/hooks/useValidationAnimation.ts(150,18): error TS1128: Declaration or statement expected.
src/hooks/useValidationAnimation.ts(156,84): error TS1005: ';' expected.
src/hooks/useValidationAnimation.ts(164,8): error TS1005: ';' expected.
src/hooks/useValidationAnimation.ts(186,1): error TS1109: Expression expected.
src/hooks/useValidationAnimation.ts(187,31): error TS1109: Expression expected.
src/hooks/useValidationAnimation.ts(189,1): error TS1128: Declaration or statement expected.
src/hooks/useValidationAnimation.ts(189,3): error TS1128: Declaration or statement expected.
src/hooks/useValidationAnimation.ts(213,15): error TS1005: ';' expected.
src/hooks/useValidationAnimation.ts(226,1): error TS1109: Expression expected.
src/hooks/useValidationAnimation.ts(227,64): error TS1109: Expression expected.
src/hooks/useValidationAnimation.ts(229,1): error TS1128: Declaration or statement expected.
src/hooks/useValidationAnimation.ts(229,3): error TS1128: Declaration or statement expected.
src/hooks/useValidationAnimation.ts(246,4): error TS1128: Declaration or statement expected.
src/hooks/useValidationAnimation.ts(246,47): error TS1005: ';' expected.
src/hooks/useValidationAnimation.ts(265,1): error TS1128: Declaration or statement expected.
src/pages/BreadcrumbsDemo.tsx(13,3): error TS1005: ',' expected.
src/pages/BreadcrumbsDemo.tsx(23,3): error TS1005: ',' expected.
src/pages/BreadcrumbsDemo.tsx(81,14): error TS1109: Expression expected.
src/pages/BreadcrumbsDemo.tsx(82,11): error TS1109: Expression expected.
src/pages/BreadcrumbsDemo.tsx(165,2): error TS1109: Expression expected.
src/pages/BreadcrumbsDemo.tsx(165,3): error TS1109: Expression expected.
src/pages/BreadcrumbsDemo.tsx(165,4): error TS1003: Identifier expected.
src/pages/BreadcrumbsDemo.tsx(176,1): error TS1128: Declaration or statement expected.
src/pages/BreadcrumbsDemo.tsx(177,1): error TS1128: Declaration or statement expected.
src/pages/FeedbackDemo.tsx(8,22): error TS1003: Identifier expected.
src/pages/FeedbackDemo.tsx(9,22): error TS1003: Identifier expected.
src/pages/FeedbackDemo.tsx(10,24): error TS1003: Identifier expected.
src/pages/FeedbackDemo.tsx(11,29): error TS1003: Identifier expected.
src/pages/FeedbackDemo.tsx(12,26): error TS1003: Identifier expected.
src/pages/FeedbackDemo.tsx(13,18): error TS1005: ',' expected.
src/pages/FeedbackDemo.tsx(48,3): error TS1005: ',' expected.
src/pages/FeedbackDemo.tsx(110,15): error TS1005: '}' expected.
src/pages/FeedbackDemo.tsx(111,15): error TS1005: '}' expected.
src/pages/FeedbackDemo.tsx(130,13): error TS1005: '}' expected.
src/pages/FeedbackDemo.tsx(130,15): error TS17002: Expected corresponding JSX closing tag for 'div'.
src/pages/FeedbackDemo.tsx(131,13): error TS1381: Unexpected token. Did you mean `{'}'}` or `&rbrace;`?
src/pages/FeedbackDemo.tsx(171,19): error TS1005: '}' expected.
src/pages/FeedbackDemo.tsx(257,5): error TS1005: ')' expected.
src/pages/FeedbackDemo.tsx(258,3): error TS1109: Expression expected.
src/pages/FeedbackDemo.tsx(259,1): error TS1128: Declaration or statement expected.
src/pages/FeedbackDemo.tsx(262,1): error TS1128: Declaration or statement expected.
src/pages/IssuerDashboard.tsx(12,1): error TS1128: Declaration or statement expected.
src/pages/IssuerDashboard.tsx(16,1): error TS1128: Declaration or statement expected.
src/pages/IssuerDashboard.tsx(105,67): error TS1005: ',' expected.
src/pages/IssuerDashboard.tsx(105,79): error TS1005: ',' expected.
src/pages/IssuerDashboard.tsx(114,9): error TS1005: 'try' expected.
src/pages/IssuerDashboard.tsx(123,6): error TS1472: 'catch' or 'finally' expected.
src/pages/IssuerDashboard.tsx(123,66): error TS1005: ';' expected.
src/pages/IssuerDashboard.tsx(171,28): error TS1005: ',' expected.
src/pages/IssuerDashboard.tsx(171,35): error TS1005: ',' expected.
src/pages/IssuerDashboard.tsx(171,38): error TS1005: ',' expected.
src/pages/IssuerDashboard.tsx(171,39): error TS1005: ',' expected.
src/pages/IssuerDashboard.tsx(171,44): error TS1005: ',' expected.
src/pages/IssuerDashboard.tsx(172,20): error TS1005: ',' expected.
src/pages/IssuerDashboard.tsx(172,23): error TS1005: ',' expected.
src/pages/IssuerDashboard.tsx(172,28): error TS1005: ',' expected.
src/pages/IssuerDashboard.tsx(172,44): error TS1005: ',' expected.
src/pages/IssuerDashboard.tsx(172,49): error TS1005: ',' expected.
src/pages/IssuerDashboard.tsx(173,18): error TS1005: ',' expected.
src/pages/IssuerDashboard.tsx(174,18): error TS1005: ',' expected.
src/pages/IssuerDashboard.tsx(175,22): error TS1005: ',' expected.
src/pages/IssuerDashboard.tsx(176,7): error TS1135: Argument expression expected.
src/pages/IssuerDashboard.tsx(176,8): error TS1005: ',' expected.
src/pages/IssuerDashboard.tsx(176,9): error TS1134: Variable declaration expected.
src/pages/IssuerDashboard.tsx(194,26): error TS1005: ',' expected.
src/pages/IssuerDashboard.tsx(194,31): error TS1005: ',' expected.
src/pages/IssuerDashboard.tsx(194,35): error TS1005: ',' expected.
src/pages/IssuerDashboard.tsx(194,36): error TS1109: Expression expected.
src/pages/IssuerDashboard.tsx(194,38): error TS1128: Declaration or statement expected.
src/pages/IssuerDashboard.tsx(196,20): error TS1005: ';' expected.
src/pages/IssuerDashboard.tsx(197,24): error TS1005: ';' expected.
src/pages/IssuerDashboard.tsx(198,21): error TS1005: ';' expected.
src/pages/IssuerDashboard.tsx(199,26): error TS1005: ';' expected.
src/pages/IssuerDashboard.tsx(200,20): error TS1005: ';' expected.
src/pages/IssuerDashboard.tsx(201,18): error TS1005: ';' expected.
src/pages/IssuerDashboard.tsx(202,20): error TS1005: ';' expected.
src/pages/IssuerDashboard.tsx(203,42): error TS1005: ';' expected.
src/pages/IssuerDashboard.tsx(203,54): error TS1128: Declaration or statement expected.
src/pages/IssuerDashboard.tsx(204,10): error TS1472: 'catch' or 'finally' expected.
src/pages/IssuerDashboard.tsx(213,23): error TS1005: ',' expected.
src/pages/IssuerDashboard.tsx(213,35): error TS1005: ',' expected.
src/pages/IssuerDashboard.tsx(213,42): error TS1005: ',' expected.
src/pages/IssuerDashboard.tsx(213,45): error TS1005: ',' expected.
src/pages/IssuerDashboard.tsx(213,46): error TS1005: ',' expected.
src/pages/IssuerDashboard.tsx(213,55): error TS1005: ',' expected.
src/pages/IssuerDashboard.tsx(214,25): error TS1005: ',' expected.
src/pages/IssuerDashboard.tsx(214,34): error TS1005: ',' expected.
src/pages/IssuerDashboard.tsx(214,47): error TS1005: ',' expected.
src/pages/IssuerDashboard.tsx(214,50): error TS1005: ';' expected.
src/pages/IssuerDashboard.tsx(214,76): error TS1128: Declaration or statement expected.
src/pages/IssuerDashboard.tsx(216,20): error TS1005: ';' expected.
src/pages/IssuerDashboard.tsx(217,24): error TS1005: ';' expected.
src/pages/IssuerDashboard.tsx(218,9): error TS1109: Expression expected.
src/pages/IssuerDashboard.tsx(225,9): error TS1005: ',' expected.
src/pages/IssuerDashboard.tsx(227,15): error TS1005: ':' expected.
src/pages/IssuerDashboard.tsx(235,10): error TS1005: ',' expected.
src/pages/IssuerDashboard.tsx(256,32): error TS1005: ',' expected.
src/pages/IssuerDashboard.tsx(256,39): error TS1005: ',' expected.
src/pages/IssuerDashboard.tsx(256,42): error TS1005: ',' expected.
src/pages/IssuerDashboard.tsx(256,43): error TS1005: ',' expected.
src/pages/IssuerDashboard.tsx(256,52): error TS1005: ',' expected.
src/pages/IssuerDashboard.tsx(257,27): error TS1005: ',' expected.
src/pages/IssuerDashboard.tsx(257,36): error TS1005: ',' expected.
src/pages/IssuerDashboard.tsx(257,49): error TS1005: ',' expected.
src/pages/IssuerDashboard.tsx(257,52): error TS1005: ';' expected.
src/pages/IssuerDashboard.tsx(257,78): error TS1128: Declaration or statement expected.
src/pages/IssuerDashboard.tsx(259,22): error TS1005: ';' expected.
src/pages/IssuerDashboard.tsx(260,26): error TS1005: ';' expected.
src/pages/IssuerDashboard.tsx(261,11): error TS1109: Expression expected.
src/pages/IssuerDashboard.tsx(267,7): error TS1005: 'try' expected.
src/pages/IssuerDashboard.tsx(279,30): error TS1005: ',' expected.
src/pages/IssuerDashboard.tsx(279,42): error TS1005: ',' expected.
src/pages/IssuerDashboard.tsx(293,7): error TS1128: Declaration or statement expected.
src/pages/IssuerDashboard.tsx(304,7): error TS1128: Declaration or statement expected.
src/pages/IssuerDashboard.tsx(305,30): error TS1005: ',' expected.
src/pages/IssuerDashboard.tsx(305,42): error TS1005: ',' expected.
src/pages/IssuerDashboard.tsx(305,48): error TS1005: ',' expected.
src/pages/IssuerDashboard.tsx(305,51): error TS1005: ',' expected.
src/pages/IssuerDashboard.tsx(306,4): error TS1128: Declaration or statement expected.
src/pages/IssuerDashboard.tsx(306,8): error TS1005: ';' expected.
src/pages/IssuerDashboard.tsx(312,4): error TS1128: Declaration or statement expected.
src/pages/IssuerDashboard.tsx(312,56): error TS1005: ';' expected.
src/pages/IssuerDashboard.tsx(341,15): error TS1005: '}' expected.
src/pages/IssuerDashboard.tsx(424,1): error TS1128: Declaration or statement expected.
src/pages/IssuerDashboard.tsx(425,1): error TS1128: Declaration or statement expected.
src/pages/LayoutDemo.tsx(5,13): error TS1003: Identifier expected.
src/pages/LayoutDemo.tsx(6,9): error TS1003: Identifier expected.
src/pages/LayoutDemo.tsx(7,11): error TS1003: Identifier expected.
src/pages/LayoutDemo.tsx(8,13): error TS1003: Identifier expected.
src/pages/LayoutDemo.tsx(9,14): error TS1003: Identifier expected.
src/pages/LayoutDemo.tsx(10,7): error TS1005: ',' expected.
src/pages/LayoutDemo.tsx(32,5): error TS1136: Property assignment expected.
src/pages/LayoutDemo.tsx(43,9): error TS1136: Property assignment expected.
src/pages/LayoutDemo.tsx(48,7): error TS1005: ',' expected.
src/pages/LayoutDemo.tsx(55,5): error TS1136: Property assignment expected.
src/pages/LayoutDemo.tsx(60,5): error TS1136: Property assignment expected.
src/pages/LayoutDemo.tsx(65,3): error TS1005: ',' expected.
src/pages/LayoutDemo.tsx(81,5): error TS1136: Property assignment expected.
src/pages/LayoutDemo.tsx(93,3): error TS1005: ',' expected.
src/pages/LayoutDemo.tsx(217,5): error TS1005: '}' expected.
src/pages/LayoutDemo.tsx(218,3): error TS1109: Expression expected.
src/pages/LayoutDemo.tsx(219,1): error TS1128: Declaration or statement expected.
src/pages/LayoutDemo.tsx(222,1): error TS1128: Declaration or statement expected.
src/pages/LayoutDemo.tsx(223,1): error TS1128: Declaration or statement expected.
src/pages/MobileBreakpointDemo.tsx(12,18): error TS1003: Identifier expected.
src/pages/MobileBreakpointDemo.tsx(13,12): error TS1003: Identifier expected.
src/pages/MobileBreakpointDemo.tsx(14,15): error TS1003: Identifier expected.
src/pages/MobileBreakpointDemo.tsx(15,17): error TS1003: Identifier expected.
src/pages/MobileBreakpointDemo.tsx(16,18): error TS1003: Identifier expected.
src/pages/MobileBreakpointDemo.tsx(17,17): error TS1005: ',' expected.
src/pages/MobileBreakpointDemo.tsx(84,17): error TS1005: '}' expected.
src/pages/MobileBreakpointDemo.tsx(90,17): error TS1005: '}' expected.
src/pages/MobileBreakpointDemo.tsx(96,16): error TS1109: Expression expected.
src/pages/MobileBreakpointDemo.tsx(97,13): error TS1109: Expression expected.
src/pages/MobileBreakpointDemo.tsx(328,1): error TS1128: Declaration or statement expected.
src/pages/MobileBreakpointDemo.tsx(329,1): error TS1128: Declaration or statement expected.
src/pages/NavigationDemo.tsx(45,7): error TS1005: ',' expected.
src/pages/NavigationDemo.tsx(59,3): error TS1005: ',' expected.
src/pages/NavigationDemo.tsx(63,8): error TS17008: JSX element 'Container' has no corresponding closing tag.
src/pages/NavigationDemo.tsx(107,43): error TS1005: '}' expected.
src/pages/NavigationDemo.tsx(107,45): error TS1005: '...' expected.
src/pages/NavigationDemo.tsx(107,105): error TS1003: Identifier expected.
src/pages/NavigationDemo.tsx(107,106): error TS1382: Unexpected token. Did you mean `{'>'}` or `&gt;`?
src/pages/NavigationDemo.tsx(109,23): error TS17002: Expected corresponding JSX closing tag for 'div'.
src/pages/NavigationDemo.tsx(114,43): error TS1005: '}' expected.
src/pages/NavigationDemo.tsx(114,45): error TS1005: '...' expected.
src/pages/NavigationDemo.tsx(114,103): error TS1003: Identifier expected.
src/pages/NavigationDemo.tsx(114,104): error TS1382: Unexpected token. Did you mean `{'>'}` or `&gt;`?
src/pages/NavigationDemo.tsx(116,23): error TS17002: Expected corresponding JSX closing tag for 'div'.
src/pages/NavigationDemo.tsx(121,43): error TS1005: '}' expected.
src/pages/NavigationDemo.tsx(121,45): error TS1005: '...' expected.
src/pages/NavigationDemo.tsx(121,98): error TS1003: Identifier expected.
src/pages/NavigationDemo.tsx(121,99): error TS1382: Unexpected token. Did you mean `{'>'}` or `&gt;`?
src/pages/NavigationDemo.tsx(123,23): error TS17002: Expected corresponding JSX closing tag for 'div'.
src/pages/NavigationDemo.tsx(132,45): error TS1005: '}' expected.
src/pages/NavigationDemo.tsx(132,47): error TS1005: '...' expected.
src/pages/NavigationDemo.tsx(132,112): error TS1003: Identifier expected.
src/pages/NavigationDemo.tsx(132,113): error TS1382: Unexpected token. Did you mean `{'>'}` or `&gt;`?
src/pages/NavigationDemo.tsx(134,25): error TS17002: Expected corresponding JSX closing tag for 'div'.
src/pages/NavigationDemo.tsx(169,13): error TS1005: ')' expected.
src/pages/NavigationDemo.tsx(172,18): error TS1005: ';' expected.
src/pages/NavigationDemo.tsx(213,27): error TS17002: Expected corresponding JSX closing tag for 'div'.
src/pages/NavigationDemo.tsx(220,22): error TS1382: Unexpected token. Did you mean `{'>'}` or `&gt;`?
src/pages/NavigationDemo.tsx(240,15): error TS1128: Declaration or statement expected.
src/pages/NavigationDemo.tsx(241,13): error TS1109: Expression expected.
src/pages/NavigationDemo.tsx(242,11): error TS1109: Expression expected.
src/pages/NavigationDemo.tsx(243,9): error TS1109: Expression expected.
src/pages/NavigationDemo.tsx(244,7): error TS1109: Expression expected.
src/pages/NavigationDemo.tsx(245,5): error TS1109: Expression expected.
src/pages/NavigationDemo.tsx(246,3): error TS1109: Expression expected.
src/pages/NavigationDemo.tsx(247,1): error TS1128: Declaration or statement expected.
src/pages/NavigationDemo.tsx(250,1): error TS1128: Declaration or statement expected.
src/pages/NavigationStateDemo.tsx(59,7): error TS1005: ',' expected.
src/pages/NavigationStateDemo.tsx(72,3): error TS1005: ',' expected.
src/pages/NavigationStateDemo.tsx(223,19): error TS1005: '}' expected.
src/pages/NavigationStateDemo.tsx(235,41): error TS1005: ',' expected.
src/pages/NavigationStateDemo.tsx(235,47): error TS1005: ',' expected.
src/pages/NavigationStateDemo.tsx(237,19): error TS1005: '}' expected.
src/pages/NavigationStateDemo.tsx(255,1): error TS1128: Declaration or statement expected.
src/pages/NavigationStateDemo.tsx(256,1): error TS1128: Declaration or statement expected.
src/pages/PushNotificationDemo.tsx(54,11): error TS1005: ',' expected.
src/pages/PushNotificationDemo.tsx(56,7): error TS1136: Property assignment expected.
src/pages/PushNotificationDemo.tsx(72,11): error TS1005: ',' expected.
src/pages/PushNotificationDemo.tsx(73,5): error TS1005: ',' expected.
src/pages/PushNotificationDemo.tsx(104,25): error TS1005: ',' expected.
src/pages/PushNotificationDemo.tsx(104,28): error TS1005: ',' expected.
src/pages/PushNotificationDemo.tsx(104,35): error TS1005: ',' expected.
src/pages/PushNotificationDemo.tsx(104,46): error TS1005: ':' expected.
src/pages/PushNotificationDemo.tsx(105,20): error TS1005: ',' expected.
src/pages/PushNotificationDemo.tsx(106,9): error TS1005: ',' expected.
src/pages/PushNotificationDemo.tsx(106,10): error TS1128: Declaration or statement expected.
src/pages/PushNotificationDemo.tsx(106,11): error TS1128: Declaration or statement expected.
src/pages/PushNotificationDemo.tsx(130,35): error TS1005: '}' expected.
src/pages/PushNotificationDemo.tsx(130,50): error TS1005: '...' expected.
src/pages/PushNotificationDemo.tsx(130,94): error TS1003: Identifier expected.
src/pages/PushNotificationDemo.tsx(130,95): error TS1382: Unexpected token. Did you mean `{'>'}` or `&gt;`?
src/pages/PushNotificationDemo.tsx(148,35): error TS1005: '}' expected.
src/pages/PushNotificationDemo.tsx(148,50): error TS1005: '...' expected.
src/pages/PushNotificationDemo.tsx(148,151): error TS1003: Identifier expected.
src/pages/PushNotificationDemo.tsx(148,152): error TS1382: Unexpected token. Did you mean `{'>'}` or `&gt;`?
src/pages/PushNotificationDemo.tsx(168,35): error TS1005: '}' expected.
src/pages/PushNotificationDemo.tsx(168,50): error TS1005: '...' expected.
src/pages/PushNotificationDemo.tsx(168,96): error TS1003: Identifier expected.
src/pages/PushNotificationDemo.tsx(168,97): error TS1382: Unexpected token. Did you mean `{'>'}` or `&gt;`?
src/pages/PushNotificationDemo.tsx(183,9): error TS1005: ')' expected.
src/pages/PushNotificationDemo.tsx(269,38): error TS1005: '}' expected.
src/pages/PushNotificationDemo.tsx(270,25): error TS1005: '...' expected.
src/pages/PushNotificationDemo.tsx(273,24): error TS1003: Identifier expected.
src/pages/PushNotificationDemo.tsx(274,21): error TS1382: Unexpected token. Did you mean `{'>'}` or `&gt;`?
src/pages/PushNotificationDemo.tsx(294,20): error TS1005: '}' expected.
src/pages/PushNotificationDemo.tsx(294,21): error TS1381: Unexpected token. Did you mean `{'}'}` or `&rbrace;`?
src/pages/PushNotificationDemo.tsx(296,16): error TS1381: Unexpected token. Did you mean `{'}'}` or `&rbrace;`?
src/pages/PushNotificationDemo.tsx(307,9): error TS1128: Declaration or statement expected.
src/pages/PushNotificationDemo.tsx(310,14): error TS1005: ';' expected.
src/pages/PushNotificationDemo.tsx(311,11): error TS2657: JSX expressions must have one parent element.
src/pages/PushNotificationDemo.tsx(326,9): error TS1128: Declaration or statement expected.
src/pages/PushNotificationDemo.tsx(327,7): error TS1109: Expression expected.
src/pages/PushNotificationDemo.tsx(328,5): error TS1109: Expression expected.
src/pages/PushNotificationDemo.tsx(329,3): error TS1109: Expression expected.
src/pages/PushNotificationDemo.tsx(330,1): error TS1128: Declaration or statement expected.
src/pages/PushNotificationDemo.tsx(333,1): error TS1128: Declaration or statement expected.
src/pages/PushNotificationDemo.tsx(334,1): error TS1128: Declaration or statement expected.
src/pages/PWATestPage.tsx(27,7): error TS1005: 'try' expected.
src/pages/PWATestPage.tsx(200,33): error TS1005: ',' expected.
src/pages/PWATestPage.tsx(200,41): error TS1005: ',' expected.
src/pages/PWATestPage.tsx(200,45): error TS1005: ',' expected.
src/pages/PWATestPage.tsx(201,19): error TS1381: Unexpected token. Did you mean `{'}'}` or `&rbrace;`?
src/pages/PWATestPage.tsx(203,17): error TS1382: Unexpected token. Did you mean `{'>'}` or `&gt;`?
src/pages/PWATestPage.tsx(205,19): error TS17002: Expected corresponding JSX closing tag for 'div'.
src/pages/PWATestPage.tsx(210,40): error TS1005: ',' expected.
src/pages/PWATestPage.tsx(210,44): error TS1005: ',' expected.
src/pages/PWATestPage.tsx(211,19): error TS1381: Unexpected token. Did you mean `{'}'}` or `&rbrace;`?
src/pages/PWATestPage.tsx(213,17): error TS1382: Unexpected token. Did you mean `{'>'}` or `&gt;`?
src/pages/PWATestPage.tsx(215,19): error TS17002: Expected corresponding JSX closing tag for 'div'.
src/pages/PWATestPage.tsx(234,24): error TS1005: ';' expected.
src/pages/PWATestPage.tsx(235,17): error TS1128: Declaration or statement expected.
src/pages/PWATestPage.tsx(235,19): error TS17002: Expected corresponding JSX closing tag for 'div'.
src/pages/PWATestPage.tsx(240,11): error TS1005: ')' expected.
src/pages/PWATestPage.tsx(244,9): error TS1128: Declaration or statement expected.
src/pages/PWATestPage.tsx(298,7): error TS1128: Declaration or statement expected.
src/pages/PWATestPage.tsx(299,5): error TS1109: Expression expected.
src/pages/PWATestPage.tsx(300,3): error TS1109: Expression expected.
src/pages/PWATestPage.tsx(301,1): error TS1128: Declaration or statement expected.
src/pages/PWATestPage.tsx(304,1): error TS1128: Declaration or statement expected.
src/pages/PWATestPage.tsx(305,1): error TS1128: Declaration or statement expected.
src/pages/Settings.tsx(17,1): error TS1131: Property or signature expected.
src/pages/Settings.tsx(19,1): error TS1128: Declaration or statement expected.
src/pages/Settings.tsx(20,1): error TS1128: Declaration or statement expected.
src/pages/Settings.tsx(33,1): error TS1131: Property or signature expected.
src/pages/Settings.tsx(35,1): error TS1128: Declaration or statement expected.
src/pages/Settings.tsx(36,1): error TS1128: Declaration or statement expected.
src/pages/Settings.tsx(90,3): error TS1005: ',' expected.
src/pages/Settings.tsx(222,11): error TS1005: ',' expected.
src/pages/Settings.tsx(289,11): error TS1005: ',' expected.
src/pages/Settings.tsx(305,13): error TS1005: ',' expected.
src/pages/Settings.tsx(316,13): error TS1005: ',' expected.
src/pages/Settings.tsx(327,11): error TS1005: ',' expected.
src/pages/Settings.tsx(340,63): error TS1005: '}' expected.
src/pages/Settings.tsx(388,41): error TS1005: '}' expected.
src/pages/Settings.tsx(389,25): error TS1005: '...' expected.
src/pages/Settings.tsx(392,24): error TS1003: Identifier expected.
src/pages/Settings.tsx(393,21): error TS1005: ',' expected.
src/pages/Settings.tsx(394,23): error TS2657: JSX expressions must have one parent element.
src/pages/Settings.tsx(396,21): error TS1005: ',' expected.
src/pages/Settings.tsx(396,23): error TS17002: Expected corresponding JSX closing tag for 'nav'.
src/pages/Settings.tsx(398,17): error TS1381: Unexpected token. Did you mean `{'}'}` or `&rbrace;`?
src/pages/Settings.tsx(398,19): error TS1381: Unexpected token. Did you mean `{'}'}` or `&rbrace;`?
src/pages/Settings.tsx(399,17): error TS17002: Expected corresponding JSX closing tag for 'Card'.
src/pages/Settings.tsx(400,15): error TS17002: Expected corresponding JSX closing tag for 'div'.
src/pages/Settings.tsx(467,5): error TS1005: ')' expected.
src/pages/Settings.tsx(468,3): error TS1109: Expression expected.
src/pages/Settings.tsx(469,1): error TS1128: Declaration or statement expected.
src/pages/Settings.tsx(472,1): error TS1128: Declaration or statement expected.
src/pages/Settings.tsx(473,1): error TS1128: Declaration or statement expected.
src/pages/ThemeDemo.tsx(247,24): error TS1109: Expression expected.
src/pages/ThemeDemo.tsx(248,23): error TS2657: JSX expressions must have one parent element.
src/pages/ThemeDemo.tsx(250,21): error TS1005: '}' expected.
src/scripts/run-screen-reader-tests.ts(2,1): error TS18026: '#!' can only be used at the start of a file.
src/scripts/run-screen-reader-tests.ts(2,16): error TS1005: ';' expected.
src/scripts/run-screen-reader-tests.ts(18,11): error TS1005: '>' expected.
src/scripts/run-screen-reader-tests.ts(21,17): error TS1005: ',' expected.
src/scripts/run-screen-reader-tests.ts(21,24): error TS1005: ',' expected.
src/scripts/run-screen-reader-tests.ts(21,33): error TS1161: Unterminated regular expression literal.
src/scripts/run-screen-reader-tests.ts(22,3): error TS1477: An instantiation expression cannot be followed by a property access.
src/scripts/run-screen-reader-tests.ts(23,14): error TS1005: ',' expected.
src/scripts/run-screen-reader-tests.ts(24,25): error TS1005: ',' expected.
src/scripts/run-screen-reader-tests.ts(25,15): error TS1351: An identifier or keyword cannot immediately follow a numeric literal.
src/scripts/run-screen-reader-tests.ts(25,17): error TS1005: ',' expected.
src/scripts/run-screen-reader-tests.ts(26,16): error TS1351: An identifier or keyword cannot immediately follow a numeric literal.
src/scripts/run-screen-reader-tests.ts(26,18): error TS1005: ',' expected.
src/scripts/run-screen-reader-tests.ts(27,17): error TS1005: ',' expected.
src/scripts/run-screen-reader-tests.ts(28,17): error TS1351: An identifier or keyword cannot immediately follow a numeric literal.
src/scripts/run-screen-reader-tests.ts(28,19): error TS1005: ',' expected.
src/scripts/run-screen-reader-tests.ts(29,23): error TS1005: ',' expected.
src/scripts/run-screen-reader-tests.ts(30,29): error TS1005: ',' expected.
src/scripts/run-screen-reader-tests.ts(31,12): error TS1005: ',' expected.
src/scripts/run-screen-reader-tests.ts(31,18): error TS1005: ',' expected.
src/scripts/run-screen-reader-tests.ts(31,26): error TS1005: ')' expected.
src/scripts/run-screen-reader-tests.ts(35,10): error TS1005: ';' expected.
src/scripts/run-screen-reader-tests.ts(36,11): error TS1005: ';' expected.
src/scripts/run-screen-reader-tests.ts(37,13): error TS1005: ';' expected.
src/scripts/run-screen-reader-tests.ts(37,14): error TS1434: Unexpected keyword or identifier.
src/scripts/run-screen-reader-tests.ts(38,17): error TS1351: An identifier or keyword cannot immediately follow a numeric literal.
src/scripts/run-screen-reader-tests.ts(38,20): error TS1434: Unexpected keyword or identifier.
src/scripts/run-screen-reader-tests.ts(38,26): error TS1127: Invalid character.
src/scripts/run-screen-reader-tests.ts(38,27): error TS1005: ';' expected.
src/scripts/run-screen-reader-tests.ts(38,28): error TS1005: ';' expected.
src/scripts/run-screen-reader-tests.ts(38,28): error TS1351: An identifier or keyword cannot immediately follow a numeric literal.
src/scripts/run-screen-reader-tests.ts(39,21): error TS1005: ';' expected.
src/scripts/run-screen-reader-tests.ts(39,24): error TS1351: An identifier or keyword cannot immediately follow a numeric literal.
src/scripts/run-screen-reader-tests.ts(41,18): error TS1005: ',' expected.
src/scripts/run-screen-reader-tests.ts(41,27): error TS1005: ';' expected.
src/scripts/run-screen-reader-tests.ts(42,19): error TS1005: ';' expected.
src/scripts/run-screen-reader-tests.ts(43,4): error TS1110: Type expected.
src/scripts/run-screen-reader-tests.ts(43,5): error TS1161: Unterminated regular expression literal.
src/scripts/run-screen-reader-tests.ts(44,3): error TS1161: Unterminated regular expression literal.
src/scripts/run-screen-reader-tests.ts(46,8): error TS1005: '>' expected.
src/scripts/run-screen-reader-tests.ts(46,10): error TS1005: ';' expected.
src/scripts/run-screen-reader-tests.ts(46,19): error TS1110: Type expected.
src/scripts/run-screen-reader-tests.ts(46,20): error TS1161: Unterminated regular expression literal.
src/scripts/run-screen-reader-tests.ts(47,3): error TS1161: Unterminated regular expression literal.
src/scripts/run-screen-reader-tests.ts(48,3): error TS1161: Unterminated regular expression literal.
src/scripts/run-screen-reader-tests.ts(53,2): error TS1005: ';' expected.
src/scripts/run-screen-reader-tests.ts(75,13): error TS1005: '>' expected.
src/scripts/run-screen-reader-tests.ts(75,15): error TS1005: ';' expected.
src/scripts/run-screen-reader-tests.ts(75,31): error TS1005: ';' expected.
src/scripts/run-screen-reader-tests.ts(75,41): error TS1005: ';' expected.
src/scripts/run-screen-reader-tests.ts(75,68): error TS1005: ';' expected.
src/scripts/run-screen-reader-tests.ts(75,72): error TS1161: Unterminated regular expression literal.
src/scripts/run-screen-reader-tests.ts(76,13): error TS1005: ';' expected.
src/scripts/run-screen-reader-tests.ts(76,34): error TS1005: ';' expected.
src/scripts/run-screen-reader-tests.ts(76,53): error TS1005: ';' expected.
src/scripts/run-screen-reader-tests.ts(76,82): error TS1161: Unterminated regular expression literal.
src/scripts/run-screen-reader-tests.ts(77,13): error TS1005: ';' expected.
src/scripts/run-screen-reader-tests.ts(77,33): error TS1005: ';' expected.
src/scripts/run-screen-reader-tests.ts(77,43): error TS1005: ';' expected.
src/scripts/run-screen-reader-tests.ts(77,61): error TS1005: ';' expected.
src/scripts/run-screen-reader-tests.ts(77,77): error TS1005: ';' expected.
src/scripts/run-screen-reader-tests.ts(78,13): error TS1005: '>' expected.
src/scripts/run-screen-reader-tests.ts(78,18): error TS1005: '{' expected.
src/scripts/run-screen-reader-tests.ts(78,36): error TS1005: ';' expected.
src/scripts/run-screen-reader-tests.ts(78,40): error TS1110: Type expected.
src/scripts/run-screen-reader-tests.ts(78,41): error TS1161: Unterminated regular expression literal.
src/scripts/run-screen-reader-tests.ts(80,7): error TS1161: Unterminated regular expression literal.
src/scripts/run-screen-reader-tests.ts(81,10): error TS1005: ';' expected.
src/scripts/run-screen-reader-tests.ts(81,28): error TS1005: ';' expected.
src/scripts/run-screen-reader-tests.ts(81,33): error TS1005: '{' expected.
src/scripts/run-screen-reader-tests.ts(81,49): error TS1005: ';' expected.
src/scripts/run-screen-reader-tests.ts(81,56): error TS1228: A type predicate is only allowed in return type position for functions and methods.
src/scripts/run-screen-reader-tests.ts(81,59): error TS1434: Unexpected keyword or identifier.
src/scripts/run-screen-reader-tests.ts(81,69): error TS1434: Unexpected keyword or identifier.
src/scripts/run-screen-reader-tests.ts(81,80): error TS1434: Unexpected keyword or identifier.
src/scripts/run-screen-reader-tests.ts(81,94): error TS1161: Unterminated regular expression literal.
src/scripts/run-screen-reader-tests.ts(82,13): error TS1005: ';' expected.
src/scripts/run-screen-reader-tests.ts(82,32): error TS1005: ';' expected.
src/scripts/run-screen-reader-tests.ts(82,42): error TS1005: ';' expected.
src/scripts/run-screen-reader-tests.ts(82,59): error TS1005: ';' expected.
src/scripts/run-screen-reader-tests.ts(82,71): error TS1005: ';' expected.
src/scripts/run-screen-reader-tests.ts(82,88): error TS1161: Unterminated regular expression literal.
src/scripts/run-screen-reader-tests.ts(83,13): error TS1005: ';' expected.
src/scripts/run-screen-reader-tests.ts(83,30): error TS1005: ';' expected.
src/scripts/run-screen-reader-tests.ts(83,40): error TS1005: ';' expected.
src/scripts/run-screen-reader-tests.ts(83,55): error TS1005: ';' expected.
src/scripts/run-screen-reader-tests.ts(83,68): error TS1005: ';' expected.
src/scripts/run-screen-reader-tests.ts(83,77): error TS1005: ';' expected.
src/scripts/run-screen-reader-tests.ts(83,90): error TS1005: ';' expected.
src/scripts/run-screen-reader-tests.ts(83,104): error TS1161: Unterminated regular expression literal.
src/scripts/run-screen-reader-tests.ts(84,9): error TS1005: ';' expected.
src/scripts/run-screen-reader-tests.ts(84,19): error TS1005: ';' expected.
src/scripts/run-screen-reader-tests.ts(85,14): error TS1005: '>' expected.
src/scripts/run-screen-reader-tests.ts(85,18): error TS1005: ';' expected.
src/scripts/run-screen-reader-tests.ts(85,33): error TS1005: ';' expected.
src/scripts/run-screen-reader-tests.ts(86,14): error TS1005: '>' expected.
src/scripts/run-screen-reader-tests.ts(86,18): error TS1005: ';' expected.
src/scripts/run-screen-reader-tests.ts(86,33): error TS1005: ';' expected.
src/scripts/run-screen-reader-tests.ts(87,6): error TS1110: Type expected.
src/scripts/run-screen-reader-tests.ts(87,7): error TS1161: Unterminated regular expression literal.
src/scripts/run-screen-reader-tests.ts(97,3): error TS1005: ',' expected.
src/scripts/run-screen-reader-tests.ts(102,11): error TS1005: '>' expected.
src/scripts/run-screen-reader-tests.ts(102,13): error TS1005: ';' expected.
src/scripts/run-screen-reader-tests.ts(104,16): error TS1005: '>' expected.
src/scripts/run-screen-reader-tests.ts(104,19): error TS1005: '(' expected.
src/scripts/run-screen-reader-tests.ts(104,33): error TS1005: ';' expected.
src/scripts/run-screen-reader-tests.ts(104,54): error TS1005: ';' expected.
src/scripts/run-screen-reader-tests.ts(104,60): error TS1161: Unterminated regular expression literal.
src/scripts/run-screen-reader-tests.ts(105,16): error TS1005: ')' expected.
src/scripts/run-screen-reader-tests.ts(105,28): error TS1005: ';' expected.
src/scripts/run-screen-reader-tests.ts(105,44): error TS1005: ';' expected.
src/scripts/run-screen-reader-tests.ts(105,59): error TS1005: ';' expected.
src/scripts/run-screen-reader-tests.ts(105,73): error TS1005: ';' expected.
src/scripts/run-screen-reader-tests.ts(105,89): error TS1005: ';' expected.
src/scripts/run-screen-reader-tests.ts(105,102): error TS1005: ';' expected.
src/scripts/run-screen-reader-tests.ts(106,14): error TS1005: '>' expected.
src/scripts/run-screen-reader-tests.ts(106,16): error TS1005: ';' expected.
src/scripts/run-screen-reader-tests.ts(106,29): error TS1005: ';' expected.
src/scripts/run-screen-reader-tests.ts(106,34): error TS1005: '{' expected.
src/scripts/run-screen-reader-tests.ts(106,51): error TS1005: ';' expected.
src/scripts/run-screen-reader-tests.ts(106,56): error TS1434: Unexpected keyword or identifier.
src/scripts/run-screen-reader-tests.ts(106,61): error TS1434: Unexpected keyword or identifier.
src/scripts/run-screen-reader-tests.ts(106,73): error TS1161: Unterminated regular expression literal.
src/scripts/run-screen-reader-tests.ts(107,9): error TS1161: Unterminated regular expression literal.
src/scripts/run-screen-reader-tests.ts(110,16): error TS1005: '>' expected.
src/scripts/run-screen-reader-tests.ts(110,19): error TS1005: '(' expected.
src/scripts/run-screen-reader-tests.ts(110,34): error TS1005: ';' expected.
src/scripts/run-screen-reader-tests.ts(110,57): error TS1005: ';' expected.
src/scripts/run-screen-reader-tests.ts(110,66): error TS1161: Unterminated regular expression literal.
src/scripts/run-screen-reader-tests.ts(111,16): error TS1005: ')' expected.
src/scripts/run-screen-reader-tests.ts(111,29): error TS1005: ';' expected.
src/scripts/run-screen-reader-tests.ts(111,46): error TS1005: ';' expected.
src/scripts/run-screen-reader-tests.ts(111,61): error TS1005: ';' expected.
src/scripts/run-screen-reader-tests.ts(111,76): error TS1005: ';' expected.
src/scripts/run-screen-reader-tests.ts(111,92): error TS1005: ';' expected.
src/scripts/run-screen-reader-tests.ts(111,107): error TS1005: ';' expected.
src/scripts/run-screen-reader-tests.ts(111,119): error TS1005: ';' expected.
src/scripts/run-screen-reader-tests.ts(111,127): error TS1005: ';' expected.
src/scripts/run-screen-reader-tests.ts(112,14): error TS1005: '>' expected.
src/scripts/run-screen-reader-tests.ts(112,16): error TS1005: ';' expected.
src/scripts/run-screen-reader-tests.ts(112,31): error TS1005: ';' expected.
src/scripts/run-screen-reader-tests.ts(112,51): error TS1005: ';' expected.
src/scripts/run-screen-reader-tests.ts(112,57): error TS1434: Unexpected keyword or identifier.
src/scripts/run-screen-reader-tests.ts(112,59): error TS1434: Unexpected keyword or identifier.
src/scripts/run-screen-reader-tests.ts(112,65): error TS1434: Unexpected keyword or identifier.
src/scripts/run-screen-reader-tests.ts(112,80): error TS1161: Unterminated regular expression literal.
src/scripts/run-screen-reader-tests.ts(113,9): error TS1161: Unterminated regular expression literal.
src/scripts/run-screen-reader-tests.ts(116,16): error TS1005: '>' expected.
src/scripts/run-screen-reader-tests.ts(116,19): error TS1005: '(' expected.
src/scripts/run-screen-reader-tests.ts(116,35): error TS1005: ';' expected.
src/scripts/run-screen-reader-tests.ts(116,62): error TS1161: Unterminated regular expression literal.
src/scripts/run-screen-reader-tests.ts(117,17): error TS1005: ';' expected.
src/scripts/run-screen-reader-tests.ts(117,35): error TS1005: ')' expected.
src/scripts/run-screen-reader-tests.ts(117,50): error TS1005: ';' expected.
src/scripts/run-screen-reader-tests.ts(117,66): error TS1005: ';' expected.
src/scripts/run-screen-reader-tests.ts(118,19): error TS1005: '>' expected.
src/scripts/run-screen-reader-tests.ts(118,24): error TS1005: ';' expected.
src/scripts/run-screen-reader-tests.ts(118,35): error TS1005: ';' expected.
src/scripts/run-screen-reader-tests.ts(118,46): error TS1161: Unterminated regular expression literal.
src/scripts/run-screen-reader-tests.ts(119,19): error TS1005: ';' expected.
src/scripts/run-screen-reader-tests.ts(119,37): error TS1005: ';' expected.
src/scripts/run-screen-reader-tests.ts(119,45): error TS1161: Unterminated regular expression literal.
src/scripts/run-screen-reader-tests.ts(120,19): error TS1005: ';' expected.
src/scripts/run-screen-reader-tests.ts(120,38): error TS1161: Unterminated regular expression literal.
src/scripts/run-screen-reader-tests.ts(121,19): error TS1005: ';' expected.
src/scripts/run-screen-reader-tests.ts(121,37): error TS1005: ';' expected.
src/scripts/run-screen-reader-tests.ts(121,46): error TS1161: Unterminated regular expression literal.
src/scripts/run-screen-reader-tests.ts(122,11): error TS1161: Unterminated regular expression literal.
src/scripts/run-screen-reader-tests.ts(123,9): error TS1161: Unterminated regular expression literal.
src/scripts/run-screen-reader-tests.ts(126,16): error TS1005: '>' expected.
src/scripts/run-screen-reader-tests.ts(126,19): error TS1005: '(' expected.
src/scripts/run-screen-reader-tests.ts(126,37): error TS1005: ';' expected.
src/scripts/run-screen-reader-tests.ts(126,67): error TS1161: Unterminated regular expression literal.
src/scripts/run-screen-reader-tests.ts(127,19): error TS1005: ';' expected.
src/scripts/run-screen-reader-tests.ts(127,39): error TS1005: ')' expected.
src/scripts/run-screen-reader-tests.ts(127,54): error TS1005: ';' expected.
src/scripts/run-screen-reader-tests.ts(127,72): error TS1005: ';' expected.
src/scripts/run-screen-reader-tests.ts(127,88): error TS1005: ';' expected.
src/scripts/run-screen-reader-tests.ts(127,106): error TS1110: Type expected.
src/scripts/run-screen-reader-tests.ts(127,107): error TS1161: Unterminated regular expression literal.
src/scripts/run-screen-reader-tests.ts(128,14): error TS1005: ';' expected.
src/scripts/run-screen-reader-tests.ts(128,33): error TS1005: ';' expected.
src/scripts/run-screen-reader-tests.ts(128,38): error TS1005: '{' expected.
src/scripts/run-screen-reader-tests.ts(128,57): error TS1005: ';' expected.
src/scripts/run-screen-reader-tests.ts(128,59): error TS1434: Unexpected keyword or identifier.
src/scripts/run-screen-reader-tests.ts(128,63): error TS1434: Unexpected keyword or identifier.
src/scripts/run-screen-reader-tests.ts(128,67): error TS1434: Unexpected keyword or identifier.
src/scripts/run-screen-reader-tests.ts(128,88): error TS1161: Unterminated regular expression literal.
src/scripts/run-screen-reader-tests.ts(129,9): error TS1161: Unterminated regular expression literal.
src/scripts/run-screen-reader-tests.ts(132,30): error TS1005: ';' expected.
src/scripts/run-screen-reader-tests.ts(132,43): error TS1161: Unterminated regular expression literal.
src/scripts/run-screen-reader-tests.ts(134,18): error TS1005: '>' expected.
src/scripts/run-screen-reader-tests.ts(134,22): error TS1005: ';' expected.
src/scripts/run-screen-reader-tests.ts(134,34): error TS1005: ';' expected.
src/scripts/run-screen-reader-tests.ts(134,59): error TS1005: ';' expected.
src/scripts/run-screen-reader-tests.ts(134,75): error TS1005: ';' expected.
src/scripts/run-screen-reader-tests.ts(135,18): error TS1005: '>' expected.
src/scripts/run-screen-reader-tests.ts(135,21): error TS1005: '(' expected.
src/scripts/run-screen-reader-tests.ts(135,50): error TS1005: ';' expected.
src/scripts/run-screen-reader-tests.ts(135,65): error TS1161: Unterminated regular expression literal.
src/scripts/run-screen-reader-tests.ts(136,16): error TS1005: ';' expected.
src/scripts/run-screen-reader-tests.ts(136,38): error TS1005: ')' expected.
src/scripts/run-screen-reader-tests.ts(136,43): error TS1005: '{' expected.
src/scripts/run-screen-reader-tests.ts(136,62): error TS1005: ';' expected.
src/scripts/run-screen-reader-tests.ts(136,70): error TS1434: Unexpected keyword or identifier.
src/scripts/run-screen-reader-tests.ts(136,81): error TS1161: Unterminated regular expression literal.
src/scripts/run-screen-reader-tests.ts(137,11): error TS1161: Unterminated regular expression literal.
src/scripts/run-screen-reader-tests.ts(139,18): error TS1005: '>' expected.
src/scripts/run-screen-reader-tests.ts(139,22): error TS1005: ';' expected.
src/scripts/run-screen-reader-tests.ts(139,31): error TS1005: ';' expected.
src/scripts/run-screen-reader-tests.ts(139,42): error TS1005: ';' expected.
src/scripts/run-screen-reader-tests.ts(139,59): error TS1005: ';' expected.
src/scripts/run-screen-reader-tests.ts(140,18): error TS1005: '>' expected.
src/scripts/run-screen-reader-tests.ts(140,21): error TS1005: '(' expected.
src/scripts/run-screen-reader-tests.ts(140,37): error TS1161: Unterminated regular expression literal.
src/scripts/run-screen-reader-tests.ts(141,11): error TS1161: Unterminated regular expression literal.
src/scripts/run-screen-reader-tests.ts(143,18): error TS1005: '>' expected.
src/scripts/run-screen-reader-tests.ts(143,22): error TS1005: ';' expected.
src/scripts/run-screen-reader-tests.ts(143,31): error TS1005: ';' expected.
src/scripts/run-screen-reader-tests.ts(143,43): error TS1005: ')' expected.
src/scripts/run-screen-reader-tests.ts(143,60): error TS1005: ';' expected.
src/scripts/run-screen-reader-tests.ts(144,18): error TS1005: '>' expected.
src/scripts/run-screen-reader-tests.ts(144,21): error TS1005: '(' expected.
src/scripts/run-screen-reader-tests.ts(144,39): error TS1161: Unterminated regular expression literal.
src/scripts/run-screen-reader-tests.ts(145,11): error TS1161: Unterminated regular expression literal.
src/scripts/run-screen-reader-tests.ts(146,9): error TS1161: Unterminated regular expression literal.
src/scripts/run-screen-reader-tests.ts(147,7): error TS1161: Unterminated regular expression literal.
src/scripts/run-screen-reader-tests.ts(159,3): error TS1005: ',' expected.
src/scripts/run-screen-reader-tests.ts(159,4): error TS1005: ')' expected.
src/scripts/run-screen-reader-tests.ts(164,13): error TS1005: '>' expected.
src/scripts/run-screen-reader-tests.ts(164,15): error TS1005: ';' expected.
src/scripts/run-screen-reader-tests.ts(164,32): error TS1005: ';' expected.
src/scripts/run-screen-reader-tests.ts(164,45): error TS1005: ';' expected.
src/scripts/run-screen-reader-tests.ts(164,64): error TS1005: ';' expected.
src/scripts/run-screen-reader-tests.ts(164,71): error TS1161: Unterminated regular expression literal.
src/scripts/run-screen-reader-tests.ts(165,10): error TS1005: ';' expected.
src/scripts/run-screen-reader-tests.ts(165,26): error TS1005: ';' expected.
src/scripts/run-screen-reader-tests.ts(165,40): error TS1005: ';' expected.
src/scripts/run-screen-reader-tests.ts(165,50): error TS1005: ';' expected.
src/scripts/run-screen-reader-tests.ts(165,58): error TS1005: ';' expected.
src/scripts/run-screen-reader-tests.ts(165,73): error TS1005: ';' expected.
src/scripts/run-screen-reader-tests.ts(165,88): error TS1005: ';' expected.
src/scripts/run-screen-reader-tests.ts(165,104): error TS1005: ';' expected.
src/scripts/run-screen-reader-tests.ts(165,118): error TS1005: ';' expected.
src/scripts/run-screen-reader-tests.ts(166,11): error TS1005: '>' expected.
src/scripts/run-screen-reader-tests.ts(166,13): error TS1005: ';' expected.
src/scripts/run-screen-reader-tests.ts(166,33): error TS1005: ';' expected.
src/scripts/run-screen-reader-tests.ts(166,40): error TS1161: Unterminated regular expression literal.
src/scripts/run-screen-reader-tests.ts(167,12): error TS1005: ';' expected.
src/scripts/run-screen-reader-tests.ts(167,28): error TS1005: ';' expected.
src/scripts/run-screen-reader-tests.ts(167,33): error TS1005: '{' expected.
src/scripts/run-screen-reader-tests.ts(167,49): error TS1005: ';' expected.
src/scripts/run-screen-reader-tests.ts(167,52): error TS1434: Unexpected keyword or identifier.
src/scripts/run-screen-reader-tests.ts(167,54): error TS1434: Unexpected keyword or identifier.
src/scripts/run-screen-reader-tests.ts(167,59): error TS1434: Unexpected keyword or identifier.
src/scripts/run-screen-reader-tests.ts(167,79): error TS1005: ';' expected.
src/scripts/run-screen-reader-tests.ts(167,86): error TS1434: Unexpected keyword or identifier.
src/scripts/run-screen-reader-tests.ts(167,95): error TS1003: Identifier expected.
src/scripts/run-screen-reader-tests.ts(167,97): error TS1161: Unterminated regular expression literal.
src/scripts/run-screen-reader-tests.ts(168,16): error TS1005: ';' expected.
src/scripts/run-screen-reader-tests.ts(168,24): error TS1434: Unexpected keyword or identifier.
src/scripts/run-screen-reader-tests.ts(168,34): error TS1003: Identifier expected.
src/scripts/run-screen-reader-tests.ts(168,36): error TS1161: Unterminated regular expression literal.
src/scripts/run-screen-reader-tests.ts(169,15): error TS1005: ';' expected.
src/scripts/run-screen-reader-tests.ts(169,41): error TS1161: Unterminated regular expression literal.
src/scripts/run-screen-reader-tests.ts(170,15): error TS1005: ';' expected.
src/scripts/run-screen-reader-tests.ts(170,32): error TS1005: ';' expected.
src/scripts/run-screen-reader-tests.ts(170,42): error TS1005: ';' expected.
src/scripts/run-screen-reader-tests.ts(170,57): error TS1127: Invalid character.
src/scripts/run-screen-reader-tests.ts(170,59): error TS1110: Type expected.
src/scripts/run-screen-reader-tests.ts(170,60): error TS1161: Unterminated regular expression literal.
src/scripts/run-screen-reader-tests.ts(171,7): error TS1161: Unterminated regular expression literal.
src/scripts/run-screen-reader-tests.ts(178,3): error TS1005: ',' expected.
src/scripts/run-screen-reader-tests.ts(183,10): error TS1005: '>' expected.
src/scripts/run-screen-reader-tests.ts(183,14): error TS1005: ';' expected.
src/scripts/run-screen-reader-tests.ts(183,28): error TS1005: ';' expected.
src/scripts/run-screen-reader-tests.ts(183,38): error TS1005: ';' expected.
src/scripts/run-screen-reader-tests.ts(184,11): error TS1005: '>' expected.
src/scripts/run-screen-reader-tests.ts(184,15): error TS1005: ';' expected.
src/scripts/run-screen-reader-tests.ts(185,13): error TS1005: '>' expected.
src/scripts/run-screen-reader-tests.ts(185,17): error TS1005: ';' expected.
src/scripts/run-screen-reader-tests.ts(186,14): error TS1005: '>' expected.
src/scripts/run-screen-reader-tests.ts(186,18): error TS1005: ';' expected.
src/scripts/run-screen-reader-tests.ts(186,23): error TS1005: ';' expected.
src/scripts/run-screen-reader-tests.ts(186,39): error TS1005: ';' expected.
src/scripts/run-screen-reader-tests.ts(186,51): error TS1005: ';' expected.
src/scripts/run-screen-reader-tests.ts(186,65): error TS1161: Unterminated regular expression literal.
src/scripts/run-screen-reader-tests.ts(187,11): error TS1161: Unterminated regular expression literal.
src/scripts/run-screen-reader-tests.ts(188,13): error TS1005: ';' expected.
src/scripts/run-screen-reader-tests.ts(189,14): error TS1005: '>' expected.
src/scripts/run-screen-reader-tests.ts(189,18): error TS1005: ';' expected.
src/scripts/run-screen-reader-tests.ts(189,28): error TS1005: ';' expected.
src/scripts/run-screen-reader-tests.ts(189,51): error TS1161: Unterminated regular expression literal.
src/scripts/run-screen-reader-tests.ts(190,11): error TS1161: Unterminated regular expression literal.
src/scripts/run-screen-reader-tests.ts(191,13): error TS1005: ';' expected.
src/scripts/run-screen-reader-tests.ts(192,19): error TS1005: '>' expected.
src/scripts/run-screen-reader-tests.ts(192,23): error TS1005: ';' expected.
src/scripts/run-screen-reader-tests.ts(192,35): error TS1005: ';' expected.
src/scripts/run-screen-reader-tests.ts(192,48): error TS1005: ';' expected.
src/scripts/run-screen-reader-tests.ts(192,57): error TS1005: ';' expected.
src/scripts/run-screen-reader-tests.ts(192,70): error TS1005: ';' expected.
src/scripts/run-screen-reader-tests.ts(192,91): error TS1161: Unterminated regular expression literal.
src/scripts/run-screen-reader-tests.ts(193,15): error TS1005: ';' expected.
src/scripts/run-screen-reader-tests.ts(193,28): error TS1005: ';' expected.
src/scripts/run-screen-reader-tests.ts(193,40): error TS1005: ';' expected.
src/scripts/run-screen-reader-tests.ts(194,17): error TS1005: '>' expected.
src/scripts/run-screen-reader-tests.ts(194,21): error TS1005: ';' expected.
src/scripts/run-screen-reader-tests.ts(195,18): error TS1005: '>' expected.
src/scripts/run-screen-reader-tests.ts(195,22): error TS1005: ';' expected.
src/scripts/run-screen-reader-tests.ts(195,35): error TS1005: ';' expected.
src/scripts/run-screen-reader-tests.ts(195,59): error TS1005: ';' expected.
src/scripts/run-screen-reader-tests.ts(195,62): error TS1161: Unterminated regular expression literal.
src/scripts/run-screen-reader-tests.ts(196,15): error TS1161: Unterminated regular expression literal.
src/scripts/run-screen-reader-tests.ts(197,17): error TS1005: ';' expected.
src/scripts/run-screen-reader-tests.ts(198,18): error TS1005: '>' expected.
src/scripts/run-screen-reader-tests.ts(198,22): error TS1005: ';' expected.
src/scripts/run-screen-reader-tests.ts(198,35): error TS1005: ';' expected.
src/scripts/run-screen-reader-tests.ts(198,59): error TS1005: ';' expected.
src/scripts/run-screen-reader-tests.ts(198,62): error TS1161: Unterminated regular expression literal.
src/scripts/run-screen-reader-tests.ts(199,15): error TS1161: Unterminated regular expression literal.
src/scripts/run-screen-reader-tests.ts(200,13): error TS1161: Unterminated regular expression literal.
src/scripts/run-screen-reader-tests.ts(201,11): error TS1161: Unterminated regular expression literal.
src/scripts/run-screen-reader-tests.ts(202,9): error TS1161: Unterminated regular expression literal.
src/scripts/run-screen-reader-tests.ts(203,7): error TS1161: Unterminated regular expression literal.
src/scripts/run-screen-reader-tests.ts(205,10): error TS1005: ';' expected.
src/scripts/run-screen-reader-tests.ts(205,20): error TS1005: ';' expected.
src/scripts/run-screen-reader-tests.ts(207,16): error TS1005: '>' expected.
src/scripts/run-screen-reader-tests.ts(207,20): error TS1005: ';' expected.
src/scripts/run-screen-reader-tests.ts(208,16): error TS1005: '>' expected.
src/scripts/run-screen-reader-tests.ts(208,20): error TS1005: ';' expected.
src/scripts/run-screen-reader-tests.ts(209,13): error TS1005: '>' expected.
src/scripts/run-screen-reader-tests.ts(209,25): error TS1005: ';' expected.
src/scripts/run-screen-reader-tests.ts(209,41): error TS1005: ';' expected.
src/scripts/run-screen-reader-tests.ts(209,47): error TS1161: Unterminated regular expression literal.
src/scripts/run-screen-reader-tests.ts(210,9): error TS1161: Unterminated regular expression literal.
src/scripts/run-screen-reader-tests.ts(211,7): error TS1161: Unterminated regular expression literal.
src/scripts/run-screen-reader-tests.ts(218,3): error TS1005: ',' expected.
src/scripts/run-screen-reader-tests.ts(223,13): error TS1005: '>' expected.
src/scripts/run-screen-reader-tests.ts(223,15): error TS1005: ';' expected.
src/scripts/run-screen-reader-tests.ts(223,40): error TS1005: ';' expected.
src/scripts/run-screen-reader-tests.ts(223,48): error TS1161: Unterminated regular expression literal.
src/scripts/run-screen-reader-tests.ts(224,10): error TS1005: ';' expected.
src/scripts/run-screen-reader-tests.ts(224,29): error TS1005: ';' expected.
src/scripts/run-screen-reader-tests.ts(224,38): error TS1005: ';' expected.
src/scripts/run-screen-reader-tests.ts(224,48): error TS1005: ';' expected.
src/scripts/run-screen-reader-tests.ts(224,59): error TS1005: ';' expected.
src/scripts/run-screen-reader-tests.ts(224,68): error TS1110: Type expected.
src/scripts/run-screen-reader-tests.ts(224,69): error TS1161: Unterminated regular expression literal.
src/scripts/run-screen-reader-tests.ts(225,10): error TS1005: ';' expected.
src/scripts/run-screen-reader-tests.ts(225,28): error TS1005: ';' expected.
src/scripts/run-screen-reader-tests.ts(225,37): error TS1005: ';' expected.
src/scripts/run-screen-reader-tests.ts(225,50): error TS1005: ';' expected.
src/scripts/run-screen-reader-tests.ts(225,64): error TS1110: Type expected.
src/scripts/run-screen-reader-tests.ts(225,65): error TS1161: Unterminated regular expression literal.
src/scripts/run-screen-reader-tests.ts(244,3): error TS1005: ',' expected.
src/scripts/run-screen-reader-tests.ts(249,12): error TS1005: '>' expected.
src/scripts/run-screen-reader-tests.ts(249,16): error TS1005: ';' expected.
src/scripts/run-screen-reader-tests.ts(249,25): error TS1005: ';' expected.
src/scripts/run-screen-reader-tests.ts(249,35): error TS1005: ';' expected.
src/scripts/run-screen-reader-tests.ts(250,21): error TS1005: ';' expected.
src/scripts/run-screen-reader-tests.ts(250,24): error TS1434: Unexpected keyword or identifier.
src/scripts/run-screen-reader-tests.ts(250,45): error TS1161: Unterminated regular expression literal.
src/scripts/run-screen-reader-tests.ts(253,15): error TS1005: '>' expected.
src/scripts/run-screen-reader-tests.ts(253,20): error TS1005: ';' expected.
src/scripts/run-screen-reader-tests.ts(253,39): error TS1005: ';' expected.
src/scripts/run-screen-reader-tests.ts(253,43): error TS1161: Unterminated regular expression literal.
src/scripts/run-screen-reader-tests.ts(254,15): error TS1005: ';' expected.
src/scripts/run-screen-reader-tests.ts(254,38): error TS1161: Unterminated regular expression literal.
src/scripts/run-screen-reader-tests.ts(255,15): error TS1005: ';' expected.
src/scripts/run-screen-reader-tests.ts(255,33): error TS1005: ';' expected.
src/scripts/run-screen-reader-tests.ts(255,39): error TS1161: Unterminated regular expression literal.
src/scripts/run-screen-reader-tests.ts(256,15): error TS1005: ';' expected.
src/scripts/run-screen-reader-tests.ts(256,35): error TS1161: Unterminated regular expression literal.
src/scripts/run-screen-reader-tests.ts(257,15): error TS1005: ';' expected.
src/scripts/run-screen-reader-tests.ts(257,36): error TS1161: Unterminated regular expression literal.
src/scripts/run-screen-reader-tests.ts(258,11): error TS1161: Unterminated regular expression literal.
src/scripts/run-screen-reader-tests.ts(259,9): error TS1161: Unterminated regular expression literal.
src/scripts/run-screen-reader-tests.ts(262,25): error TS1161: Unterminated regular expression literal.
src/scripts/run-screen-reader-tests.ts(263,20): error TS1005: ';' expected.
src/scripts/run-screen-reader-tests.ts(263,25): error TS1161: Unterminated regular expression literal.
src/scripts/run-screen-reader-tests.ts(264,27): error TS1161: Unterminated regular expression literal.
src/scripts/run-screen-reader-tests.ts(266,19): error TS1005: '>' expected.
src/scripts/run-screen-reader-tests.ts(266,29): error TS1005: ';' expected.
src/scripts/run-screen-reader-tests.ts(266,53): error TS1127: Invalid character.
src/scripts/run-screen-reader-tests.ts(266,65): error TS1161: Unterminated regular expression literal.
src/scripts/run-screen-reader-tests.ts(267,13): error TS1161: Unterminated regular expression literal.
src/scripts/run-screen-reader-tests.ts(269,21): error TS1005: '>' expected.
src/scripts/run-screen-reader-tests.ts(269,31): error TS1005: ';' expected.
src/scripts/run-screen-reader-tests.ts(269,66): error TS1161: Unterminated regular expression literal.
src/scripts/run-screen-reader-tests.ts(270,21): error TS1005: ';' expected.
src/scripts/run-screen-reader-tests.ts(270,31): error TS1005: ';' expected.
src/scripts/run-screen-reader-tests.ts(270,74): error TS1161: Unterminated regular expression literal.
src/scripts/run-screen-reader-tests.ts(271,13): error TS1161: Unterminated regular expression literal.
src/scripts/run-screen-reader-tests.ts(272,11): error TS1161: Unterminated regular expression literal.
src/scripts/run-screen-reader-tests.ts(274,25): error TS1161: Unterminated regular expression literal.
src/scripts/run-screen-reader-tests.ts(275,20): error TS1005: ';' expected.
src/scripts/run-screen-reader-tests.ts(275,27): error TS1161: Unterminated regular expression literal.
src/scripts/run-screen-reader-tests.ts(276,27): error TS1161: Unterminated regular expression literal.
src/scripts/run-screen-reader-tests.ts(278,19): error TS1005: '>' expected.
src/scripts/run-screen-reader-tests.ts(278,29): error TS1005: ';' expected.
src/scripts/run-screen-reader-tests.ts(278,53): error TS1127: Invalid character.
src/scripts/run-screen-reader-tests.ts(278,64): error TS1161: Unterminated regular expression literal.
src/scripts/run-screen-reader-tests.ts(279,13): error TS1161: Unterminated regular expression literal.
src/scripts/run-screen-reader-tests.ts(281,21): error TS1005: '>' expected.
src/scripts/run-screen-reader-tests.ts(281,31): error TS1005: ';' expected.
src/scripts/run-screen-reader-tests.ts(281,66): error TS1161: Unterminated regular expression literal.
src/scripts/run-screen-reader-tests.ts(282,21): error TS1005: ';' expected.
src/scripts/run-screen-reader-tests.ts(282,31): error TS1005: ';' expected.
src/scripts/run-screen-reader-tests.ts(282,64): error TS1005: ';' expected.
src/scripts/run-screen-reader-tests.ts(282,83): error TS1161: Unterminated regular expression literal.
src/scripts/run-screen-reader-tests.ts(283,13): error TS1161: Unterminated regular expression literal.
src/scripts/run-screen-reader-tests.ts(284,11): error TS1161: Unterminated regular expression literal.
src/scripts/run-screen-reader-tests.ts(285,9): error TS1161: Unterminated regular expression literal.
src/scripts/run-screen-reader-tests.ts(286,7): error TS1161: Unterminated regular expression literal.
src/scripts/run-screen-reader-tests.ts(292,3): error TS1005: ',' expected.
src/scripts/run-screen-reader-tests.ts(305,15): error TS1127: Invalid character.
src/scripts/run-screen-reader-tests.ts(305,26): error TS1005: ',' expected.
src/scripts/run-screen-reader-tests.ts(305,27): error TS1005: ',' expected.
src/scripts/run-screen-reader-tests.ts(305,38): error TS1005: ',' expected.
src/scripts/run-screen-reader-tests.ts(305,47): error TS1005: ',' expected.
src/scripts/run-screen-reader-tests.ts(305,57): error TS1005: ',' expected.
src/scripts/run-screen-reader-tests.ts(305,58): error TS1127: Invalid character.
src/scripts/run-screen-reader-tests.ts(309,26): error TS1005: ',' expected.
src/scripts/run-screen-reader-tests.ts(309,29): error TS1005: ',' expected.
src/scripts/run-screen-reader-tests.ts(310,30): error TS1005: ',' expected.
src/scripts/run-screen-reader-tests.ts(310,33): error TS1005: ',' expected.
src/scripts/run-screen-reader-tests.ts(316,23): error TS1127: Invalid character.
src/scripts/run-screen-reader-tests.ts(316,34): error TS1005: ',' expected.
src/scripts/run-screen-reader-tests.ts(316,41): error TS1005: ',' expected.
src/scripts/run-screen-reader-tests.ts(316,51): error TS1005: ',' expected.
src/scripts/run-screen-reader-tests.ts(318,23): error TS1127: Invalid character.
src/scripts/run-screen-reader-tests.ts(318,34): error TS1005: ',' expected.
src/scripts/run-screen-reader-tests.ts(318,41): error TS1005: ',' expected.
src/scripts/run-screen-reader-tests.ts(318,57): error TS1005: ',' expected.
src/scripts/run-screen-reader-tests.ts(318,66): error TS1005: ',' expected.
src/scripts/run-screen-reader-tests.ts(318,73): error TS1005: ',' expected.
src/scripts/run-screen-reader-tests.ts(318,83): error TS1005: ',' expected.
src/scripts/run-screen-reader-tests.ts(321,28): error TS1005: ',' expected.
src/scripts/run-screen-reader-tests.ts(321,38): error TS1005: ',' expected.
src/scripts/run-screen-reader-tests.ts(321,41): error TS1005: ',' expected.
src/scripts/run-screen-reader-tests.ts(321,47): error TS1005: ',' expected.
src/scripts/run-screen-reader-tests.ts(323,29): error TS1127: Invalid character.
src/scripts/run-screen-reader-tests.ts(323,42): error TS1005: ',' expected.
src/scripts/run-screen-reader-tests.ts(323,45): error TS1005: ',' expected.
src/scripts/run-screen-reader-tests.ts(323,51): error TS1005: ',' expected.
src/scripts/run-screen-reader-tests.ts(324,10): error TS1128: Declaration or statement expected.
src/scripts/run-screen-reader-tests.ts(327,23): error TS1127: Invalid character.
src/scripts/run-screen-reader-tests.ts(327,39): error TS1005: ',' expected.
src/scripts/run-screen-reader-tests.ts(327,42): error TS1005: ',' expected.
src/scripts/run-screen-reader-tests.ts(327,49): error TS1005: ',' expected.
src/scripts/run-screen-reader-tests.ts(329,28): error TS1005: ',' expected.
src/scripts/run-screen-reader-tests.ts(329,41): error TS1005: ',' expected.
src/scripts/run-screen-reader-tests.ts(329,65): error TS1005: ',' expected.
src/scripts/run-screen-reader-tests.ts(332,7): error TS1005: 'try' expected.
src/scripts/run-screen-reader-tests.ts(333,21): error TS1127: Invalid character.
src/scripts/run-screen-reader-tests.ts(333,29): error TS1005: ',' expected.
src/scripts/run-screen-reader-tests.ts(333,32): error TS1005: ',' expected.
src/scripts/run-screen-reader-tests.ts(341,23): error TS1005: ',' expected.
src/scripts/run-screen-reader-tests.ts(341,28): error TS1005: ',' expected.
src/scripts/run-screen-reader-tests.ts(341,31): error TS1005: ',' expected.
src/scripts/run-screen-reader-tests.ts(341,38): error TS1005: ',' expected.
src/scripts/run-screen-reader-tests.ts(342,23): error TS1005: ',' expected.
src/scripts/run-screen-reader-tests.ts(342,26): error TS1005: ',' expected.
src/scripts/run-screen-reader-tests.ts(342,33): error TS1005: ',' expected.
src/scripts/run-screen-reader-tests.ts(343,23): error TS1005: ',' expected.
src/scripts/run-screen-reader-tests.ts(343,26): error TS1005: ',' expected.
src/scripts/run-screen-reader-tests.ts(343,33): error TS1005: ',' expected.
src/scripts/run-screen-reader-tests.ts(344,22): error TS1005: ',' expected.
src/scripts/run-screen-reader-tests.ts(344,26): error TS1005: ',' expected.
src/scripts/run-screen-reader-tests.ts(344,29): error TS1005: ',' expected.
src/scripts/run-screen-reader-tests.ts(344,36): error TS1005: ',' expected.
src/scripts/run-screen-reader-tests.ts(344,66): error TS1109: Expression expected.
src/scripts/run-screen-reader-tests.ts(345,23): error TS1005: ',' expected.
src/scripts/run-screen-reader-tests.ts(345,29): error TS1005: ',' expected.
src/scripts/run-screen-reader-tests.ts(345,32): error TS1005: ',' expected.
src/scripts/run-screen-reader-tests.ts(345,39): error TS1005: ',' expected.
src/scripts/run-screen-reader-tests.ts(346,22): error TS1005: ',' expected.
src/scripts/run-screen-reader-tests.ts(346,30): error TS1005: ',' expected.
src/scripts/run-screen-reader-tests.ts(346,33): error TS1005: ',' expected.
src/scripts/run-screen-reader-tests.ts(346,40): error TS1005: ',' expected.
src/scripts/run-screen-reader-tests.ts(347,24): error TS1005: ',' expected.
src/scripts/run-screen-reader-tests.ts(347,32): error TS1005: ',' expected.
src/scripts/run-screen-reader-tests.ts(347,35): error TS1005: ',' expected.
src/scripts/run-screen-reader-tests.ts(347,42): error TS1005: ',' expected.
src/scripts/run-screen-reader-tests.ts(348,21): error TS1005: ',' expected.
src/scripts/run-screen-reader-tests.ts(348,29): error TS1005: ',' expected.
src/scripts/run-screen-reader-tests.ts(348,32): error TS1005: ',' expected.
src/scripts/run-screen-reader-tests.ts(348,39): error TS1005: ',' expected.
src/scripts/run-screen-reader-tests.ts(353,22): error TS1005: ',' expected.
src/scripts/run-screen-reader-tests.ts(353,29): error TS1005: ',' expected.
src/scripts/run-screen-reader-tests.ts(353,32): error TS1005: ',' expected.
src/scripts/run-screen-reader-tests.ts(353,33): error TS1005: ',' expected.
src/scripts/run-screen-reader-tests.ts(353,36): error TS1005: ',' expected.
src/scripts/run-screen-reader-tests.ts(354,6): error TS1128: Declaration or statement expected.
src/scripts/run-screen-reader-tests.ts(369,71): error TS1005: ',' expected.
src/scripts/run-screen-reader-tests.ts(372,15): error TS1127: Invalid character.
src/scripts/run-screen-reader-tests.ts(372,17): error TS1127: Invalid character.
src/scripts/run-screen-reader-tests.ts(372,29): error TS1005: ',' expected.
src/scripts/run-screen-reader-tests.ts(372,36): error TS1005: ',' expected.
src/scripts/run-screen-reader-tests.ts(372,42): error TS1005: ',' expected.
src/scripts/run-screen-reader-tests.ts(372,44): error TS1005: ',' expected.
src/scripts/run-screen-reader-tests.ts(372,47): error TS1005: ',' expected.
src/scripts/run-screen-reader-tests.ts(375,73): error TS1005: ',' expected.
src/scripts/run-screen-reader-tests.ts(378,15): error TS1127: Invalid character.
src/scripts/run-screen-reader-tests.ts(378,26): error TS1005: ',' expected.
src/scripts/run-screen-reader-tests.ts(378,33): error TS1005: ',' expected.
src/scripts/run-screen-reader-tests.ts(378,39): error TS1005: ',' expected.
src/scripts/run-screen-reader-tests.ts(378,41): error TS1005: ',' expected.
src/scripts/run-screen-reader-tests.ts(378,44): error TS1005: ',' expected.
src/scripts/run-screen-reader-tests.ts(386,18): error TS1127: Invalid character.
src/scripts/run-screen-reader-tests.ts(386,20): error TS1005: ',' expected.
src/scripts/run-screen-reader-tests.ts(386,27): error TS1005: ',' expected.
src/scripts/run-screen-reader-tests.ts(386,34): error TS1005: ',' expected.
src/scripts/run-screen-reader-tests.ts(386,39): error TS1005: ',' expected.
src/scripts/run-screen-reader-tests.ts(386,45): error TS1127: Invalid character.
src/scripts/run-screen-reader-tests.ts(386,47): error TS1127: Invalid character.
src/scripts/run-screen-reader-tests.ts(387,15): error TS1109: Expression expected.
src/scripts/run-screen-reader-tests.ts(387,26): error TS1005: ';' expected.
src/scripts/run-screen-reader-tests.ts(387,27): error TS1109: Expression expected.
src/scripts/run-screen-reader-tests.ts(387,31): error TS1005: ';' expected.
src/scripts/run-screen-reader-tests.ts(387,76): error TS1127: Invalid character.
src/scripts/run-screen-reader-tests.ts(387,78): error TS1127: Invalid character.
src/scripts/run-screen-reader-tests.ts(390,15): error TS1127: Invalid character.
src/scripts/run-screen-reader-tests.ts(390,16): error TS1127: Invalid character.
src/scripts/run-screen-reader-tests.ts(390,18): error TS1005: ';' expected.
src/scripts/run-screen-reader-tests.ts(390,25): error TS1127: Invalid character.
src/scripts/run-screen-reader-tests.ts(390,27): error TS1127: Invalid character.
src/scripts/run-screen-reader-tests.ts(391,15): error TS17006: An unary expression with the '-' operator is not allowed in the left-hand side of an exponentiation expression. Consider enclosing the expression in parentheses.
src/scripts/run-screen-reader-tests.ts(391,17): error TS1109: Expression expected.
src/scripts/run-screen-reader-tests.ts(391,25): error TS1005: ';' expected.
src/scripts/run-screen-reader-tests.ts(391,31): error TS1109: Expression expected.
src/scripts/run-screen-reader-tests.ts(391,35): error TS1005: ';' expected.
src/scripts/run-screen-reader-tests.ts(391,55): error TS1127: Invalid character.
src/scripts/run-screen-reader-tests.ts(392,15): error TS17006: An unary expression with the '-' operator is not allowed in the left-hand side of an exponentiation expression. Consider enclosing the expression in parentheses.
src/scripts/run-screen-reader-tests.ts(392,17): error TS1109: Expression expected.
src/scripts/run-screen-reader-tests.ts(392,25): error TS1005: ';' expected.
src/scripts/run-screen-reader-tests.ts(392,26): error TS1109: Expression expected.
src/scripts/run-screen-reader-tests.ts(392,30): error TS1005: ';' expected.
src/scripts/run-screen-reader-tests.ts(392,51): error TS1127: Invalid character.
src/scripts/run-screen-reader-tests.ts(393,15): error TS17006: An unary expression with the '-' operator is not allowed in the left-hand side of an exponentiation expression. Consider enclosing the expression in parentheses.
src/scripts/run-screen-reader-tests.ts(393,17): error TS1109: Expression expected.
src/scripts/run-screen-reader-tests.ts(393,25): error TS1005: ';' expected.
src/scripts/run-screen-reader-tests.ts(393,26): error TS1109: Expression expected.
src/scripts/run-screen-reader-tests.ts(393,30): error TS1005: ';' expected.
src/scripts/run-screen-reader-tests.ts(393,51): error TS1127: Invalid character.
src/scripts/run-screen-reader-tests.ts(394,15): error TS17006: An unary expression with the '-' operator is not allowed in the left-hand side of an exponentiation expression. Consider enclosing the expression in parentheses.
src/scripts/run-screen-reader-tests.ts(394,17): error TS1109: Expression expected.
src/scripts/run-screen-reader-tests.ts(394,24): error TS1005: ';' expected.
src/scripts/run-screen-reader-tests.ts(394,29): error TS1109: Expression expected.
src/scripts/run-screen-reader-tests.ts(394,33): error TS1005: ';' expected.
src/scripts/run-screen-reader-tests.ts(394,62): error TS1109: Expression expected.
src/scripts/run-screen-reader-tests.ts(394,63): error TS1127: Invalid character.
src/scripts/run-screen-reader-tests.ts(395,15): error TS17006: An unary expression with the '-' operator is not allowed in the left-hand side of an exponentiation expression. Consider enclosing the expression in parentheses.
src/scripts/run-screen-reader-tests.ts(395,17): error TS1109: Expression expected.
src/scripts/run-screen-reader-tests.ts(395,25): error TS1005: ';' expected.
src/scripts/run-screen-reader-tests.ts(395,32): error TS1109: Expression expected.
src/scripts/run-screen-reader-tests.ts(395,36): error TS1005: ';' expected.
src/scripts/run-screen-reader-tests.ts(395,57): error TS1127: Invalid character.
src/scripts/run-screen-reader-tests.ts(395,59): error TS1127: Invalid character.
src/scripts/run-screen-reader-tests.ts(398,15): error TS1127: Invalid character.
src/scripts/run-screen-reader-tests.ts(398,16): error TS1127: Invalid character.
src/scripts/run-screen-reader-tests.ts(398,17): error TS1127: Invalid character.
src/scripts/run-screen-reader-tests.ts(398,19): error TS1005: ';' expected.
src/scripts/run-screen-reader-tests.ts(398,26): error TS1434: Unexpected keyword or identifier.
src/scripts/run-screen-reader-tests.ts(398,37): error TS1127: Invalid character.
src/scripts/run-screen-reader-tests.ts(398,39): error TS1127: Invalid character.
src/scripts/run-screen-reader-tests.ts(399,15): error TS17006: An unary expression with the '-' operator is not allowed in the left-hand side of an exponentiation expression. Consider enclosing the expression in parentheses.
src/scripts/run-screen-reader-tests.ts(399,17): error TS1109: Expression expected.
src/scripts/run-screen-reader-tests.ts(399,23): error TS1005: ';' expected.
src/scripts/run-screen-reader-tests.ts(399,24): error TS1109: Expression expected.
src/scripts/run-screen-reader-tests.ts(399,28): error TS1005: ';' expected.
src/scripts/run-screen-reader-tests.ts(399,59): error TS1127: Invalid character.
src/scripts/run-screen-reader-tests.ts(400,15): error TS17006: An unary expression with the '-' operator is not allowed in the left-hand side of an exponentiation expression. Consider enclosing the expression in parentheses.
src/scripts/run-screen-reader-tests.ts(400,17): error TS1109: Expression expected.
src/scripts/run-screen-reader-tests.ts(400,25): error TS1005: ';' expected.
src/scripts/run-screen-reader-tests.ts(400,26): error TS1109: Expression expected.
src/scripts/run-screen-reader-tests.ts(400,30): error TS1005: ';' expected.
src/scripts/run-screen-reader-tests.ts(400,63): error TS1127: Invalid character.
src/scripts/run-screen-reader-tests.ts(401,15): error TS17006: An unary expression with the '-' operator is not allowed in the left-hand side of an exponentiation expression. Consider enclosing the expression in parentheses.
src/scripts/run-screen-reader-tests.ts(401,17): error TS1109: Expression expected.
src/scripts/run-screen-reader-tests.ts(401,22): error TS1005: ';' expected.
src/scripts/run-screen-reader-tests.ts(401,23): error TS1109: Expression expected.
src/scripts/run-screen-reader-tests.ts(401,27): error TS1005: ';' expected.
src/scripts/run-screen-reader-tests.ts(401,57): error TS1127: Invalid character.
src/scripts/run-screen-reader-tests.ts(401,59): error TS1127: Invalid character.
src/scripts/run-screen-reader-tests.ts(405,17): error TS1127: Invalid character.
src/scripts/run-screen-reader-tests.ts(405,18): error TS1127: Invalid character.
src/scripts/run-screen-reader-tests.ts(405,19): error TS1127: Invalid character.
src/scripts/run-screen-reader-tests.ts(405,21): error TS1005: ';' expected.
src/scripts/run-screen-reader-tests.ts(405,28): error TS1434: Unexpected keyword or identifier.
src/scripts/run-screen-reader-tests.ts(405,31): error TS1435: Unknown keyword or identifier. Did you mean 'type'?
src/scripts/run-screen-reader-tests.ts(405,35): error TS1127: Invalid character.
src/scripts/run-screen-reader-tests.ts(405,35): error TS1128: Declaration or statement expected.
src/scripts/run-screen-reader-tests.ts(405,37): error TS1127: Invalid character.
src/scripts/run-screen-reader-tests.ts(407,19): error TS17006: An unary expression with the '-' operator is not allowed in the left-hand side of an exponentiation expression. Consider enclosing the expression in parentheses.
src/scripts/run-screen-reader-tests.ts(407,21): error TS1109: Expression expected.
src/scripts/run-screen-reader-tests.ts(407,24): error TS1005: ';' expected.
src/scripts/run-screen-reader-tests.ts(407,30): error TS1128: Declaration or statement expected.
src/scripts/run-screen-reader-tests.ts(407,31): error TS1109: Expression expected.
src/scripts/run-screen-reader-tests.ts(407,35): error TS1005: ';' expected.
src/scripts/run-screen-reader-tests.ts(407,42): error TS1127: Invalid character.
src/scripts/run-screen-reader-tests.ts(409,17): error TS1127: Invalid character.
src/scripts/run-screen-reader-tests.ts(412,15): error TS1127: Invalid character.
src/scripts/run-screen-reader-tests.ts(412,16): error TS1127: Invalid character.
src/scripts/run-screen-reader-tests.ts(412,18): error TS1005: ';' expected.
src/scripts/run-screen-reader-tests.ts(412,30): error TS1127: Invalid character.
src/scripts/run-screen-reader-tests.ts(412,32): error TS1127: Invalid character.
src/scripts/run-screen-reader-tests.ts(415,17): error TS1127: Invalid character.
src/scripts/run-screen-reader-tests.ts(415,18): error TS1127: Invalid character.
src/scripts/run-screen-reader-tests.ts(415,19): error TS1127: Invalid character.
src/scripts/run-screen-reader-tests.ts(415,21): error TS1005: ';' expected.
src/scripts/run-screen-reader-tests.ts(415,43): error TS1005: ';' expected.
src/scripts/run-screen-reader-tests.ts(415,51): error TS1127: Invalid character.
src/scripts/run-screen-reader-tests.ts(415,53): error TS1127: Invalid character.
src/scripts/run-screen-reader-tests.ts(416,17): error TS17006: An unary expression with the '-' operator is not allowed in the left-hand side of an exponentiation expression. Consider enclosing the expression in parentheses.
src/scripts/run-screen-reader-tests.ts(416,19): error TS1109: Expression expected.
src/scripts/run-screen-reader-tests.ts(416,30): error TS1005: ';' expected.
src/scripts/run-screen-reader-tests.ts(416,31): error TS1109: Expression expected.
src/scripts/run-screen-reader-tests.ts(416,35): error TS1005: ';' expected.
src/scripts/run-screen-reader-tests.ts(416,53): error TS1127: Invalid character.
src/scripts/run-screen-reader-tests.ts(417,17): error TS17006: An unary expression with the '-' operator is not allowed in the left-hand side of an exponentiation expression. Consider enclosing the expression in parentheses.
src/scripts/run-screen-reader-tests.ts(417,19): error TS1109: Expression expected.
src/scripts/run-screen-reader-tests.ts(417,29): error TS1005: ';' expected.
src/scripts/run-screen-reader-tests.ts(417,30): error TS1109: Expression expected.
src/scripts/run-screen-reader-tests.ts(417,34): error TS1005: ';' expected.
src/scripts/run-screen-reader-tests.ts(417,53): error TS1127: Invalid character.
src/scripts/run-screen-reader-tests.ts(420,19): error TS17006: An unary expression with the '-' operator is not allowed in the left-hand side of an exponentiation expression. Consider enclosing the expression in parentheses.
src/scripts/run-screen-reader-tests.ts(420,21): error TS1109: Expression expected.
src/scripts/run-screen-reader-tests.ts(420,29): error TS1005: ';' expected.
src/scripts/run-screen-reader-tests.ts(420,30): error TS1109: Expression expected.
src/scripts/run-screen-reader-tests.ts(420,34): error TS1005: ';' expected.
src/scripts/run-screen-reader-tests.ts(420,56): error TS1127: Invalid character.
src/scripts/run-screen-reader-tests.ts(420,58): error TS1127: Invalid character.
src/scripts/run-screen-reader-tests.ts(422,21): error TS1127: Invalid character.
src/scripts/run-screen-reader-tests.ts(422,22): error TS1127: Invalid character.
src/scripts/run-screen-reader-tests.ts(422,23): error TS1127: Invalid character.
src/scripts/run-screen-reader-tests.ts(422,24): error TS1127: Invalid character.
src/scripts/run-screen-reader-tests.ts(422,26): error TS1005: ';' expected.
src/scripts/run-screen-reader-tests.ts(422,57): error TS1128: Declaration or statement expected.
src/scripts/run-screen-reader-tests.ts(422,59): error TS1434: Unexpected keyword or identifier.
src/scripts/run-screen-reader-tests.ts(422,75): error TS1127: Invalid character.
src/scripts/run-screen-reader-tests.ts(422,77): error TS1127: Invalid character.
src/scripts/run-screen-reader-tests.ts(423,21): error TS17006: An unary expression with the '-' operator is not allowed in the left-hand side of an exponentiation expression. Consider enclosing the expression in parentheses.
src/scripts/run-screen-reader-tests.ts(423,23): error TS1109: Expression expected.
src/scripts/run-screen-reader-tests.ts(423,30): error TS1005: ';' expected.
src/scripts/run-screen-reader-tests.ts(423,40): error TS1109: Expression expected.
src/scripts/run-screen-reader-tests.ts(423,44): error TS1005: ';' expected.
src/scripts/run-screen-reader-tests.ts(423,65): error TS1127: Invalid character.
src/scripts/run-screen-reader-tests.ts(425,23): error TS17006: An unary expression with the '-' operator is not allowed in the left-hand side of an exponentiation expression. Consider enclosing the expression in parentheses.
src/scripts/run-screen-reader-tests.ts(425,25): error TS1109: Expression expected.
src/scripts/run-screen-reader-tests.ts(425,37): error TS1005: ';' expected.
src/scripts/run-screen-reader-tests.ts(425,38): error TS1109: Expression expected.
src/scripts/run-screen-reader-tests.ts(425,42): error TS1005: ';' expected.
src/scripts/run-screen-reader-tests.ts(425,60): error TS1127: Invalid character.
src/scripts/run-screen-reader-tests.ts(426,21): error TS1127: Invalid character.
src/scripts/run-screen-reader-tests.ts(427,8): error TS1128: Declaration or statement expected.
src/scripts/run-screen-reader-tests.ts(430,19): error TS1127: Invalid character.
src/scripts/run-screen-reader-tests.ts(430,20): error TS1127: Invalid character.
src/scripts/run-screen-reader-tests.ts(430,21): error TS1127: Invalid character.
src/scripts/run-screen-reader-tests.ts(430,22): error TS1127: Invalid character.
src/scripts/run-screen-reader-tests.ts(430,24): error TS1005: ';' expected.
src/scripts/run-screen-reader-tests.ts(430,31): error TS1434: Unexpected keyword or identifier.
src/scripts/run-screen-reader-tests.ts(430,51): error TS1127: Invalid character.
src/scripts/run-screen-reader-tests.ts(430,53): error TS1127: Invalid character.
src/scripts/run-screen-reader-tests.ts(432,21): error TS17006: An unary expression with the '-' operator is not allowed in the left-hand side of an exponentiation expression. Consider enclosing the expression in parentheses.
src/scripts/run-screen-reader-tests.ts(432,23): error TS1109: Expression expected.
src/scripts/run-screen-reader-tests.ts(432,26): error TS1005: ';' expected.
src/scripts/run-screen-reader-tests.ts(432,63): error TS1128: Declaration or statement expected.
src/scripts/run-screen-reader-tests.ts(432,64): error TS1109: Expression expected.
src/scripts/run-screen-reader-tests.ts(432,89): error TS1127: Invalid character.
src/scripts/run-screen-reader-tests.ts(434,19): error TS1127: Invalid character.
src/scripts/run-screen-reader-tests.ts(435,4): error TS1128: Declaration or statement expected.
src/scripts/run-screen-reader-tests.ts(439,17): error TS1127: Invalid character.
src/scripts/run-screen-reader-tests.ts(439,18): error TS1127: Invalid character.
src/scripts/run-screen-reader-tests.ts(439,20): error TS1005: ';' expected.
src/scripts/run-screen-reader-tests.ts(439,35): error TS1127: Invalid character.
src/scripts/run-screen-reader-tests.ts(439,37): error TS1127: Invalid character.
src/scripts/run-screen-reader-tests.ts(441,20): error TS1005: ';' expected.
src/scripts/run-screen-reader-tests.ts(441,31): error TS1128: Declaration or statement expected.
src/scripts/run-screen-reader-tests.ts(441,33): error TS1434: Unexpected keyword or identifier.
src/scripts/run-screen-reader-tests.ts(441,39): error TS1127: Invalid character.
src/scripts/run-screen-reader-tests.ts(443,17): error TS1127: Invalid character.
src/scripts/run-screen-reader-tests.ts(471,5): error TS1005: 'try' expected.
src/scripts/run-screen-reader-tests.ts(481,2): error TS1005: '}' expected.
src/scripts/test-screen-reader-setup.js(2,1): error TS18026: '#!' can only be used at the start of a file.
src/scripts/test-screen-reader-setup.js(2,16): error TS1005: ';' expected.
src/services/__tests__/toastService.test.ts(207,8): error TS1128: Declaration or statement expected.
src/services/__tests__/toastService.test.ts(212,14): error TS1005: ',' expected.
src/services/__tests__/toastService.test.ts(338,1): error TS1128: Declaration or statement expected.
src/services/authService.ts(17,3): error TS1005: '{' expected.
src/services/authService.ts(18,9): error TS1109: Expression expected.
src/services/authService.ts(19,9): error TS1109: Expression expected.
src/services/authService.ts(22,1): error TS1128: Declaration or statement expected.
src/services/authService.ts(25,2): error TS1131: Property or signature expected.
src/services/authService.ts(30,3): error TS1005: '{' expected.
src/services/authService.ts(31,8): error TS1109: Expression expected.
src/services/authService.ts(32,9): error TS1109: Expression expected.
src/services/authService.ts(33,17): error TS1005: ',' expected.
src/services/authService.ts(34,20): error TS1005: ',' expected.
src/services/authService.ts(35,6): error TS1109: Expression expected.
src/services/authService.ts(35,7): error TS1005: ':' expected.
src/services/authService.ts(40,3): error TS1128: Declaration or statement expected.
src/services/authService.ts(43,31): error TS1005: ';' expected.
src/services/authService.ts(43,36): error TS1005: ';' expected.
src/services/authService.ts(43,38): error TS1002: Unterminated string literal.
src/services/authService.ts(44,3): error TS1128: Declaration or statement expected.
src/services/authService.ts(46,3): error TS1128: Declaration or statement expected.
src/services/authService.ts(46,11): error TS1434: Unexpected keyword or identifier.
src/services/authService.ts(47,13): error TS1005: ',' expected.
src/services/authService.ts(49,4): error TS1005: ';' expected.
src/services/authService.ts(50,11): error TS1005: ':' expected.
src/services/authService.ts(50,46): error TS1005: ',' expected.
src/services/authService.ts(52,5): error TS1005: ',' expected.
src/services/authService.ts(52,7): error TS1109: Expression expected.
src/services/authService.ts(53,21): error TS1005: ';' expected.
src/services/authService.ts(53,35): error TS1002: Unterminated string literal.
src/services/authService.ts(57,5): error TS1434: Unexpected keyword or identifier.
src/services/authService.ts(211,64): error TS1160: Unterminated template literal.
src/services/performanceMetrics.ts(93,3): error TS1128: Declaration or statement expected.
src/services/performanceMetrics.ts(121,3): error TS1128: Declaration or statement expected.
src/services/performanceMetrics.ts(353,1): error TS1434: Unexpected keyword or identifier.
src/services/performanceMetrics.ts(353,8): error TS1434: Unexpected keyword or identifier.
src/services/performanceMetrics.ts(353,35): error TS1005: '}' expected.
src/serviceWorkerTest.ts(69,3): error TS1005: '}' expected.
src/utils/__tests__/lazyLoading.test.tsx(21,9): error TS1005: '}' expected.
src/utils/__tests__/lazyLoading.test.tsx(21,16): error TS1003: Identifier expected.
src/utils/__tests__/lazyLoading.test.tsx(28,25): error TS1382: Unexpected token. Did you mean `{'>'}` or `&gt;`?
src/utils/__tests__/lazyLoading.test.tsx(29,73): error TS1005: '}' expected.
src/utils/__tests__/lazyLoading.test.tsx(31,7): error TS1381: Unexpected token. Did you mean `{'}'}` or `&rbrace;`?
src/utils/__tests__/lazyLoading.test.tsx(32,5): error TS1381: Unexpected token. Did you mean `{'}'}` or `&rbrace;`?
src/utils/__tests__/lazyLoading.test.tsx(33,3): error TS1381: Unexpected token. Did you mean `{'}'}` or `&rbrace;`?
src/utils/__tests__/lazyLoading.test.tsx(35,29): error TS1382: Unexpected token. Did you mean `{'>'}` or `&gt;`?
src/utils/__tests__/lazyLoading.test.tsx(46,7): error TS1005: '}' expected.
src/utils/__tests__/lazyLoading.test.tsx(48,53): error TS1382: Unexpected token. Did you mean `{'>'}` or `&gt;`?
src/utils/__tests__/lazyLoading.test.tsx(55,8): error TS1005: '}' expected.
src/utils/__tests__/lazyLoading.test.tsx(58,59): error TS1005: '}' expected.
src/utils/__tests__/lazyLoading.test.tsx(58,66): error TS1381: Unexpected token. Did you mean `{'}'}` or `&rbrace;`?
src/utils/__tests__/lazyLoading.test.tsx(60,5): error TS1381: Unexpected token. Did you mean `{'}'}` or `&rbrace;`?
src/utils/__tests__/lazyLoading.test.tsx(62,59): error TS1382: Unexpected token. Did you mean `{'>'}` or `&gt;`?
src/utils/__tests__/lazyLoading.test.tsx(63,7): error TS1109: Expression expected.
src/utils/__tests__/lazyLoading.test.tsx(63,33): error TS1382: Unexpected token. Did you mean `{'>'}` or `&gt;`?
src/utils/__tests__/lazyLoading.test.tsx(74,5): error TS1381: Unexpected token. Did you mean `{'}'}` or `&rbrace;`?
src/utils/__tests__/lazyLoading.test.tsx(75,3): error TS1381: Unexpected token. Did you mean `{'}'}` or `&rbrace;`?
src/utils/__tests__/lazyLoading.test.tsx(77,40): error TS1382: Unexpected token. Did you mean `{'>'}` or `&gt;`?
src/utils/__tests__/lazyLoading.test.tsx(82,9): error TS1005: '}' expected.
src/utils/__tests__/lazyLoading.test.tsx(82,11): error TS17002: Expected corresponding JSX closing tag for 'React.Suspense'.
src/utils/__tests__/lazyLoading.test.tsx(95,1): error TS1128: Declaration or statement expected.
src/utils/__tests__/validationAnimations.test.ts(40,8): error TS1128: Declaration or statement expected.
src/utils/__tests__/validationAnimations.test.ts(54,8): error TS1128: Declaration or statement expected.
src/utils/__tests__/validationAnimations.test.ts(76,8): error TS1128: Declaration or statement expected.
src/utils/__tests__/validationAnimations.test.ts(92,8): error TS1128: Declaration or statement expected.
src/utils/__tests__/validationAnimations.test.ts(174,7): error TS1005: ',' expected.
src/utils/__tests__/validationAnimations.test.ts(180,7): error TS1005: ',' expected.
src/utils/__tests__/validationAnimations.test.ts(186,7): error TS1005: ',' expected.
src/utils/__tests__/validationAnimations.test.ts(215,1): error TS1128: Declaration or statement expected.
src/utils/__tests__/validationAnimations.test.ts(216,1): error TS1128: Declaration or statement expected.
